[4mRunning "clean:server" (clean) task[24m
Cleaning .tmp...[32mOK[39m

[4mRunning "concurrent:test" (concurrent) task[24m
    
    [4mRunning "copy:styles" (copy) task[24m
    Copied [36m1[39m files
    
    [32mDone, without errors.[39m
    
    
    Execution Time (2014-12-24 20:28:54 UTC)
    loading tasks  3ms  ▇▇▇▇▇▇▇▇▇▇▇▇▇▇▇ 30%
    copy:styles    7ms  ▇▇▇▇▇▇▇▇▇▇▇▇▇▇▇▇▇▇▇▇▇▇▇▇▇▇▇▇▇▇▇▇▇ 70%
    Total 10ms
    
[4mRunning "autoprefixer:dist" (autoprefixer) task[24m
File .tmp/styles/main.css created.

[4mRunning "connect:test" (connect) task[24m
Started connect web server on http://localhost:9001

[4mRunning "karma:unit" (karma) task[24m
[32mINFO [karma]: [39mKarma v0.12.28 server started at http://localhost:8080/
[32mINFO [launcher]: [39mStarting browser PhantomJS
[33mWARN [watcher]: [39mPattern "/home/maxeemus/projects/angular/yotest/test/mock/**/*.js" does not match any file.
[32mINFO [PhantomJS 1.9.8 (Linux)]: [39mConnected on socket Kwghp745biM_rCj7_Ofv with id 177927
PhantomJS 1.9.8 (Linux): Executed 0 of 3[32m SUCCESS[39m (0 secs / 0 secs)
[1A[2K[31mPhantomJS 1.9.8 (Linux) Controller: AboutCtrl should attach a list of awesomeThings to the scope FAILED[39m
	Error: [$injector:modulerr] Failed to instantiate module uiGmapgoogle-maps due to:
	Error: [$injector:nomod] Module 'uiGmapgoogle-maps' is not available! You either misspelled the module name or forgot to load it. If registering a module ensure that you specify the dependencies as the second argument.
	http://errors.angularjs.org/1.3.8/$injector/nomod?p0=uiGmapgoogle-maps
	    at /home/maxeemus/projects/angular/yotest/bower_components/angular/angular.js:1766
	    at ensure (/home/maxeemus/projects/angular/yotest/bower_components/angular/angular.js:1688)
	    at module (/home/maxeemus/projects/angular/yotest/bower_components/angular/angular.js:1984)
	    at /home/maxeemus/projects/angular/yotest/bower_components/angular/angular.js:4094
	    at forEach (/home/maxeemus/projects/angular/yotest/bower_components/angular/angular.js:323)
	    at loadModules (/home/maxeemus/projects/angular/yotest/bower_components/angular/angular.js:4120)
	    at createInjector (/home/maxeemus/projects/angular/yotest/bower_components/angular/angular.js:4004)
	    at workFn (/home/maxeemus/projects/angular/yotest/bower_components/angular-mocks/angular-mocks.js:2339)
	    at /home/maxeemus/projects/angular/yotest/node_modules/karma-jasmine/lib/boot.js:126
	    at /home/maxeemus/projects/angular/yotest/node_modules/karma-jasmine/lib/adapter.js:184
	    at http://localhost:8080/karma.js:185
	    at http://localhost:8080/context.html:63
	http://errors.angularjs.org/1.3.8/$injector/modulerr?p0=uiGmapgoogle-maps&p1=Error%3A%20%5B%24injector%3Anomod%5D%20Module%20'uiGmapgoogle-maps'%20is%20not%20available!%20You%20either%20misspelled%20the%20module%20name%20or%20forgot%20to%20load%20it.%20If%20registering%20a%20module%20ensure%20that%20you%20specify%20the%20dependencies%20as%20the%20second%20argument.%0Ahttp%3A%2F%2Ferrors.angularjs.org%2F1.3.8%2F%24injector%2Fnomod%3Fp0%3DuiGmapgoogle-maps%0A%20%20%20%20at%20http%3A%2F%2Flocalhost%3A8080%2Fbase%2Fbower_components%2Fangular%2Fangular.js%3Febb86f089066f7089a249e390e64bcab67622158%3A1766%0A%20%20%20%20at%20ensure%20(http%3A%2F%2Flocalhost%3A8080%2Fbase%2Fbower_components%2Fangular%2Fangular.js%3Febb86f089066f7089a249e390e64bcab67622158%3A1688)%0A%20%20%20%20at%20module%20(http%3A%2F%2Flocalhost%3A8080%2Fbase%2Fbower_components%2Fangular%2Fangular.js%3Febb86f089066f7089a249e390e64bcab67622158%3A1984)%0A%20%20%20%20at%20http%3A%2F%2Flocalhost%3A8080%2Fbase%2Fbower_components%2Fangular%2Fangular.js%3Febb86f089066f7089a249e390e64bcab67622158%3A4094%0A%20%20%20%20at%20forEach%20(http%3A%2F%2Flocalhost%3A8080%2Fbase%2Fbower_components%2Fangular%2Fangular.js%3Febb86f089066f7089a249e390e64bcab67622158%3A323)%0A%20%20%20%20at%20loadModules%20(http%3A%2F%2Flocalhost%3A8080%2Fbase%2Fbower_components%2Fangular%2Fangular.js%3Febb86f089066f7089a249e390e64bcab67622158%3A4120)%0A%20%20%20%20at%20createInjector%20(http%3A%2F%2Flocalhost%3A8080%2Fbase%2Fbower_components%2Fangular%2Fangular.js%3Febb86f089066f7089a249e390e64bcab67622158%3A4004)%0A%20%20%20%20at%20workFn%20(http%3A%2F%2Flocalhost%3A8080%2Fbase%2Fbower_components%2Fangular-mocks%2Fangular-mocks.js%3Fb01a9cf8de7de4def103da067347cb07fe247c96%3A2339)%0A%20%20%20%20at%20attemptSync%20(http%3A%2F%2Flocalhost%3A8080%2Fbase%2Fnode_modules%2Fjasmine-core%2Flib%2Fjasmine-core%2Fjasmine.js%3Faa6ac7a9fb8b473d3e2ca231cd383b00a811ec49%3A1759)%0A%20%20%20%20at%20http%3A%2F%2Flocalhost%3A8080%2Fbase%2Fnode_modules%2Fjasmine-core%2Flib%2Fjasmine-core%2Fjasmine.js%3Faa6ac7a9fb8b473d3e2ca231cd383b00a811ec49%3A1747%0A%20%20%20%20at%20http%3A%2F%2Flocalhost%3A8080%2Fbase%2Fnode_modules%2Fjasmine-core%2Flib%2Fjasmine-core%2Fjasmine.js%3Faa6ac7a9fb8b473d3e2ca231cd383b00a811ec49%3A1733%0A%20%20%20%20at%20http%3A%2F%2Flocalhost%3A8080%2Fbase%2Fnode_modules%2Fjasmine-core%2Flib%2Fjasmine-core%2Fjasmine.js%3Faa6ac7a9fb8b473d3e2ca231cd383b00a811ec49%3A569%0A%20%20%20%20at%20http%3A%2F%2Flocalhost%3A8080%2Fbase%2Fnode_modules%2Fjasmine-core%2Flib%2Fjasmine-core%2Fjasmine.js%3Faa6ac7a9fb8b473d3e2ca231cd383b00a811ec49%3A322%0A%20%20%20%20at%20http%3A%2F%2Flocalhost%3A8080%2Fbase%2Fnode_modules%2Fjasmine-core%2Flib%2Fjasmine-core%2Fjasmine.js%3Faa6ac7a9fb8b473d3e2ca231cd383b00a811ec49%3A2072%0A%20%20%20%20at%20attemptAsync%20(http%3A%2F%2Flocalhost%3A8080%2Fbase%2Fnode_modules%2Fjasmine-core%2Flib%2Fjasmine-core%2Fjasmine.js%3Faa6ac7a9fb8b473d3e2ca231cd383b00a811ec49%3A1789)%0A%20%20%20%20at%20http%3A%2F%2Flocalhost%3A8080%2Fbase%2Fnode_modules%2Fjasmine-core%2Flib%2Fjasmine-core%2Fjasmine.js%3Faa6ac7a9fb8b473d3e2ca231cd383b00a811ec49%3A1745%0A%20%20%20%20at%20http%3A%2F%2Flocalhost%3A8080%2Fbase%2Fnode_modules%2Fjasmine-core%2Flib%2Fjasmine-core%2Fjasmine.js%3Faa6ac7a9fb8b473d3e2ca231cd383b00a811ec49%3A1733%0A%20%20%20%20at%20http%3A%2F%2Flocalhost%3A8080%2Fbase%2Fnode_modules%2Fjasmine-core%2Flib%2Fjasmine-core%2Fjasmine.js%3Faa6ac7a9fb8b473d3e2ca231cd383b00a811ec49%3A569%0A%20%20%20%20at%20http%3A%2F%2Flocalhost%3A8080%2Fbase%2Fnode_modules%2Fjasmine-core%2Flib%2Fjasmine-core%2Fjasmine.js%3Faa6ac7a9fb8b473d3e2ca231cd383b00a811ec49%3A2059%0A%20%20%20%20at%20http%3A%2F%2Flocalhost%3A8080%2Fbase%2Fnode_modules%2Fjasmine-core%2Flib%2Fjasmine-core%2Fjasmine.js%3Faa6ac7a9fb8b473d3e2ca231cd383b00a811ec49%3A2072%0A%20%20%20%20at%20attemptAsync%20(http%3A%2F%2Flocalhost%3A8080%2Fbase%2Fnode_modules%2Fjasmine-core%2Flib%2Fjasmine-core%2Fjasmine.js%3Faa6ac7a9fb8b473d3e2ca231cd383b00a811ec49%3A1789)%0A%20%20%20%20at%20http%3A%2F%2Flocalhost%3A8080%2Fbase%2Fnode_modules%2Fjasmine-core%2Flib%2Fjasmine-core%2Fjasmine.js%3Faa6ac7a9fb8b473d3e2ca231cd383b00a811ec49%3A1745%0A%20%20%20%20at%20http%3A%2F%2Flocalhost%3A8080%2Fbase%2Fnode_modules%2Fjasmine-core%2Flib%2Fjasmine-core%2Fjasmine.js%3Faa6ac7a9fb8b473d3e2ca231cd383b00a811ec49%3A1733%0A%20%20%20%20at%20http%3A%2F%2Flocalhost%3A8080%2Fbase%2Fnode_modules%2Fjasmine-core%2Flib%2Fjasmine-core%2Fjasmine.js%3Faa6ac7a9fb8b473d3e2ca231cd383b00a811ec49%3A569%0A%20%20%20%20at%20http%3A%2F%2Flocalhost%3A8080%2Fbase%2Fnode_modules%2Fjasmine-core%2Flib%2Fjasmine-core%2Fjasmine.js%3Faa6ac7a9fb8b473d3e2ca231cd383b00a811ec49%3A2059%0A%20%20%20%20at%20http%3A%2F%2Flocalhost%3A8080%2Fbase%2Fnode_modules%2Fjasmine-core%2Flib%2Fjasmine-core%2Fjasmine.js%3Faa6ac7a9fb8b473d3e2ca231cd383b00a811ec49%3A599%0A%20%20%20%20at%20attemptAsync%20(http%3A%2F%2Flocalhost%3A8080%2Fbase%2Fnode_modules%2Fjasmine-core%2Flib%2Fjasmine-core%2Fjasmine.js%3Faa6ac7a9fb8b473d3e2ca231cd383b00a811ec49%3A1789)%0A%20%20%20%20at%20http%3A%2F%2Flocalhost%3A8080%2Fbase%2Fnode_modules%2Fjasmine-core%2Flib%2Fjasmine-core%2Fjasmine.js%3Faa6ac7a9fb8b473d3e2ca231cd383b00a811ec49%3A1745%0A%20%20%20%20at%20http%3A%2F%2Flocalhost%3A8080%2Fbase%2Fnode_modules%2Fjasmine-core%2Flib%2Fjasmine-core%2Fjasmine.js%3Faa6ac7a9fb8b473d3e2ca231cd383b00a811ec49%3A1733%0A%20%20%20%20at%20http%3A%2F%2Flocalhost%3A8080%2Fbase%2Fnode_modules%2Fjasmine-core%2Flib%2Fjasmine-core%2Fjasmine.js%3Faa6ac7a9fb8b473d3e2ca231cd383b00a811ec49%3A569%0A%20%20%20%20at%20http%3A%2F%2Flocalhost%3A8080%2Fbase%2Fnode_modules%2Fjasmine-core%2Flib%2Fjasmine-core%2Fjasmine.js%3Faa6ac7a9fb8b473d3e2ca231cd383b00a811ec49%3A606%0A%20%20%20%20at%20http%3A%2F%2Flocalhost%3A8080%2Fbase%2Fnode_modules%2Fkarma-jasmine%2Flib%2Fboot.js%3F925440973c97e93b99c71f4b1091e4ef4a713597%3A126%0A%20%20%20%20at%20http%3A%2F%2Flocalhost%3A8080%2Fbase%2Fnode_modules%2Fkarma-jasmine%2Flib%2Fadapter.js%3Ff5bb63f803b8f4d472730641a2929add290ec98e%3A184%0A%20%20%20%20at%20http%3A%2F%2Flocalhost%3A8080%2Fkarma.js%3A185%0A%20%20%20%20at%20http%3A%2F%2Flocalhost%3A8080%2Fcontext.html%3A63
	    at /home/maxeemus/projects/angular/yotest/bower_components/angular/angular.js:4118
	    at forEach (/home/maxeemus/projects/angular/yotest/bower_components/angular/angular.js:323)
	    at loadModules (/home/maxeemus/projects/angular/yotest/bower_components/angular/angular.js:4120)
	    at createInjector (/home/maxeemus/projects/angular/yotest/bower_components/angular/angular.js:4004)
	    at workFn (/home/maxeemus/projects/angular/yotest/bower_components/angular-mocks/angular-mocks.js:2339)
	    at /home/maxeemus/projects/angular/yotest/node_modules/karma-jasmine/lib/boot.js:126
	    at /home/maxeemus/projects/angular/yotest/node_modules/karma-jasmine/lib/adapter.js:184
	    at http://localhost:8080/karma.js:185
	    at http://localhost:8080/context.html:63
	TypeError: 'undefined' is not an object (evaluating 'scope.awesomeThings')
	    at /home/maxeemus/projects/angular/yotest/test/spec/controllers/about.js:21
	    at /home/maxeemus/projects/angular/yotest/node_modules/karma-jasmine/lib/boot.js:126
	    at /home/maxeemus/projects/angular/yotest/node_modules/karma-jasmine/lib/adapter.js:184
	    at http://localhost:8080/karma.js:185
	    at http://localhost:8080/context.html:63
PhantomJS 1.9.8 (Linux): Executed 1 of 3[31m (1 FAILED)[39m (0 secs / 0.006 secs)
[1A[2K[31mPhantomJS 1.9.8 (Linux) Controller: MainCtrl should attach a list of awesomeThings to the scope FAILED[39m
	Error: [$injector:modulerr] Failed to instantiate module uiGmapgoogle-maps due to:
	Error: [$injector:nomod] Module 'uiGmapgoogle-maps' is not available! You either misspelled the module name or forgot to load it. If registering a module ensure that you specify the dependencies as the second argument.
	http://errors.angularjs.org/1.3.8/$injector/nomod?p0=uiGmapgoogle-maps
	    at /home/maxeemus/projects/angular/yotest/bower_components/angular/angular.js:1766
	    at ensure (/home/maxeemus/projects/angular/yotest/bower_components/angular/angular.js:1688)
	    at module (/home/maxeemus/projects/angular/yotest/bower_components/angular/angular.js:1984)
	    at /home/maxeemus/projects/angular/yotest/bower_components/angular/angular.js:4094
	    at forEach (/home/maxeemus/projects/angular/yotest/bower_components/angular/angular.js:323)
	    at loadModules (/home/maxeemus/projects/angular/yotest/bower_components/angular/angular.js:4120)
	    at createInjector (/home/maxeemus/projects/angular/yotest/bower_components/angular/angular.js:4004)
	    at workFn (/home/maxeemus/projects/angular/yotest/bower_components/angular-mocks/angular-mocks.js:2339)
	    at /home/maxeemus/projects/angular/yotest/node_modules/karma-jasmine/lib/boot.js:126
	    at /home/maxeemus/projects/angular/yotest/node_modules/karma-jasmine/lib/adapter.js:184
	    at http://localhost:8080/karma.js:185
	    at http://localhost:8080/context.html:63
	http://errors.angularjs.org/1.3.8/$injector/modulerr?p0=uiGmapgoogle-maps&p1=Error%3A%20%5B%24injector%3Anomod%5D%20Module%20'uiGmapgoogle-maps'%20is%20not%20available!%20You%20either%20misspelled%20the%20module%20name%20or%20forgot%20to%20load%20it.%20If%20registering%20a%20module%20ensure%20that%20you%20specify%20the%20dependencies%20as%20the%20second%20argument.%0Ahttp%3A%2F%2Ferrors.angularjs.org%2F1.3.8%2F%24injector%2Fnomod%3Fp0%3DuiGmapgoogle-maps%0A%20%20%20%20at%20http%3A%2F%2Flocalhost%3A8080%2Fbase%2Fbower_components%2Fangular%2Fangular.js%3Febb86f089066f7089a249e390e64bcab67622158%3A1766%0A%20%20%20%20at%20ensure%20(http%3A%2F%2Flocalhost%3A8080%2Fbase%2Fbower_components%2Fangular%2Fangular.js%3Febb86f089066f7089a249e390e64bcab67622158%3A1688)%0A%20%20%20%20at%20module%20(http%3A%2F%2Flocalhost%3A8080%2Fbase%2Fbower_components%2Fangular%2Fangular.js%3Febb86f089066f7089a249e390e64bcab67622158%3A1984)%0A%20%20%20%20at%20http%3A%2F%2Flocalhost%3A8080%2Fbase%2Fbower_components%2Fangular%2Fangular.js%3Febb86f089066f7089a249e390e64bcab67622158%3A4094%0A%20%20%20%20at%20forEach%20(http%3A%2F%2Flocalhost%3A8080%2Fbase%2Fbower_components%2Fangular%2Fangular.js%3Febb86f089066f7089a249e390e64bcab67622158%3A323)%0A%20%20%20%20at%20loadModules%20(http%3A%2F%2Flocalhost%3A8080%2Fbase%2Fbower_components%2Fangular%2Fangular.js%3Febb86f089066f7089a249e390e64bcab67622158%3A4120)%0A%20%20%20%20at%20createInjector%20(http%3A%2F%2Flocalhost%3A8080%2Fbase%2Fbower_components%2Fangular%2Fangular.js%3Febb86f089066f7089a249e390e64bcab67622158%3A4004)%0A%20%20%20%20at%20workFn%20(http%3A%2F%2Flocalhost%3A8080%2Fbase%2Fbower_components%2Fangular-mocks%2Fangular-mocks.js%3Fb01a9cf8de7de4def103da067347cb07fe247c96%3A2339)%0A%20%20%20%20at%20attemptSync%20(http%3A%2F%2Flocalhost%3A8080%2Fbase%2Fnode_modules%2Fjasmine-core%2Flib%2Fjasmine-core%2Fjasmine.js%3Faa6ac7a9fb8b473d3e2ca231cd383b00a811ec49%3A1759)%0A%20%20%20%20at%20http%3A%2F%2Flocalhost%3A8080%2Fbase%2Fnode_modules%2Fjasmine-core%2Flib%2Fjasmine-core%2Fjasmine.js%3Faa6ac7a9fb8b473d3e2ca231cd383b00a811ec49%3A1747%0A%20%20%20%20at%20http%3A%2F%2Flocalhost%3A8080%2Fbase%2Fnode_modules%2Fjasmine-core%2Flib%2Fjasmine-core%2Fjasmine.js%3Faa6ac7a9fb8b473d3e2ca231cd383b00a811ec49%3A1733%0A%20%20%20%20at%20http%3A%2F%2Flocalhost%3A8080%2Fbase%2Fnode_modules%2Fjasmine-core%2Flib%2Fjasmine-core%2Fjasmine.js%3Faa6ac7a9fb8b473d3e2ca231cd383b00a811ec49%3A569%0A%20%20%20%20at%20http%3A%2F%2Flocalhost%3A8080%2Fbase%2Fnode_modules%2Fjasmine-core%2Flib%2Fjasmine-core%2Fjasmine.js%3Faa6ac7a9fb8b473d3e2ca231cd383b00a811ec49%3A322%0A%20%20%20%20at%20http%3A%2F%2Flocalhost%3A8080%2Fbase%2Fnode_modules%2Fjasmine-core%2Flib%2Fjasmine-core%2Fjasmine.js%3Faa6ac7a9fb8b473d3e2ca231cd383b00a811ec49%3A2072%0A%20%20%20%20at%20attemptAsync%20(http%3A%2F%2Flocalhost%3A8080%2Fbase%2Fnode_modules%2Fjasmine-core%2Flib%2Fjasmine-core%2Fjasmine.js%3Faa6ac7a9fb8b473d3e2ca231cd383b00a811ec49%3A1789)%0A%20%20%20%20at%20http%3A%2F%2Flocalhost%3A8080%2Fbase%2Fnode_modules%2Fjasmine-core%2Flib%2Fjasmine-core%2Fjasmine.js%3Faa6ac7a9fb8b473d3e2ca231cd383b00a811ec49%3A1745%0A%20%20%20%20at%20http%3A%2F%2Flocalhost%3A8080%2Fbase%2Fnode_modules%2Fjasmine-core%2Flib%2Fjasmine-core%2Fjasmine.js%3Faa6ac7a9fb8b473d3e2ca231cd383b00a811ec49%3A1733%0A%20%20%20%20at%20http%3A%2F%2Flocalhost%3A8080%2Fbase%2Fnode_modules%2Fjasmine-core%2Flib%2Fjasmine-core%2Fjasmine.js%3Faa6ac7a9fb8b473d3e2ca231cd383b00a811ec49%3A569%0A%20%20%20%20at%20http%3A%2F%2Flocalhost%3A8080%2Fbase%2Fnode_modules%2Fjasmine-core%2Flib%2Fjasmine-core%2Fjasmine.js%3Faa6ac7a9fb8b473d3e2ca231cd383b00a811ec49%3A2059%0A%20%20%20%20at%20http%3A%2F%2Flocalhost%3A8080%2Fbase%2Fnode_modules%2Fjasmine-core%2Flib%2Fjasmine-core%2Fjasmine.js%3Faa6ac7a9fb8b473d3e2ca231cd383b00a811ec49%3A2072%0A%20%20%20%20at%20attemptAsync%20(http%3A%2F%2Flocalhost%3A8080%2Fbase%2Fnode_modules%2Fjasmine-core%2Flib%2Fjasmine-core%2Fjasmine.js%3Faa6ac7a9fb8b473d3e2ca231cd383b00a811ec49%3A1789)%0A%20%20%20%20at%20http%3A%2F%2Flocalhost%3A8080%2Fbase%2Fnode_modules%2Fjasmine-core%2Flib%2Fjasmine-core%2Fjasmine.js%3Faa6ac7a9fb8b473d3e2ca231cd383b00a811ec49%3A1745%0A%20%20%20%20at%20http%3A%2F%2Flocalhost%3A8080%2Fbase%2Fnode_modules%2Fjasmine-core%2Flib%2Fjasmine-core%2Fjasmine.js%3Faa6ac7a9fb8b473d3e2ca231cd383b00a811ec49%3A1771%0A%20%20%20%20at%20http%3A%2F%2Flocalhost%3A8080%2Fbase%2Fnode_modules%2Fjasmine-core%2Flib%2Fjasmine-core%2Fjasmine.js%3Faa6ac7a9fb8b473d3e2ca231cd383b00a811ec49%3A1716%0A%20%20%20%20at%20complete%20(http%3A%2F%2Flocalhost%3A8080%2Fbase%2Fnode_modules%2Fjasmine-core%2Flib%2Fjasmine-core%2Fjasmine.js%3Faa6ac7a9fb8b473d3e2ca231cd383b00a811ec49%3A2067)%0A%20%20%20%20at%20clearStack%20(http%3A%2F%2Flocalhost%3A8080%2Fbase%2Fnode_modules%2Fjasmine-core%2Flib%2Fjasmine-core%2Fjasmine.js%3Faa6ac7a9fb8b473d3e2ca231cd383b00a811ec49%3A555)%0A%20%20%20%20at%20http%3A%2F%2Flocalhost%3A8080%2Fbase%2Fnode_modules%2Fjasmine-core%2Flib%2Fjasmine-core%2Fjasmine.js%3Faa6ac7a9fb8b473d3e2ca231cd383b00a811ec49%3A1754%0A%20%20%20%20at%20http%3A%2F%2Flocalhost%3A8080%2Fbase%2Fnode_modules%2Fjasmine-core%2Flib%2Fjasmine-core%2Fjasmine.js%3Faa6ac7a9fb8b473d3e2ca231cd383b00a811ec49%3A1771%0A%20%20%20%20at%20http%3A%2F%2Flocalhost%3A8080%2Fbase%2Fnode_modules%2Fjasmine-core%2Flib%2Fjasmine-core%2Fjasmine.js%3Faa6ac7a9fb8b473d3e2ca231cd383b00a811ec49%3A1716%0A%20%20%20%20at%20complete%20(http%3A%2F%2Flocalhost%3A8080%2Fbase%2Fnode_modules%2Fjasmine-core%2Flib%2Fjasmine-core%2Fjasmine.js%3Faa6ac7a9fb8b473d3e2ca231cd383b00a811ec49%3A330)%0A%20%20%20%20at%20clearStack%20(http%3A%2F%2Flocalhost%3A8080%2Fbase%2Fnode_modules%2Fjasmine-core%2Flib%2Fjasmine-core%2Fjasmine.js%3Faa6ac7a9fb8b473d3e2ca231cd383b00a811ec49%3A555)%0A%20%20%20%20at%20http%3A%2F%2Flocalhost%3A8080%2Fbase%2Fnode_modules%2Fjasmine-core%2Flib%2Fjasmine-core%2Fjasmine.js%3Faa6ac7a9fb8b473d3e2ca231cd383b00a811ec49%3A1754%0A%20%20%20%20at%20http%3A%2F%2Flocalhost%3A8080%2Fbase%2Fnode_modules%2Fjasmine-core%2Flib%2Fjasmine-core%2Fjasmine.js%3Faa6ac7a9fb8b473d3e2ca231cd383b00a811ec49%3A1733%0A%20%20%20%20at%20http%3A%2F%2Flocalhost%3A8080%2Fbase%2Fnode_modules%2Fjasmine-core%2Flib%2Fjasmine-core%2Fjasmine.js%3Faa6ac7a9fb8b473d3e2ca231cd383b00a811ec49%3A569%0A%20%20%20%20at%20http%3A%2F%2Flocalhost%3A8080%2Fbase%2Fnode_modules%2Fjasmine-core%2Flib%2Fjasmine-core%2Fjasmine.js%3Faa6ac7a9fb8b473d3e2ca231cd383b00a811ec49%3A322%0A%20%20%20%20at%20http%3A%2F%2Flocalhost%3A8080%2Fbase%2Fnode_modules%2Fjasmine-core%2Flib%2Fjasmine-core%2Fjasmine.js%3Faa6ac7a9fb8b473d3e2ca231cd383b00a811ec49%3A2072%0A%20%20%20%20at%20attemptAsync%20(http%3A%2F%2Flocalhost%3A8080%2Fbase%2Fnode_modules%2Fjasmine-core%2Flib%2Fjasmine-core%2Fjasmine.js%3Faa6ac7a9fb8b473d3e2ca231cd383b00a811ec49%3A1789)%0A%20%20%20%20at%20http%3A%2F%2Flocalhost%3A8080%2Fbase%2Fnode_modules%2Fjasmine-core%2Flib%2Fjasmine-core%2Fjasmine.js%3Faa6ac7a9fb8b473d3e2ca231cd383b00a811ec49%3A1745%0A%20%20%20%20at%20http%3A%2F%2Flocalhost%3A8080%2Fbase%2Fnode_modules%2Fjasmine-core%2Flib%2Fjasmine-core%2Fjasmine.js%3Faa6ac7a9fb8b473d3e2ca231cd383b00a811ec49%3A1733%0A%20%20%20%20at%20http%3A%2F%2Flocalhost%3A8080%2Fbase%2Fnode_modules%2Fjasmine-core%2Flib%2Fjasmine-core%2Fjasmine.js%3Faa6ac7a9fb8b473d3e2ca231cd383b00a811ec49%3A569%0A%20%20%20%20at%20http%3A%2F%2Flocalhost%3A8080%2Fbase%2Fnode_modules%2Fjasmine-core%2Flib%2Fjasmine-core%2Fjasmine.js%3Faa6ac7a9fb8b473d3e2ca231cd383b00a811ec49%3A2059%0A%20%20%20%20at%20http%3A%2F%2Flocalhost%3A8080%2Fbase%2Fnode_modules%2Fjasmine-core%2Flib%2Fjasmine-core%2Fjasmine.js%3Faa6ac7a9fb8b473d3e2ca231cd383b00a811ec49%3A2072%0A%20%20%20%20at%20attemptAsync%20(http%3A%2F%2Flocalhost%3A8080%2Fbase%2Fnode_modules%2Fjasmine-core%2Flib%2Fjasmine-core%2Fjasmine.js%3Faa6ac7a9fb8b473d3e2ca231cd383b00a811ec49%3A1789)%0A%20%20%20%20at%20http%3A%2F%2Flocalhost%3A8080%2Fbase%2Fnode_modules%2Fjasmine-core%2Flib%2Fjasmine-core%2Fjasmine.js%3Faa6ac7a9fb8b473d3e2ca231cd383b00a811ec49%3A1745%0A%20%20%20%20at%20http%3A%2F%2Flocalhost%3A8080%2Fbase%2Fnode_modules%2Fjasmine-core%2Flib%2Fjasmine-core%2Fjasmine.js%3Faa6ac7a9fb8b473d3e2ca231cd383b00a811ec49%3A1733%0A%20%20%20%20at%20http%3A%2F%2Flocalhost%3A8080%2Fbase%2Fnode_modules%2Fjasmine-core%2Flib%2Fjasmine-core%2Fjasmine.js%3Faa6ac7a9fb8b473d3e2ca231cd383b00a811ec49%3A569%0A%20%20%20%20at%20http%3A%2F%2Flocalhost%3A8080%2Fbase%2Fnode_modules%2Fjasmine-core%2Flib%2Fjasmine-core%2Fjasmine.js%3Faa6ac7a9fb8b473d3e2ca231cd383b00a811ec49%3A2059%0A%20%20%20%20at%20http%3A%2F%2Flocalhost%3A8080%2Fbase%2Fnode_modules%2Fjasmine-core%2Flib%2Fjasmine-core%2Fjasmine.js%3Faa6ac7a9fb8b473d3e2ca231cd383b00a811ec49%3A599%0A%20%20%20%20at%20attemptAsync%20(http%3A%2F%2Flocalhost%3A8080%2Fbase%2Fnode_modules%2Fjasmine-core%2Flib%2Fjasmine-core%2Fjasmine.js%3Faa6ac7a9fb8b473d3e2ca231cd383b00a811ec49%3A1789)%0A%20%20%20%20at%20http%3A%2F%2Flocalhost%3A8080%2Fbase%2Fnode_modules%2Fjasmine-core%2Flib%2Fjasmine-core%2Fjasmine.js%3Faa6ac7a9fb8b473d3e2ca231cd383b00a811ec49%3A1745%0A%20%20%20%20at%20http%3A%2F%2Flocalhost%3A8080%2Fbase%2Fnode_modules%2Fjasmine-core%2Flib%2Fjasmine-core%2Fjasmine.js%3Faa6ac7a9fb8b473d3e2ca231cd383b00a811ec49%3A1733%0A%20%20%20%20at%20http%3A%2F%2Flocalhost%3A8080%2Fbase%2Fnode_modules%2Fjasmine-core%2Flib%2Fjasmine-core%2Fjasmine.js%3Faa6ac7a9fb8b473d3e2ca231cd383b00a811ec49%3A569%0A%20%20%20%20at%20http%3A%2F%2Flocalhost%3A8080%2Fbase%2Fnode_modules%2Fjasmine-core%2Flib%2Fjasmine-core%2Fjasmine.js%3Faa6ac7a9fb8b473d3e2ca231cd383b00a811ec49%3A606%0A%20%20%20%20at%20http%3A%2F%2Flocalhost%3A8080%2Fbase%2Fnode_modules%2Fkarma-jasmine%2Flib%2Fboot.js%3F925440973c97e93b99c71f4b1091e4ef4a713597%3A126%0A%20%20%20%20at%20http%3A%2F%2Flocalhost%3A8080%2Fbase%2Fnode_modules%2Fkarma-jasmine%2Flib%2Fadapter.js%3Ff5bb63f803b8f4d472730641a2929add290ec98e%3A184%0A%20%20%20%20at%20http%3A%2F%2Flocalhost%3A8080%2Fkarma.js%3A185%0A%20%20%20%20at%20http%3A%2F%2Flocalhost%3A8080%2Fcontext.html%3A63
	    at /home/maxeemus/projects/angular/yotest/bower_components/angular/angular.js:4118
	    at forEach (/home/maxeemus/projects/angular/yotest/bower_components/angular/angular.js:323)
	    at loadModules (/home/maxeemus/projects/angular/yotest/bower_components/angular/angular.js:4120)
	    at createInjector (/home/maxeemus/projects/angular/yotest/bower_components/angular/angular.js:4004)
	    at workFn (/home/maxeemus/projects/angular/yotest/bower_components/angular-mocks/angular-mocks.js:2339)
	    at /home/maxeemus/projects/angular/yotest/node_modules/karma-jasmine/lib/boot.js:126
	    at /home/maxeemus/projects/angular/yotest/node_modules/karma-jasmine/lib/adapter.js:184
	    at http://localhost:8080/karma.js:185
	    at http://localhost:8080/context.html:63
	TypeError: 'undefined' is not an object (evaluating 'scope.awesomeThings')
	    at /home/maxeemus/projects/angular/yotest/test/spec/controllers/main.js:21
	    at /home/maxeemus/projects/angular/yotest/node_modules/karma-jasmine/lib/boot.js:126
	    at /home/maxeemus/projects/angular/yotest/node_modules/karma-jasmine/lib/adapter.js:184
	    at http://localhost:8080/karma.js:185
	    at http://localhost:8080/context.html:63
PhantomJS 1.9.8 (Linux): Executed 2 of 3[31m (2 FAILED)[39m (0 secs / 0.008 secs)
[1A[2K[31mPhantomJS 1.9.8 (Linux) Directive: fastMap should make hidden element visible FAILED[39m
	Error: [$injector:modulerr] Failed to instantiate module googleFastMap due to:
	Error: [$injector:modulerr] Failed to instantiate module uiGmapgoogle-maps due to:
	Error: [$injector:nomod] Module 'uiGmapgoogle-maps' is not available! You either misspelled the module name or forgot to load it. If registering a module ensure that you specify the dependencies as the second argument.
	http://errors.angularjs.org/1.3.8/$injector/nomod?p0=uiGmapgoogle-maps
	    at /home/maxeemus/projects/angular/yotest/bower_components/angular/angular.js:1766
	    at ensure (/home/maxeemus/projects/angular/yotest/bower_components/angular/angular.js:1688)
	    at module (/home/maxeemus/projects/angular/yotest/bower_components/angular/angular.js:1984)
	    at /home/maxeemus/projects/angular/yotest/bower_components/angular/angular.js:4094
	    at forEach (/home/maxeemus/projects/angular/yotest/bower_components/angular/angular.js:323)
	    at loadModules (/home/maxeemus/projects/angular/yotest/bower_components/angular/angular.js:4120)
	    at /home/maxeemus/projects/angular/yotest/bower_components/angular/angular.js:4095
	    at forEach (/home/maxeemus/projects/angular/yotest/bower_components/angular/angular.js:323)
	    at loadModules (/home/maxeemus/projects/angular/yotest/bower_components/angular/angular.js:4120)
	    at createInjector (/home/maxeemus/projects/angular/yotest/bower_components/angular/angular.js:4004)
	    at workFn (/home/maxeemus/projects/angular/yotest/bower_components/angular-mocks/angular-mocks.js:2339)
	    at /home/maxeemus/projects/angular/yotest/node_modules/karma-jasmine/lib/boot.js:126
	    at /home/maxeemus/projects/angular/yotest/node_modules/karma-jasmine/lib/adapter.js:184
	    at http://localhost:8080/karma.js:185
	    at http://localhost:8080/context.html:63
	http://errors.angularjs.org/1.3.8/$injector/modulerr?p0=uiGmapgoogle-maps&p1=Error%3A%20%5B%24injector%3Anomod%5D%20Module%20'uiGmapgoogle-maps'%20is%20not%20available!%20You%20either%20misspelled%20the%20module%20name%20or%20forgot%20to%20load%20it.%20If%20registering%20a%20module%20ensure%20that%20you%20specify%20the%20dependencies%20as%20the%20second%20argument.%0Ahttp%3A%2F%2Ferrors.angularjs.org%2F1.3.8%2F%24injector%2Fnomod%3Fp0%3DuiGmapgoogle-maps%0A%20%20%20%20at%20http%3A%2F%2Flocalhost%3A8080%2Fbase%2Fbower_components%2Fangular%2Fangular.js%3Febb86f089066f7089a249e390e64bcab67622158%3A1766%0A%20%20%20%20at%20ensure%20(http%3A%2F%2Flocalhost%3A8080%2Fbase%2Fbower_components%2Fangular%2Fangular.js%3Febb86f089066f7089a249e390e64bcab67622158%3A1688)%0A%20%20%20%20at%20module%20(http%3A%2F%2Flocalhost%3A8080%2Fbase%2Fbower_components%2Fangular%2Fangular.js%3Febb86f089066f7089a249e390e64bcab67622158%3A1984)%0A%20%20%20%20at%20http%3A%2F%2Flocalhost%3A8080%2Fbase%2Fbower_components%2Fangular%2Fangular.js%3Febb86f089066f7089a249e390e64bcab67622158%3A4094%0A%20%20%20%20at%20forEach%20(http%3A%2F%2Flocalhost%3A8080%2Fbase%2Fbower_components%2Fangular%2Fangular.js%3Febb86f089066f7089a249e390e64bcab67622158%3A323)%0A%20%20%20%20at%20loadModules%20(http%3A%2F%2Flocalhost%3A8080%2Fbase%2Fbower_components%2Fangular%2Fangular.js%3Febb86f089066f7089a249e390e64bcab67622158%3A4120)%0A%20%20%20%20at%20http%3A%2F%2Flocalhost%3A8080%2Fbase%2Fbower_components%2Fangular%2Fangular.js%3Febb86f089066f7089a249e390e64bcab67622158%3A4095%0A%20%20%20%20at%20forEach%20(http%3A%2F%2Flocalhost%3A8080%2Fbase%2Fbower_components%2Fangular%2Fangular.js%3Febb86f089066f7089a249e390e64bcab67622158%3A323)%0A%20%20%20%20at%20loadModules%20(http%3A%2F%2Flocalhost%3A8080%2Fbase%2Fbower_components%2Fangular%2Fangular.js%3Febb86f089066f7089a249e390e64bcab67622158%3A4120)%0A%20%20%20%20at%20createInjector%20(http%3A%2F%2Flocalhost%3A8080%2Fbase%2Fbower_components%2Fangular%2Fangular.js%3Febb86f089066f7089a249e390e64bcab67622158%3A4004)%0A%20%20%20%20at%20workFn%20(http%3A%2F%2Flocalhost%3A8080%2Fbase%2Fbower_components%2Fangular-mocks%2Fangular-mocks.js%3Fb01a9cf8de7de4def103da067347cb07fe247c96%3A2339)%0A%20%20%20%20at%20attemptSync%20(http%3A%2F%2Flocalhost%3A8080%2Fbase%2Fnode_modules%2Fjasmine-core%2Flib%2Fjasmine-core%2Fjasmine.js%3Faa6ac7a9fb8b473d3e2ca231cd383b00a811ec49%3A1759)%0A%20%20%20%20at%20http%3A%2F%2Flocalhost%3A8080%2Fbase%2Fnode_modules%2Fjasmine-core%2Flib%2Fjasmine-core%2Fjasmine.js%3Faa6ac7a9fb8b473d3e2ca231cd383b00a811ec49%3A1747%0A%20%20%20%20at%20http%3A%2F%2Flocalhost%3A8080%2Fbase%2Fnode_modules%2Fjasmine-core%2Flib%2Fjasmine-core%2Fjasmine.js%3Faa6ac7a9fb8b473d3e2ca231cd383b00a811ec49%3A1733%0A%20%20%20%20at%20http%3A%2F%2Flocalhost%3A8080%2Fbase%2Fnode_modules%2Fjasmine-core%2Flib%2Fjasmine-core%2Fjasmine.js%3Faa6ac7a9fb8b473d3e2ca231cd383b00a811ec49%3A569%0A%20%20%20%20at%20http%3A%2F%2Flocalhost%3A8080%2Fbase%2Fnode_modules%2Fjasmine-core%2Flib%2Fjasmine-core%2Fjasmine.js%3Faa6ac7a9fb8b473d3e2ca231cd383b00a811ec49%3A322%0A%20%20%20%20at%20http%3A%2F%2Flocalhost%3A8080%2Fbase%2Fnode_modules%2Fjasmine-core%2Flib%2Fjasmine-core%2Fjasmine.js%3Faa6ac7a9fb8b473d3e2ca231cd383b00a811ec49%3A2072%0A%20%20%20%20at%20attemptAsync%20(http%3A%2F%2Flocalhost%3A8080%2Fbase%2Fnode_modules%2Fjasmine-core%2Flib%2Fjasmine-core%2Fjasmine.js%3Faa6ac7a9fb8b473d3e2ca231cd383b00a811ec49%3A1789)%0A%20%20%20%20at%20http%3A%2F%2Flocalhost%3A8080%2Fbase%2Fnode_modules%2Fjasmine-core%2Flib%2Fjasmine-core%2Fjasmine.js%3Faa6ac7a9fb8b473d3e2ca231cd383b00a811ec49%3A1745%0A%20%20%20%20at%20http%3A%2F%2Flocalhost%3A8080%2Fbase%2Fnode_modules%2Fjasmine-core%2Flib%2Fjasmine-core%2Fjasmine.js%3Faa6ac7a9fb8b473d3e2ca231cd383b00a811ec49%3A1733%0A%20%20%20%20at%20http%3A%2F%2Flocalhost%3A8080%2Fbase%2Fnode_modules%2Fjasmine-core%2Flib%2Fjasmine-core%2Fjasmine.js%3Faa6ac7a9fb8b473d3e2ca231cd383b00a811ec49%3A569%0A%20%20%20%20at%20http%3A%2F%2Flocalhost%3A8080%2Fbase%2Fnode_modules%2Fjasmine-core%2Flib%2Fjasmine-core%2Fjasmine.js%3Faa6ac7a9fb8b473d3e2ca231cd383b00a811ec49%3A2059%0A%20%20%20%20at%20http%3A%2F%2Flocalhost%3A8080%2Fbase%2Fnode_modules%2Fjasmine-core%2Flib%2Fjasmine-core%2Fjasmine.js%3Faa6ac7a9fb8b473d3e2ca231cd383b00a811ec49%3A2072%0A%20%20%20%20at%20attemptAsync%20(http%3A%2F%2Flocalhost%3A8080%2Fbase%2Fnode_modules%2Fjasmine-core%2Flib%2Fjasmine-core%2Fjasmine.js%3Faa6ac7a9fb8b473d3e2ca231cd383b00a811ec49%3A1789)%0A%20%20%20%20at%20http%3A%2F%2Flocalhost%3A8080%2Fbase%2Fnode_modules%2Fjasmine-core%2Flib%2Fjasmine-core%2Fjasmine.js%3Faa6ac7a9fb8b473d3e2ca231cd383b00a811ec49%3A1745%0A%20%20%20%20at%20http%3A%2F%2Flocalhost%3A8080%2Fbase%2Fnode_modules%2Fjasmine-core%2Flib%2Fjasmine-core%2Fjasmine.js%3Faa6ac7a9fb8b473d3e2ca231cd383b00a811ec49%3A1771%0A%20%20%20%20at%20http%3A%2F%2Flocalhost%3A8080%2Fbase%2Fnode_modules%2Fjasmine-core%2Flib%2Fjasmine-core%2Fjasmine.js%3Faa6ac7a9fb8b473d3e2ca231cd383b00a811ec49%3A1716%0A%20%20%20%20at%20complete%20(http%3A%2F%2Flocalhost%3A8080%2Fbase%2Fnode_modules%2Fjasmine-core%2Flib%2Fjasmine-core%2Fjasmine.js%3Faa6ac7a9fb8b473d3e2ca231cd383b00a811ec49%3A2067)%0A%20%20%20%20at%20clearStack%20(http%3A%2F%2Flocalhost%3A8080%2Fbase%2Fnode_modules%2Fjasmine-core%2Flib%2Fjasmine-core%2Fjasmine.js%3Faa6ac7a9fb8b473d3e2ca231cd383b00a811ec49%3A555)%0A%20%20%20%20at%20http%3A%2F%2Flocalhost%3A8080%2Fbase%2Fnode_modules%2Fjasmine-core%2Flib%2Fjasmine-core%2Fjasmine.js%3Faa6ac7a9fb8b473d3e2ca231cd383b00a811ec49%3A1754%0A%20%20%20%20at%20http%3A%2F%2Flocalhost%3A8080%2Fbase%2Fnode_modules%2Fjasmine-core%2Flib%2Fjasmine-core%2Fjasmine.js%3Faa6ac7a9fb8b473d3e2ca231cd383b00a811ec49%3A1771%0A%20%20%20%20at%20http%3A%2F%2Flocalhost%3A8080%2Fbase%2Fnode_modules%2Fjasmine-core%2Flib%2Fjasmine-core%2Fjasmine.js%3Faa6ac7a9fb8b473d3e2ca231cd383b00a811ec49%3A1716%0A%20%20%20%20at%20complete%20(http%3A%2F%2Flocalhost%3A8080%2Fbase%2Fnode_modules%2Fjasmine-core%2Flib%2Fjasmine-core%2Fjasmine.js%3Faa6ac7a9fb8b473d3e2ca231cd383b00a811ec49%3A330)%0A%20%20%20%20at%20clearStack%20(http%3A%2F%2Flocalhost%3A8080%2Fbase%2Fnode_modules%2Fjasmine-core%2Flib%2Fjasmine-core%2Fjasmine.js%3Faa6ac7a9fb8b473d3e2ca231cd383b00a811ec49%3A555)%0A%20%20%20%20at%20http%3A%2F%2Flocalhost%3A8080%2Fbase%2Fnode_modules%2Fjasmine-core%2Flib%2Fjasmine-core%2Fjasmine.js%3Faa6ac7a9fb8b473d3e2ca231cd383b00a811ec49%3A1754%0A%20%20%20%20at%20http%3A%2F%2Flocalhost%3A8080%2Fbase%2Fnode_modules%2Fjasmine-core%2Flib%2Fjasmine-core%2Fjasmine.js%3Faa6ac7a9fb8b473d3e2ca231cd383b00a811ec49%3A1733%0A%20%20%20%20at%20http%3A%2F%2Flocalhost%3A8080%2Fbase%2Fnode_modules%2Fjasmine-core%2Flib%2Fjasmine-core%2Fjasmine.js%3Faa6ac7a9fb8b473d3e2ca231cd383b00a811ec49%3A569%0A%20%20%20%20at%20http%3A%2F%2Flocalhost%3A8080%2Fbase%2Fnode_modules%2Fjasmine-core%2Flib%2Fjasmine-core%2Fjasmine.js%3Faa6ac7a9fb8b473d3e2ca231cd383b00a811ec49%3A322%0A%20%20%20%20at%20http%3A%2F%2Flocalhost%3A8080%2Fbase%2Fnode_modules%2Fjasmine-core%2Flib%2Fjasmine-core%2Fjasmine.js%3Faa6ac7a9fb8b473d3e2ca231cd383b00a811ec49%3A2072%0A%20%20%20%20at%20attemptAsync%20(http%3A%2F%2Flocalhost%3A8080%2Fbase%2Fnode_modules%2Fjasmine-core%2Flib%2Fjasmine-core%2Fjasmine.js%3Faa6ac7a9fb8b473d3e2ca231cd383b00a811ec49%3A1789)%0A%20%20%20%20at%20http%3A%2F%2Flocalhost%3A8080%2Fbase%2Fnode_modules%2Fjasmine-core%2Flib%2Fjasmine-core%2Fjasmine.js%3Faa6ac7a9fb8b473d3e2ca231cd383b00a811ec49%3A1745%0A%20%20%20%20at%20http%3A%2F%2Flocalhost%3A8080%2Fbase%2Fnode_modules%2Fjasmine-core%2Flib%2Fjasmine-core%2Fjasmine.js%3Faa6ac7a9fb8b473d3e2ca231cd383b00a811ec49%3A1733%0A%20%20%20%20at%20http%3A%2F%2Flocalhost%3A8080%2Fbase%2Fnode_modules%2Fjasmine-core%2Flib%2Fjasmine-core%2Fjasmine.js%3Faa6ac7a9fb8b473d3e2ca231cd383b00a811ec49%3A569%0A%20%20%20%20at%20http%3A%2F%2Flocalhost%3A8080%2Fbase%2Fnode_modules%2Fjasmine-core%2Flib%2Fjasmine-core%2Fjasmine.js%3Faa6ac7a9fb8b473d3e2ca231cd383b00a811ec49%3A2059%0A%20%20%20%20at%20http%3A%2F%2Flocalhost%3A8080%2Fbase%2Fnode_modules%2Fjasmine-core%2Flib%2Fjasmine-core%2Fjasmine.js%3Faa6ac7a9fb8b473d3e2ca231cd383b00a811ec49%3A2072%0A%20%20%20%20at%20attemptAsync%20(http%3A%2F%2Flocalhost%3A8080%2Fbase%2Fnode_modules%2Fjasmine-core%2Flib%2Fjasmine-core%2Fjasmine.js%3Faa6ac7a9fb8b473d3e2ca231cd383b00a811ec49%3A1789)%0A%20%20%20%20at%20http%3A%2F%2Flocalhost%3A8080%2Fbase%2Fnode_modules%2Fjasmine-core%2Flib%2Fjasmine-core%2Fjasmine.js%3Faa6ac7a9fb8b473d3e2ca231cd383b00a811ec49%3A1745%0A%20%20%20%20at%20http%3A%2F%2Flocalhost%3A8080%2Fbase%2Fnode_modules%2Fjasmine-core%2Flib%2Fjasmine-core%2Fjasmine.js%3Faa6ac7a9fb8b473d3e2ca231cd383b00a811ec49%3A1771%0A%20%20%20%20at%20http%3A%2F%2Flocalhost%3A8080%2Fbase%2Fnode_modules%2Fjasmine-core%2Flib%2Fjasmine-core%2Fjasmine.js%3Faa6ac7a9fb8b473d3e2ca231cd383b00a811ec49%3A1716%0A%20%20%20%20at%20complete%20(http%3A%2F%2Flocalhost%3A8080%2Fbase%2Fnode_modules%2Fjasmine-core%2Flib%2Fjasmine-core%2Fjasmine.js%3Faa6ac7a9fb8b473d3e2ca231cd383b00a811ec49%3A2067)%0A%20%20%20%20at%20clearStack%20(http%3A%2F%2Flocalhost%3A8080%2Fbase%2Fnode_modules%2Fjasmine-core%2Flib%2Fjasmine-core%2Fjasmine.js%3Faa6ac7a9fb8b473d3e2ca231cd383b00a811ec49%3A555)%0A%20%20%20%20at%20http%3A%2F%2Flocalhost%3A8080%2Fbase%2Fnode_modules%2Fjasmine-core%2Flib%2Fjasmine-core%2Fjasmine.js%3Faa6ac7a9fb8b473d3e2ca231cd383b00a811ec49%3A1754%0A%20%20%20%20at%20http%3A%2F%2Flocalhost%3A8080%2Fbase%2Fnode_modules%2Fjasmine-core%2Flib%2Fjasmine-core%2Fjasmine.js%3Faa6ac7a9fb8b473d3e2ca231cd383b00a811ec49%3A1771%0A%20%20%20%20at%20http%3A%2F%2Flocalhost%3A8080%2Fbase%2Fnode_modules%2Fjasmine-core%2Flib%2Fjasmine-core%2Fjasmine.js%3Faa6ac7a9fb8b473d3e2ca231cd383b00a811ec49%3A1716%0A%20%20%20%20at%20complete%20(http%3A%2F%2Flocalhost%3A8080%2Fbase%2Fnode_modules%2Fjasmine-core%2Flib%2Fjasmine-core%2Fjasmine.js%3Faa6ac7a9fb8b473d3e2ca231cd383b00a811ec49%3A330)%0A%20%20%20%20at%20clearStack%20(http%3A%2F%2Flocalhost%3A8080%2Fbase%2Fnode_modules%2Fjasmine-core%2Flib%2Fjasmine-core%2Fjasmine.js%3Faa6ac7a9fb8b473d3e2ca231cd383b00a811ec49%3A555)%0A%20%20%20%20at%20http%3A%2F%2Flocalhost%3A8080%2Fbase%2Fnode_modules%2Fjasmine-core%2Flib%2Fjasmine-core%2Fjasmine.js%3Faa6ac7a9fb8b473d3e2ca231cd383b00a811ec49%3A1754%0A%20%20%20%20at%20http%3A%2F%2Flocalhost%3A8080%2Fbase%2Fnode_modules%2Fjasmine-core%2Flib%2Fjasmine-core%2Fjasmine.js%3Faa6ac7a9fb8b473d3e2ca231cd383b00a811ec49%3A1733%0A%20%20%20%20at%20http%3A%2F%2Flocalhost%3A8080%2Fbase%2Fnode_modules%2Fjasmine-core%2Flib%2Fjasmine-core%2Fjasmine.js%3Faa6ac7a9fb8b473d3e2ca231cd383b00a811ec49%3A569%0A%20%20%20%20at%20http%3A%2F%2Flocalhost%3A8080%2Fbase%2Fnode_modules%2Fjasmine-core%2Flib%2Fjasmine-core%2Fjasmine.js%3Faa6ac7a9fb8b473d3e2ca231cd383b00a811ec49%3A322%0A%20%20%20%20at%20http%3A%2F%2Flocalhost%3A8080%2Fbase%2Fnode_modules%2Fjasmine-core%2Flib%2Fjasmine-core%2Fjasmine.js%3Faa6ac7a9fb8b473d3e2ca231cd383b00a811ec49%3A2072%0A%20%20%20%20at%20attemptAsync%20(http%3A%2F%2Flocalhost%3A8080%2Fbase%2Fnode_modules%2Fjasmine-core%2Flib%2Fjasmine-core%2Fjasmine.js%3Faa6ac7a9fb8b473d3e2ca231cd383b00a811ec49%3A1789)%0A%20%20%20%20at%20http%3A%2F%2Flocalhost%3A8080%2Fbase%2Fnode_modules%2Fjasmine-core%2Flib%2Fjasmine-core%2Fjasmine.js%3Faa6ac7a9fb8b473d3e2ca231cd383b00a811ec49%3A1745%0A%20%20%20%20at%20http%3A%2F%2Flocalhost%3A8080%2Fbase%2Fnode_modules%2Fjasmine-core%2Flib%2Fjasmine-core%2Fjasmine.js%3Faa6ac7a9fb8b473d3e2ca231cd383b00a811ec49%3A1733%0A%20%20%20%20at%20http%3A%2F%2Flocalhost%3A8080%2Fbase%2Fnode_modules%2Fjasmine-core%2Flib%2Fjasmine-core%2Fjasmine.js%3Faa6ac7a9fb8b473d3e2ca231cd383b00a811ec49%3A569%0A%20%20%20%20at%20http%3A%2F%2Flocalhost%3A8080%2Fbase%2Fnode_modules%2Fjasmine-core%2Flib%2Fjasmine-core%2Fjasmine.js%3Faa6ac7a9fb8b473d3e2ca231cd383b00a811ec49%3A2059%0A%20%20%20%20at%20http%3A%2F%2Flocalhost%3A8080%2Fbase%2Fnode_modules%2Fjasmine-core%2Flib%2Fjasmine-core%2Fjasmine.js%3Faa6ac7a9fb8b473d3e2ca231cd383b00a811ec49%3A2072%0A%20%20%20%20at%20attemptAsync%20(http%3A%2F%2Flocalhost%3A8080%2Fbase%2Fnode_modules%2Fjasmine-core%2Flib%2Fjasmine-core%2Fjasmine.js%3Faa6ac7a9fb8b473d3e2ca231cd383b00a811ec49%3A1789)%0A%20%20%20%20at%20http%3A%2F%2Flocalhost%3A8080%2Fbase%2Fnode_modules%2Fjasmine-core%2Flib%2Fjasmine-core%2Fjasmine.js%3Faa6ac7a9fb8b473d3e2ca231cd383b00a811ec49%3A1745%0A%20%20%20%20at%20http%3A%2F%2Flocalhost%3A8080%2Fbase%2Fnode_modules%2Fjasmine-core%2Flib%2Fjasmine-core%2Fjasmine.js%3Faa6ac7a9fb8b473d3e2ca231cd383b00a811ec49%3A1733%0A%20%20%20%20at%20http%3A%2F%2Flocalhost%3A8080%2Fbase%2Fnode_modules%2Fjasmine-core%2Flib%2Fjasmine-core%2Fjasmine.js%3Faa6ac7a9fb8b473d3e2ca231cd383b00a811ec49%3A569%0A%20%20%20%20at%20http%3A%2F%2Flocalhost%3A8080%2Fbase%2Fnode_modules%2Fjasmine-core%2Flib%2Fjasmine-core%2Fjasmine.js%3Faa6ac7a9fb8b473d3e2ca231cd383b00a811ec49%3A2059%0A%20%20%20%20at%20http%3A%2F%2Flocalhost%3A8080%2Fbase%2Fnode_modules%2Fjasmine-core%2Flib%2Fjasmine-core%2Fjasmine.js%3Faa6ac7a9fb8b473d3e2ca231cd383b00a811ec49%3A599%0A%20%20%20%20at%20attemptAsync%20(http%3A%2F%2Flocalhost%3A8080%2Fbase%2Fnode_modules%2Fjasmine-core%2Flib%2Fjasmine-core%2Fjasmine.js%3Faa6ac7a9fb8b473d3e2ca231cd383b00a811ec49%3A1789)%0A%20%20%20%20at%20http%3A%2F%2Flocalhost%3A8080%2Fbase%2Fnode_modules%2Fjasmine-core%2Flib%2Fjasmine-core%2Fjasmine.js%3Faa6ac7a9fb8b473d3e2ca231cd383b00a811ec49%3A1745%0A%20%20%20%20at%20http%3A%2F%2Flocalhost%3A8080%2Fbase%2Fnode_modules%2Fjasmine-core%2Flib%2Fjasmine-core%2Fjasmine.js%3Faa6ac7a9fb8b473d3e2ca231cd383b00a811ec49%3A1733%0A%20%20%20%20at%20http%3A%2F%2Flocalhost%3A8080%2Fbase%2Fnode_modules%2Fjasmine-core%2Flib%2Fjasmine-core%2Fjasmine.js%3Faa6ac7a9fb8b473d3e2ca231cd383b00a811ec49%3A569%0A%20%20%20%20at%20http%3A%2F%2Flocalhost%3A8080%2Fbase%2Fnode_modules%2Fjasmine-core%2Flib%2Fjasmine-core%2Fjasmine.js%3Faa6ac7a9fb8b473d3e2ca231cd383b00a811ec49%3A606%0A%20%20%20%20at%20http%3A%2F%2Flocalhost%3A8080%2Fbase%2Fnode_modules%2Fkarma-jasmine%2Flib%2Fboot.js%3F925440973c97e93b99c71f4b1091e4ef4a713597%3A126%0A%20%20%20%20at%20http%3A%2F%2Flocalhost%3A8080%2Fbase%2Fnode_modules%2Fkarma-jasmine%2Flib%2Fadapter.js%3Ff5bb63f803b8f4d472730641a2929add290ec98e%3A184%0A%20%20%20%20at%20http%3A%2F%2Flocalhost%3A8080%2Fkarma.js%3A185%0A%20%20%20%20at%20http%3A%2F%2Flocalhost%3A8080%2Fcontext.html%3A63
	    at /home/maxeemus/projects/angular/yotest/bower_components/angular/angular.js:4118
	    at forEach (/home/maxeemus/projects/angular/yotest/bower_components/angular/angular.js:323)
	    at loadModules (/home/maxeemus/projects/angular/yotest/bower_components/angular/angular.js:4120)
	    at /home/maxeemus/projects/angular/yotest/bower_components/angular/angular.js:4095
	    at forEach (/home/maxeemus/projects/angular/yotest/bower_components/angular/angular.js:323)
	    at loadModules (/home/maxeemus/projects/angular/yotest/bower_components/angular/angular.js:4120)
	    at createInjector (/home/maxeemus/projects/angular/yotest/bower_components/angular/angular.js:4004)
	    at workFn (/home/maxeemus/projects/angular/yotest/bower_components/angular-mocks/angular-mocks.js:2339)
	    at /home/maxeemus/projects/angular/yotest/node_modules/karma-jasmine/lib/boot.js:126
	    at /home/maxeemus/projects/angular/yotest/node_modules/karma-jasmine/lib/adapter.js:184
	    at http://localhost:8080/karma.js:185
	    at http://localhost:8080/context.html:63
	http://errors.angularjs.org/1.3.8/$injector/modulerr?p0=googleFastMap&p1=Error%3A%20%5B%24injector%3Amodulerr%5D%20Failed%20to%20instantiate%20module%20uiGmapgoogle-maps%20due%20to%3A%0AError%3A%20%5B%24injector%3Anomod%5D%20Module%20'uiGmapgoogle-maps'%20is%20not%20available!%20You%20either%20misspelled%20the%20module%20name%20or%20forgot%20to%20load%20it.%20If%20registering%20a%20module%20ensure%20that%20you%20specify%20the%20dependencies%20as%20the%20second%20argument.%0Ahttp%3A%2F%2Ferrors.angularjs.org%2F1.3.8%2F%24injector%2Fnomod%3Fp0%3DuiGmapgoogle-maps%0A%20%20%20%20at%20http%3A%2F%2Flocalhost%3A8080%2Fbase%2Fbower_components%2Fangular%2Fangular.js%3Febb86f089066f7089a249e390e64bcab67622158%3A1766%0A%20%20%20%20at%20ensure%20(http%3A%2F%2Flocalhost%3A8080%2Fbase%2Fbower_components%2Fangular%2Fangular.js%3Febb86f089066f7089a249e390e64bcab67622158%3A1688)%0A%20%20%20%20at%20module%20(http%3A%2F%2Flocalhost%3A8080%2Fbase%2Fbower_components%2Fangular%2Fangular.js%3Febb86f089066f7089a249e390e64bcab67622158%3A1984)%0A%20%20%20%20at%20http%3A%2F%2Flocalhost%3A8080%2Fbase%2Fbower_components%2Fangular%2Fangular.js%3Febb86f089066f7089a249e390e64bcab67622158%3A4094%0A%20%20%20%20at%20forEach%20(http%3A%2F%2Flocalhost%3A8080%2Fbase%2Fbower_components%2Fangular%2Fangular.js%3Febb86f089066f7089a249e390e64bcab67622158%3A323)%0A%20%20%20%20at%20loadModules%20(http%3A%2F%2Flocalhost%3A8080%2Fbase%2Fbower_components%2Fangular%2Fangular.js%3Febb86f089066f7089a249e390e64bcab67622158%3A4120)%0A%20%20%20%20at%20http%3A%2F%2Flocalhost%3A8080%2Fbase%2Fbower_components%2Fangular%2Fangular.js%3Febb86f089066f7089a249e390e64bcab67622158%3A4095%0A%20%20%20%20at%20forEach%20(http%3A%2F%2Flocalhost%3A8080%2Fbase%2Fbower_components%2Fangular%2Fangular.js%3Febb86f089066f7089a249e390e64bcab67622158%3A323)%0A%20%20%20%20at%20loadModules%20(http%3A%2F%2Flocalhost%3A8080%2Fbase%2Fbower_components%2Fangular%2Fangular.js%3Febb86f089066f7089a249e390e64bcab67622158%3A4120)%0A%20%20%20%20at%20createInjector%20(http%3A%2F%2Flocalhost%3A8080%2Fbase%2Fbower_components%2Fangular%2Fangular.js%3Febb86f089066f7089a249e390e64bcab67622158%3A4004)%0A%20%20%20%20at%20workFn%20(http%3A%2F%2Flocalhost%3A8080%2Fbase%2Fbower_components%2Fangular-mocks%2Fangular-mocks.js%3Fb01a9cf8de7de4def103da067347cb07fe247c96%3A2339)%0A%20%20%20%20at%20attemptSync%20(http%3A%2F%2Flocalhost%3A8080%2Fbase%2Fnode_modules%2Fjasmine-core%2Flib%2Fjasmine-core%2Fjasmine.js%3Faa6ac7a9fb8b473d3e2ca231cd383b00a811ec49%3A1759)%0A%20%20%20%20at%20http%3A%2F%2Flocalhost%3A8080%2Fbase%2Fnode_modules%2Fjasmine-core%2Flib%2Fjasmine-core%2Fjasmine.js%3Faa6ac7a9fb8b473d3e2ca231cd383b00a811ec49%3A1747%0A%20%20%20%20at%20http%3A%2F%2Flocalhost%3A8080%2Fbase%2Fnode_modules%2Fjasmine-core%2Flib%2Fjasmine-core%2Fjasmine.js%3Faa6ac7a9fb8b473d3e2ca231cd383b00a811ec49%3A1733%0A%20%20%20%20at%20http%3A%2F%2Flocalhost%3A8080%2Fbase%2Fnode_modules%2Fjasmine-core%2Flib%2Fjasmine-core%2Fjasmine.js%3Faa6ac7a9fb8b473d3e2ca231cd383b00a811ec49%3A569%0A%20%20%20%20at%20http%3A%2F%2Flocalhost%3A8080%2Fbase%2Fnode_modules%2Fjasmine-core%2Flib%2Fjasmine-core%2Fjasmine.js%3Faa6ac7a9fb8b473d3e2ca231cd383b00a811ec49%3A322%0A%20%20%20%20at%20http%3A%2F%2Flocalhost%3A8080%2Fbase%2Fnode_modules%2Fjasmine-core%2Flib%2Fjasmine-core%2Fjasmine.js%3Faa6ac7a9fb8b473d3e2ca231cd383b00a811ec49%3A2072%0A%20%20%20%20at%20attemptAsync%20(http%3A%2F%2Flocalhost%3A8080%2Fbase%2Fnode_modules%2Fjasmine-core%2Flib%2Fjasmine-core%2Fjasmine.js%3Faa6ac7a9fb8b473d3e2ca231cd383b00a811ec49%3A1789)%0A%20%20%20%20at%20http%3A%2F%2Flocalhost%3A8080%2Fbase%2Fnode_modules%2Fjasmine-core%2Flib%2Fjasmine-core%2Fjasmine.js%3Faa6ac7a9fb8b473d3e2ca231cd383b00a811ec49%3A1745%0A%20%20%20%20at%20http%3A%2F%2Flocalhost%3A8080%2Fbase%2Fnode_modules%2Fjasmine-core%2Flib%2Fjasmine-core%2Fjasmine.js%3Faa6ac7a9fb8b473d3e2ca231cd383b00a811ec49%3A1733%0A%20%20%20%20at%20http%3A%2F%2Flocalhost%3A8080%2Fbase%2Fnode_modules%2Fjasmine-core%2Flib%2Fjasmine-core%2Fjasmine.js%3Faa6ac7a9fb8b473d3e2ca231cd383b00a811ec49%3A569%0A%20%20%20%20at%20http%3A%2F%2Flocalhost%3A8080%2Fbase%2Fnode_modules%2Fjasmine-core%2Flib%2Fjasmine-core%2Fjasmine.js%3Faa6ac7a9fb8b473d3e2ca231cd383b00a811ec49%3A2059%0A%20%20%20%20at%20http%3A%2F%2Flocalhost%3A8080%2Fbase%2Fnode_modules%2Fjasmine-core%2Flib%2Fjasmine-core%2Fjasmine.js%3Faa6ac7a9fb8b473d3e2ca231cd383b00a811ec49%3A2072%0A%20%20%20%20at%20attemptAsync%20(http%3A%2F%2Flocalhost%3A8080%2Fbase%2Fnode_modules%2Fjasmine-core%2Flib%2Fjasmine-core%2Fjasmine.js%3Faa6ac7a9fb8b473d3e2ca231cd383b00a811ec49%3A1789)%0A%20%20%20%20at%20http%3A%2F%2Flocalhost%3A8080%2Fbase%2Fnode_modules%2Fjasmine-core%2Flib%2Fjasmine-core%2Fjasmine.js%3Faa6ac7a9fb8b473d3e2ca231cd383b00a811ec49%3A1745%0A%20%20%20%20at%20http%3A%2F%2Flocalhost%3A8080%2Fbase%2Fnode_modules%2Fjasmine-core%2Flib%2Fjasmine-core%2Fjasmine.js%3Faa6ac7a9fb8b473d3e2ca231cd383b00a811ec49%3A1771%0A%20%20%20%20at%20http%3A%2F%2Flocalhost%3A8080%2Fbase%2Fnode_modules%2Fjasmine-core%2Flib%2Fjasmine-core%2Fjasmine.js%3Faa6ac7a9fb8b473d3e2ca231cd383b00a811ec49%3A1716%0A%20%20%20%20at%20complete%20(http%3A%2F%2Flocalhost%3A8080%2Fbase%2Fnode_modules%2Fjasmine-core%2Flib%2Fjasmine-core%2Fjasmine.js%3Faa6ac7a9fb8b473d3e2ca231cd383b00a811ec49%3A2067)%0A%20%20%20%20at%20clearStack%20(http%3A%2F%2Flocalhost%3A8080%2Fbase%2Fnode_modules%2Fjasmine-core%2Flib%2Fjasmine-core%2Fjasmine.js%3Faa6ac7a9fb8b473d3e2ca231cd383b00a811ec49%3A555)%0A%20%20%20%20at%20http%3A%2F%2Flocalhost%3A8080%2Fbase%2Fnode_modules%2Fjasmine-core%2Flib%2Fjasmine-core%2Fjasmine.js%3Faa6ac7a9fb8b473d3e2ca231cd383b00a811ec49%3A1754%0A%20%20%20%20at%20http%3A%2F%2Flocalhost%3A8080%2Fbase%2Fnode_modules%2Fjasmine-core%2Flib%2Fjasmine-core%2Fjasmine.js%3Faa6ac7a9fb8b473d3e2ca231cd383b00a811ec49%3A1771%0A%20%20%20%20at%20http%3A%2F%2Flocalhost%3A8080%2Fbase%2Fnode_modules%2Fjasmine-core%2Flib%2Fjasmine-core%2Fjasmine.js%3Faa6ac7a9fb8b473d3e2ca231cd383b00a811ec49%3A1716%0A%20%20%20%20at%20complete%20(http%3A%2F%2Flocalhost%3A8080%2Fbase%2Fnode_modules%2Fjasmine-core%2Flib%2Fjasmine-core%2Fjasmine.js%3Faa6ac7a9fb8b473d3e2ca231cd383b00a811ec49%3A330)%0A%20%20%20%20at%20clearStack%20(http%3A%2F%2Flocalhost%3A8080%2Fbase%2Fnode_modules%2Fjasmine-core%2Flib%2Fjasmine-core%2Fjasmine.js%3Faa6ac7a9fb8b473d3e2ca231cd383b00a811ec49%3A555)%0A%20%20%20%20at%20http%3A%2F%2Flocalhost%3A8080%2Fbase%2Fnode_modules%2Fjasmine-core%2Flib%2Fjasmine-core%2Fjasmine.js%3Faa6ac7a9fb8b473d3e2ca231cd383b00a811ec49%3A1754%0A%20%20%20%20at%20http%3A%2F%2Flocalhost%3A8080%2Fbase%2Fnode_modules%2Fjasmine-core%2Flib%2Fjasmine-core%2Fjasmine.js%3Faa6ac7a9fb8b473d3e2ca231cd383b00a811ec49%3A1733%0A%20%20%20%20at%20http%3A%2F%2Flocalhost%3A8080%2Fbase%2Fnode_modules%2Fjasmine-core%2Flib%2Fjasmine-core%2Fjasmine.js%3Faa6ac7a9fb8b473d3e2ca231cd383b00a811ec49%3A569%0A%20%20%20%20at%20http%3A%2F%2Flocalhost%3A8080%2Fbase%2Fnode_modules%2Fjasmine-core%2Flib%2Fjasmine-core%2Fjasmine.js%3Faa6ac7a9fb8b473d3e2ca231cd383b00a811ec49%3A322%0A%20%20%20%20at%20http%3A%2F%2Flocalhost%3A8080%2Fbase%2Fnode_modules%2Fjasmine-core%2Flib%2Fjasmine-core%2Fjasmine.js%3Faa6ac7a9fb8b473d3e2ca231cd383b00a811ec49%3A2072%0A%20%20%20%20at%20attemptAsync%20(http%3A%2F%2Flocalhost%3A8080%2Fbase%2Fnode_modules%2Fjasmine-core%2Flib%2Fjasmine-core%2Fjasmine.js%3Faa6ac7a9fb8b473d3e2ca231cd383b00a811ec49%3A1789)%0A%20%20%20%20at%20http%3A%2F%2Flocalhost%3A8080%2Fbase%2Fnode_modules%2Fjasmine-core%2Flib%2Fjasmine-core%2Fjasmine.js%3Faa6ac7a9fb8b473d3e2ca231cd383b00a811ec49%3A1745%0A%20%20%20%20at%20http%3A%2F%2Flocalhost%3A8080%2Fbase%2Fnode_modules%2Fjasmine-core%2Flib%2Fjasmine-core%2Fjasmine.js%3Faa6ac7a9fb8b473d3e2ca231cd383b00a811ec49%3A1733%0A%20%20%20%20at%20http%3A%2F%2Flocalhost%3A8080%2Fbase%2Fnode_modules%2Fjasmine-core%2Flib%2Fjasmine-core%2Fjasmine.js%3Faa6ac7a9fb8b473d3e2ca231cd383b00a811ec49%3A569%0A%20%20%20%20at%20http%3A%2F%2Flocalhost%3A8080%2Fbase%2Fnode_modules%2Fjasmine-core%2Flib%2Fjasmine-core%2Fjasmine.js%3Faa6ac7a9fb8b473d3e2ca231cd383b00a811ec49%3A2059%0A%20%20%20%20at%20http%3A%2F%2Flocalhost%3A8080%2Fbase%2Fnode_modules%2Fjasmine-core%2Flib%2Fjasmine-core%2Fjasmine.js%3Faa6ac7a9fb8b473d3e2ca231cd383b00a811ec49%3A2072%0A%20%20%20%20at%20attemptAsync%20(http%3A%2F%2Flocalhost%3A8080%2Fbase%2Fnode_modules%2Fjasmine-core%2Flib%2Fjasmine-core%2Fjasmine.js%3Faa6ac7a9fb8b473d3e2ca231cd383b00a811ec49%3A1789)%0A%20%20%20%20at%20http%3A%2F%2Flocalhost%3A8080%2Fbase%2Fnode_modules%2Fjasmine-core%2Flib%2Fjasmine-core%2Fjasmine.js%3Faa6ac7a9fb8b473d3e2ca231cd383b00a811ec49%3A1745%0A%20%20%20%20at%20http%3A%2F%2Flocalhost%3A8080%2Fbase%2Fnode_modules%2Fjasmine-core%2Flib%2Fjasmine-core%2Fjasmine.js%3Faa6ac7a9fb8b473d3e2ca231cd383b00a811ec49%3A1771%0A%20%20%20%20at%20http%3A%2F%2Flocalhost%3A8080%2Fbase%2Fnode_modules%2Fjasmine-core%2Flib%2Fjasmine-core%2Fjasmine.js%3Faa6ac7a9fb8b473d3e2ca231cd383b00a811ec49%3A1716%0A%20%20%20%20at%20complete%20(http%3A%2F%2Flocalhost%3A8080%2Fbase%2Fnode_modules%2Fjasmine-core%2Flib%2Fjasmine-core%2Fjasmine.js%3Faa6ac7a9fb8b473d3e2ca231cd383b00a811ec49%3A2067)%0A%20%20%20%20at%20clearStack%20(http%3A%2F%2Flocalhost%3A8080%2Fbase%2Fnode_modules%2Fjasmine-core%2Flib%2Fjasmine-core%2Fjasmine.js%3Faa6ac7a9fb8b473d3e2ca231cd383b00a811ec49%3A555)%0A%20%20%20%20at%20http%3A%2F%2Flocalhost%3A8080%2Fbase%2Fnode_modules%2Fjasmine-core%2Flib%2Fjasmine-core%2Fjasmine.js%3Faa6ac7a9fb8b473d3e2ca231cd383b00a811ec49%3A1754%0A%20%20%20%20at%20http%3A%2F%2Flocalhost%3A8080%2Fbase%2Fnode_modules%2Fjasmine-core%2Flib%2Fjasmine-core%2Fjasmine.js%3Faa6ac7a9fb8b473d3e2ca231cd383b00a811ec49%3A1771%0A%20%20%20%20at%20http%3A%2F%2Flocalhost%3A8080%2Fbase%2Fnode_modules%2Fjasmine-core%2Flib%2Fjasmine-core%2Fjasmine.js%3Faa6ac7a9fb8b473d3e2ca231cd383b00a811ec49%3A1716%0A%20%20%20%20at%20complete%20(http%3A%2F%2Flocalhost%3A8080%2Fbase%2Fnode_modules%2Fjasmine-core%2Flib%2Fjasmine-core%2Fjasmine.js%3Faa6ac7a9fb8b473d3e2ca231cd383b00a811ec49%3A330)%0A%20%20%20%20at%20clearStack%20(http%3A%2F%2Flocalhost%3A8080%2Fbase%2Fnode_modules%2Fjasmine-core%2Flib%2Fjasmine-core%2Fjasmine.js%3Faa6ac7a9fb8b473d3e2ca231cd383b00a811ec49%3A555)%0A%20%20%20%20at%20http%3A%2F%2Flocalhost%3A8080%2Fbase%2Fnode_modules%2Fjasmine-core%2Flib%2Fjasmine-core%2Fjasmine.js%3Faa6ac7a9fb8b473d3e2ca231cd383b00a811ec49%3A1754%0A%20%20%20%20at%20http%3A%2F%2Flocalhost%3A8080%2Fbase%2Fnode_modules%2Fjasmine-core%2Flib%2Fjasmine-core%2Fjasmine.js%3Faa6ac7a9fb8b473d3e2ca231cd383b00a811ec49%3A1733%0A%20%20%20%20at%20http%3A%2F%2Flocalhost%3A8080%2Fbase%2Fnode_modules%2Fjasmine-core%2Flib%2Fjasmine-core%2Fjasmine.js%3Faa6ac7a9fb8b473d3e2ca231cd383b00a811ec49%3A569%0A%20%20%20%20at%20http%3A%2F%2Flocalhost%3A8080%2Fbase%2Fnode_modules%2Fjasmine-core%2Flib%2Fjasmine-core%2Fjasmine.js%3Faa6ac7a9fb8b473d3e2ca231cd383b00a811ec49%3A322%0A%20%20%20%20at%20http%3A%2F%2Flocalhost%3A8080%2Fbase%2Fnode_modules%2Fjasmine-core%2Flib%2Fjasmine-core%2Fjasmine.js%3Faa6ac7a9fb8b473d3e2ca231cd383b00a811ec49%3A2072%0A%20%20%20%20at%20attemptAsync%20(http%3A%2F%2Flocalhost%3A8080%2Fbase%2Fnode_modules%2Fjasmine-core%2Flib%2Fjasmine-core%2Fjasmine.js%3Faa6ac7a9fb8b473d3e2ca231cd383b00a811ec49%3A1789)%0A%20%20%20%20at%20http%3A%2F%2Flocalhost%3A8080%2Fbase%2Fnode_modules%2Fjasmine-core%2Flib%2Fjasmine-core%2Fjasmine.js%3Faa6ac7a9fb8b473d3e2ca231cd383b00a811ec49%3A1745%0A%20%20%20%20at%20http%3A%2F%2Flocalhost%3A8080%2Fbase%2Fnode_modules%2Fjasmine-core%2Flib%2Fjasmine-core%2Fjasmine.js%3Faa6ac7a9fb8b473d3e2ca231cd383b00a811ec49%3A1733%0A%20%20%20%20at%20http%3A%2F%2Flocalhost%3A8080%2Fbase%2Fnode_modules%2Fjasmine-core%2Flib%2Fjasmine-core%2Fjasmine.js%3Faa6ac7a9fb8b473d3e2ca231cd383b00a811ec49%3A569%0A%20%20%20%20at%20http%3A%2F%2Flocalhost%3A8080%2Fbase%2Fnode_modules%2Fjasmine-core%2Flib%2Fjasmine-core%2Fjasmine.js%3Faa6ac7a9fb8b473d3e2ca231cd383b00a811ec49%3A2059%0A%20%20%20%20at%20http%3A%2F%2Flocalhost%3A8080%2Fbase%2Fnode_modules%2Fjasmine-core%2Flib%2Fjasmine-core%2Fjasmine.js%3Faa6ac7a9fb8b473d3e2ca231cd383b00a811ec49%3A2072%0A%20%20%20%20at%20attemptAsync%20(http%3A%2F%2Flocalhost%3A8080%2Fbase%2Fnode_modules%2Fjasmine-core%2Flib%2Fjasmine-core%2Fjasmine.js%3Faa6ac7a9fb8b473d3e2ca231cd383b00a811ec49%3A1789)%0A%20%20%20%20at%20http%3A%2F%2Flocalhost%3A8080%2Fbase%2Fnode_modules%2Fjasmine-core%2Flib%2Fjasmine-core%2Fjasmine.js%3Faa6ac7a9fb8b473d3e2ca231cd383b00a811ec49%3A1745%0A%20%20%20%20at%20http%3A%2F%2Flocalhost%3A8080%2Fbase%2Fnode_modules%2Fjasmine-core%2Flib%2Fjasmine-core%2Fjasmine.js%3Faa6ac7a9fb8b473d3e2ca231cd383b00a811ec49%3A1733%0A%20%20%20%20at%20http%3A%2F%2Flocalhost%3A8080%2Fbase%2Fnode_modules%2Fjasmine-core%2Flib%2Fjasmine-core%2Fjasmine.js%3Faa6ac7a9fb8b473d3e2ca231cd383b00a811ec49%3A569%0A%20%20%20%20at%20http%3A%2F%2Flocalhost%3A8080%2Fbase%2Fnode_modules%2Fjasmine-core%2Flib%2Fjasmine-core%2Fjasmine.js%3Faa6ac7a9fb8b473d3e2ca231cd383b00a811ec49%3A2059%0A%20%20%20%20at%20http%3A%2F%2Flocalhost%3A8080%2Fbase%2Fnode_modules%2Fjasmine-core%2Flib%2Fjasmine-core%2Fjasmine.js%3Faa6ac7a9fb8b473d3e2ca231cd383b00a811ec49%3A599%0A%20%20%20%20at%20attemptAsync%20(http%3A%2F%2Flocalhost%3A8080%2Fbase%2Fnode_modules%2Fjasmine-core%2Flib%2Fjasmine-core%2Fjasmine.js%3Faa6ac7a9fb8b473d3e2ca231cd383b00a811ec49%3A1789)%0A%20%20%20%20at%20http%3A%2F%2Flocalhost%3A8080%2Fbase%2Fnode_modules%2Fjasmine-core%2Flib%2Fjasmine-core%2Fjasmine.js%3Faa6ac7a9fb8b473d3e2ca231cd383b00a811ec49%3A1745%0A%20%20%20%20at%20http%3A%2F%2Flocalhost%3A8080%2Fbase%2Fnode_modules%2Fjasmine-core%2Flib%2Fjasmine-core%2Fjasmine.js%3Faa6ac7a9fb8b473d3e2ca231cd383b00a811ec49%3A1733%0A%20%20%20%20at%20http%3A%2F%2Flocalhost%3A8080%2Fbase%2Fnode_modules%2Fjasmine-core%2Flib%2Fjasmine-core%2Fjasmine.js%3Faa6ac7a9fb8b473d3e2ca231cd383b00a811ec49%3A569%0A%20%20%20%20at%20http%3A%2F%2Flocalhost%3A8080%2Fbase%2Fnode_modules%2Fjasmine-core%2Flib%2Fjasmine-core%2Fjasmine.js%3Faa6ac7a9fb8b473d3e2ca231cd383b00a811ec49%3A606%0A%20%20%20%20at%20http%3A%2F%2Flocalhost%3A8080%2Fbase%2Fnode_modules%2Fkarma-jasmine%2Flib%2Fboot.js%3F925440973c97e93b99c71f4b1091e4ef4a713597%3A126%0A%20%20%20%20at%20http%3A%2F%2Flocalhost%3A8080%2Fbase%2Fnode_modules%2Fkarma-jasmine%2Flib%2Fadapter.js%3Ff5bb63f803b8f4d472730641a2929add290ec98e%3A184%0A%20%20%20%20at%20http%3A%2F%2Flocalhost%3A8080%2Fkarma.js%3A185%0A%20%20%20%20at%20http%3A%2F%2Flocalhost%3A8080%2Fcontext.html%3A63%0Ahttp%3A%2F%2Ferrors.angularjs.org%2F1.3.8%2F%24injector%2Fmodulerr%3Fp0%3DuiGmapgoogle-maps%26p1%3DError%253A%2520%255B%2524injector%253Anomod%255D%2520Module%2520'uiGmapgoogle-maps'%2520is%2520not%2520available!%2520You%2520either%2520misspelled%2520the%2520module%2520name%2520or%2520forgot%2520to%2520load%2520it.%2520If%2520registering%2520a%2520module%2520ensure%2520that%2520you%2520specify%2520the%2520dependencies%2520as%2520the%2520second%2520argument.%250Ahttp%253A%252F%252Ferrors.angularjs.org%252F1.3.8%252F%2524injector%252Fnomod%253Fp0%253DuiGmapgoogle-maps%250A%2520%2520%2520%2520at%2520http%253A%252F%252Flocalhost%253A8080%252Fbase%252Fbower_components%252Fangular%252Fangular.js%253Febb86f089066f7089a249e390e64bcab67622158%253A1766%250A%2520%2520%2520%2520at%2520ensure%2520(http%253A%252F%252Flocalhost%253A8080%252Fbase%252Fbower_components%252Fangular%252Fangular.js%253Febb86f089066f7089a249e390e64bcab67622158%253A1688)%250A%2520%2520%2520%2520at%2520module%2520(http%253A%252F%252Flocalhost%253A8080%252Fbase%252Fbower_components%252Fangular%252Fangular.js%253Febb86f089066f7089a249e390e64bcab67622158%253A1984)%250A%2520%2520%2520%2520at%2520http%253A%252F%252Flocalhost%253A8080%252Fbase%252Fbower_components%252Fangular%252Fangular.js%253Febb86f089066f7089a249e390e64bcab67622158%253A4094%250A%2520%2520%2520%2520at%2520forEach%2520(http%253A%252F%252Flocalhost%253A8080%252Fbase%252Fbower_components%252Fangular%252Fangular.js%253Febb86f089066f7089a249e390e64bcab67622158%253A323)%250A%2520%2520%2520%2520at%2520loadModules%2520(http%253A%252F%252Flocalhost%253A8080%252Fbase%252Fbower_components%252Fangular%252Fangular.js%253Febb86f089066f7089a249e390e64bcab67622158%253A4120)%250A%2520%2520%2520%2520at%2520http%253A%252F%252Flocalhost%253A8080%252Fbase%252Fbower_components%252Fangular%252Fangular.js%253Febb86f089066f7089a249e390e64bcab67622158%253A4095%250A%2520%2520%2520%2520at%2520forEach%2520(http%253A%252F%252Flocalhost%253A8080%252Fbase%252Fbower_components%252Fangular%252Fangular.js%253Febb86f089066f7089a249e390e64bcab67622158%253A323)%250A%2520%2520%2520%2520at%2520loadModules%2520(http%253A%252F%252Flocalhost%253A8080%252Fbase%252Fbower_components%252Fangular%252Fangular.js%253Febb86f089066f7089a249e390e64bcab67622158%253A4120)%250A%2520%2520%2520%2520at%2520createInjector%2520(http%253A%252F%252Flocalhost%253A8080%252Fbase%252Fbower_components%252Fangular%252Fangular.js%253Febb86f089066f7089a249e390e64bcab67622158%253A4004)%250A%2520%2520%2520%2520at%2520workFn%2520(http%253A%252F%252Flocalhost%253A8080%252Fbase%252Fbower_components%252Fangular-mocks%252Fangular-mocks.js%253Fb01a9cf8de7de4def103da067347cb07fe247c96%253A2339)%250A%2520%2520%2520%2520at%2520attemptSync%2520(http%253A%252F%252Flocalhost%253A8080%252Fbase%252Fnode_modules%252Fjasmine-core%252Flib%252Fjasmine-core%252Fjasmine.js%253Faa6ac7a9fb8b473d3e2ca231cd383b00a811ec49%253A1759)%250A%2520%2520%2520%2520at%2520http%253A%252F%252Flocalhost%253A8080%252Fbase%252Fnode_modules%252Fjasmine-core%252Flib%252Fjasmine-core%252Fjasmine.js%253Faa6ac7a9fb8b473d3e2ca231cd383b00a811ec49%253A1747%250A%2520%2520%2520%2520at%2520http%253A%252F%252Flocalhost%253A8080%252Fbase%252Fnode_modules%252Fjasmine-core%252Flib%252Fjasmine-core%252Fjasmine.js%253Faa6ac7a9fb8b473d3e2ca231cd383b00a811ec49%253A1733%250A%2520%2520%2520%2520at%2520http%253A%252F%252Flocalhost%253A8080%252Fbase%252Fnode_modules%252Fjasmine-core%252Flib%252Fjasmine-core%252Fjasmine.js%253Faa6ac7a9fb8b473d3e2ca231cd383b00a811ec49%253A569%250A%2520%2520%2520%2520at%2520http%253A%252F%252Flocalhost%253A8080%252Fbase%252Fnode_modules%252Fjasmine-core%252Flib%252Fjasmine-core%252Fjasmine.js%253Faa6ac7a9fb8b473d3e2ca231cd383b00a811ec49%253A322%250A%2520%2520%2520%2520at%2520http%253A%252F%252Flocalhost%253A8080%252Fbase%252Fnode_modules%252Fjasmine-core%252Flib%252Fjasmine-core%252Fjasmine.js%253Faa6ac7a9fb8b473d3e2ca231cd383b00a811ec49%253A2072%250A%2520%2520%2520%2520at%2520attemptAsync%2520(http%253A%252F%252Flocalhost%253A8080%252Fbase%252Fnode_modules%252Fjasmine-core%252Flib%252Fjasmine-core%252Fjasmine.js%253Faa6ac7a9fb8b473d3e2ca231cd383b00a811ec49%253A1789)%250A%2520%2520%2520%2520at%2520http%253A%252F%252Flocalhost%253A8080%252Fbase%252Fnode_modules%252Fjasmine-core%252Flib%252Fjasmine-core%252Fjasmine.js%253Faa6ac7a9fb8b473d3e2ca231cd383b00a811ec49%253A1745%250A%2520%2520%2520%2520at%2520http%253A%252F%252Flocalhost%253A8080%252Fbase%252Fnode_modules%252Fjasmine-core%252Flib%252Fjasmine-core%252Fjasmine.js%253Faa6ac7a9fb8b473d3e2ca231cd383b00a811ec49%253A1733%250A%2520%2520%2520%2520at%2520http%253A%252F%252Flocalhost%253A8080%252Fbase%252Fnode_modules%252Fjasmine-core%252Flib%252Fjasmine-core%252Fjasmine.js%253Faa6ac7a9fb8b473d3e2ca231cd383b00a811ec49%253A569%250A%2520%2520%2520%2520at%2520http%253A%252F%252Flocalhost%253A8080%252Fbase%252Fnode_modules%252Fjasmine-core%252Flib%252Fjasmine-core%252Fjasmine.js%253Faa6ac7a9fb8b473d3e2ca231cd383b00a811ec49%253A2059%250A%2520%2520%2520%2520at%2520http%253A%252F%252Flocalhost%253A8080%252Fbase%252Fnode_modules%252Fjasmine-core%252Flib%252Fjasmine-core%252Fjasmine.js%253Faa6ac7a9fb8b473d3e2ca231cd383b00a811ec49%253A2072%250A%2520%2520%2520%2520at%2520attemptAsync%2520(http%253A%252F%252Flocalhost%253A8080%252Fbase%252Fnode_modules%252Fjasmine-core%252Flib%252Fjasmine-core%252Fjasmine.js%253Faa6ac7a9fb8b473d3e2ca231cd383b00a811ec49%253A1789)%250A%2520%2520%2520%2520at%2520http%253A%252F%252Flocalhost%253A8080%252Fbase%252Fnode_modules%252Fjasmine-core%252Flib%252Fjasmine-core%252Fjasmine.js%253Faa6ac7a9fb8b473d3e2ca231cd383b00a811ec49%253A1745%250A%2520%2520%2520%2520at%2520http%253A%252F%252Flocalhost%253A8080%252Fbase%252Fnode_modules%252Fjasmine-core%252Flib%252Fjasmine-core%252Fjasmine.js%253Faa6ac7a9fb8b473d3e2ca231cd383b00a811ec49%253A1771%250A%2520%2520%2520%2520at%2520http%253A%252F%252Flocalhost%253A8080%252Fbase%252Fnode_modules%252Fjasmine-core%252Flib%252Fjasmine-core%252Fjasmine.js%253Faa6ac7a9fb8b473d3e2ca231cd383b00a811ec49%253A1716%250A%2520%2520%2520%2520at%2520complete%2520(http%253A%252F%252Flocalhost%253A8080%252Fbase%252Fnode_modules%252Fjasmine-core%252Flib%252Fjasmine-core%252Fjasmine.js%253Faa6ac7a9fb8b473d3e2ca231cd383b00a811ec49%253A2067)%250A%2520%2520%2520%2520at%2520clearStack%2520(http%253A%252F%252Flocalhost%253A8080%252Fbase%252Fnode_modules%252Fjasmine-core%252Flib%252Fjasmine-core%252Fjasmine.js%253Faa6ac7a9fb8b473d3e2ca231cd383b00a811ec49%253A555)%250A%2520%2520%2520%2520at%2520http%253A%252F%252Flocalhost%253A8080%252Fbase%252Fnode_modules%252Fjasmine-core%252Flib%252Fjasmine-core%252Fjasmine.js%253Faa6ac7a9fb8b473d3e2ca231cd383b00a811ec49%253A1754%250A%2520%2520%2520%2520at%2520http%253A%252F%252Flocalhost%253A8080%252Fbase%252Fnode_modules%252Fjasmine-core%252Flib%252Fjasmine-core%252Fjasmine.js%253Faa6ac7a9fb8b473d3e2ca231cd383b00a811ec49%253A1771%250A%2520%2520%2520%2520at%2520http%253A%252F%252Flocalhost%253A8080%252Fbase%252Fnode_modules%252Fjasmine-core%252Flib%252Fjasmine-core%252Fjasmine.js%253Faa6ac7a9fb8b473d3e2ca231cd383b00a811ec49%253A1716%250A%2520%2520%2520%2520at%2520complete%2520(http%253A%252F%252Flocalhost%253A8080%252Fbase%252Fnode_modules%252Fjasmine-core%252Flib%252Fjasmine-core%252Fjasmine.js%253Faa6ac7a9fb8b473d3e2ca231cd383b00a811ec49%253A330)%250A%2520%2520%2520%2520at%2520clearStack%2520(http%253A%252F%252Flocalhost%253A8080%252Fbase%252Fnode_modules%252Fjasmine-core%252Flib%252Fjasmine-core%252Fjasmine.js%253Faa6ac7a9fb8b473d3e2ca231cd383b00a811ec49%253A555)%250A%2520%2520%2520%2520at%2520http%253A%252F%252Flocalhost%253A8080%252Fbase%252Fnode_modules%252Fjasmine-core%252Flib%252Fjasmine-core%252Fjasmine.js%253Faa6ac7a9fb8b473d3e2ca231cd383b00a811ec49%253A1754%250A%2520%2520%2520%2520at%2520http%253A%252F%252Flocalhost%253A8080%252Fbase%252Fnode_modules%252Fjasmine-core%252Flib%252Fjasmine-core%252Fjasmine.js%253Faa6ac7a9fb8b473d3e2ca231cd383b00a811ec49%253A1733%250A%2520%2520%2520%2520at%2520http%253A%252F%252Flocalhost%253A8080%252Fbase%252Fnode_modules%252Fjasmine-core%252Flib%252Fjasmine-core%252Fjasmine.js%253Faa6ac7a9fb8b473d3e2ca231cd383b00a811ec49%253A569%250A%2520%2520%2520%2520at%2520http%253A%252F%252Flocalhost%253A8080%252Fbase%252Fnode_modules%252Fjasmine-core%252Flib%252Fjasmine-core%252Fjasmine.js%253Faa6ac7a9fb8b473d3e2ca231cd383b00a811ec49%253A322%250A%2520%2520%2520%2520at%2520http%253A%252F%252Flocalhost%253A8080%252Fbase%252Fnode_modules%252Fjasmine-core%252Flib%252Fjasmine-core%252Fjasmine.js%253Faa6ac7a9fb8b473d3e2ca231cd383b00a811ec49%253A2072%250A%2520%2520%2520%2520at%2520attemptAsync%2520(http%253A%252F%252Flocalhost%253A8080%252Fbase%252Fnode_modules%252Fjasmine-core%252Flib%252Fjasmine-core%252Fjasmine.js%253Faa6ac7a9fb8b473d3e2ca231cd383b00a811ec49%253A1789)%250A%2520%2520%2520%2520at%2520http%253A%252F%252Flocalhost%253A8080%252Fbase%252Fnode_modules%252Fjasmine-core%252Flib%252Fjasmine-core%252Fjasmine.js%253Faa6ac7a9fb8b473d3e2ca231cd383b00a811ec49%253A1745%250A%2520%2520%2520%2520at%2520http%253A%252F%252Flocalhost%253A8080%252Fbase%252Fnode_modules%252Fjasmine-core%252Flib%252Fjasmine-core%252Fjasmine.js%253Faa6ac7a9fb8b473d3e2ca231cd383b00a811ec49%253A1733%250A%2520%2520%2520%2520at%2520http%253A%252F%252Flocalhost%253A8080%252Fbase%252Fnode_modules%252Fjasmine-core%252Flib%252Fjasmine-core%252Fjasmine.js%253Faa6ac7a9fb8b473d3e2ca231cd383b00a811ec49%253A569%250A%2520%2520%2520%2520at%2520http%253A%252F%252Flocalhost%253A8080%252Fbase%252Fnode_modules%252Fjasmine-core%252Flib%252Fjasmine-core%252Fjasmine.js%253Faa6ac7a9fb8b473d3e2ca231cd383b00a811ec49%253A2059%250A%2520%2520%2520%2520at%2520http%253A%252F%252Flocalhost%253A8080%252Fbase%252Fnode_modules%252Fjasmine-core%252Flib%252Fjasmine-core%252Fjasmine.js%253Faa6ac7a9fb8b473d3e2ca231cd383b00a811ec49%253A2072%250A%2520%2520%2520%2520at%2520attemptAsync%2520(http%253A%252F%252Flocalhost%253A8080%252Fbase%252Fnode_modules%252Fjasmine-core%252Flib%252Fjasmine-core%252Fjasmine.js%253Faa6ac7a9fb8b473d3e2ca231cd383b00a811ec49%253A1789)%250A%2520%2520%2520%2520at%2520http%253A%252F%252Flocalhost%253A8080%252Fbase%252Fnode_modules%252Fjasmine-core%252Flib%252Fjasmine-core%252Fjasmine.js%253Faa6ac7a9fb8b473d3e2ca231cd383b00a811ec49%253A1745%250A%2520%2520%2520%2520at%2520http%253A%252F%252Flocalhost%253A8080%252Fbase%252Fnode_modules%252Fjasmine-core%252Flib%252Fjasmine-core%252Fjasmine.js%253Faa6ac7a9fb8b473d3e2ca231cd383b00a811ec49%253A1771%250A%2520%2520%2520%2520at%2520http%253A%252F%252Flocalhost%253A8080%252Fbase%252Fnode_modules%252Fjasmine-core%252Flib%252Fjasmine-core%252Fjasmine.js%253Faa6ac7a9fb8b473d3e2ca231cd383b00a811ec49%253A1716%250A%2520%2520%2520%2520at%2520complete%2520(http%253A%252F%252Flocalhost%253A8080%252Fbase%252Fnode_modules%252Fjasmine-core%252Flib%252Fjasmine-core%252Fjasmine.js%253Faa6ac7a9fb8b473d3e2ca231cd383b00a811ec49%253A2067)%250A%2520%2520%2520%2520at%2520clearStack%2520(http%253A%252F%252Flocalhost%253A8080%252Fbase%252Fnode_modules%252Fjasmine-core%252Flib%252Fjasmine-core%252Fjasmine.js%253Faa6ac7a9fb8b473d3e2ca231cd383b00a811ec49%253A555)%250A%2520%2520%2520%2520at%2520http%253A%252F%252Flocalhost%253A8080%252Fbase%252Fnode_modules%252Fjasmine-core%252Flib%252Fjasmine-core%252Fjasmine.js%253Faa6ac7a9fb8b473d3e2ca231cd383b00a811ec49%253A1754%250A%2520%2520%2520%2520at%2520http%253A%252F%252Flocalhost%253A8080%252Fbase%252Fnode_modules%252Fjasmine-core%252Flib%252Fjasmine-core%252Fjasmine.js%253Faa6ac7a9fb8b473d3e2ca231cd383b00a811ec49%253A1771%250A%2520%2520%2520%2520at%2520http%253A%252F%252Flocalhost%253A8080%252Fbase%252Fnode_modules%252Fjasmine-core%252Flib%252Fjasmine-core%252Fjasmine.js%253Faa6ac7a9fb8b473d3e2ca231cd383b00a811ec49%253A1716%250A%2520%2520%2520%2520at%2520complete%2520(http%253A%252F%252Flocalhost%253A8080%252Fbase%252Fnode_modules%252Fjasmine-core%252Flib%252Fjasmine-core%252Fjasmine.js%253Faa6ac7a9fb8b473d3e2ca231cd383b00a811ec49%253A330)%250A%2520%2520%2520%2520at%2520clearStack%2520(http%253A%252F%252Flocalhost%253A8080%252Fbase%252Fnode_modules%252Fjasmine-core%252Flib%252Fjasmine-core%252Fjasmine.js%253Faa6ac7a9fb8b473d3e2ca231cd383b00a811ec49%253A555)%250A%2520%2520%2520%2520at%2520http%253A%252F%252Flocalhost%253A8080%252Fbase%252Fnode_modules%252Fjasmine-core%252Flib%252Fjasmine-core%252Fjasmine.js%253Faa6ac7a9fb8b473d3e2ca231cd383b00a811ec49%253A1754%250A%2520%2520%2520%2520at%2520http%253A%252F%252Flocalhost%253A8080%252Fbase%252Fnode_modules%252Fjasmine-core%252Flib%252Fjasmine-core%252Fjasmine.js%253Faa6ac7a9fb8b473d3e2ca231cd383b00a811ec49%253A1733%250A%2520%2520%2520%2520at%2520http%253A%252F%252Flocalhost%253A8080%252Fbase%252Fnode_modules%252Fjasmine-core%252Flib%252Fjasmine-core%252Fjasmine.js%253Faa6ac7a9fb8b473d3e2ca231cd383b00a811ec49%253A569%250A%2520%2520%2520%2520at%2520http%253A%252F%252Flocalhost%253A8080%252Fbase%252Fnode_modules%252Fjasmine-core%252Flib%252Fjasmine-core%252Fjasmine.js%253Faa6ac7a9fb8b473d3e2ca231cd383b00a811ec49%253A322%250A%2520%2520%2520%2520at%2520http%253A%252F%252Flocalhost%253A8080%252Fbase%252Fnode_modules%252Fjasmine-core%252Flib%252Fjasmine-core%252Fjasmine.js%253Faa6ac7a9fb8b473d3e2ca231cd383b00a811ec49%253A2072%250A%2520%2520%2520%2520at%2520attemptAsync%2520(http%253A%252F%252Flocalhost%253A8080%252Fbase%252Fnode_modules%252Fjasmine-core%252Flib%252Fjasmine-core%252Fjasmine.js%253Faa6ac7a9fb8b473d3e2ca231cd383b00a811ec49%253A1789)%250A%2520%2520%2520%2520at%2520http%253A%252F%252Flocalhost%253A8080%252Fbase%252Fnode_modules%252Fjasmine-core%252Flib%252Fjasmine-core%252Fjasmine.js%253Faa6ac7a9fb8b473d3e2ca231cd383b00a811ec49%253A1745%250A%2520%2520%2520%2520at%2520http%253A%252F%252Flocalhost%253A8080%252Fbase%252Fnode_modules%252Fjasmine-core%252Flib%252Fjasmine-core%252Fjasmine.js%253Faa6ac7a9fb8b473d3e2ca231cd383b00a811ec49%253A1733%250A%2520%2520%2520%2520at%2520http%253A%252F%252Flocalhost%253A8080%252Fbase%252Fnode_modules%252Fjasmine-core%252Flib%252Fjasmine-core%252Fjasmine.js%253Faa6ac7a9fb8b473d3e2ca231cd383b00a811ec49%253A569%250A%2520%2520%2520%2520at%2520http%253A%252F%252Flocalhost%253A8080%252Fbase%252Fnode_modules%252Fjasmine-core%252Flib%252Fjasmine-core%252Fjasmine.js%253Faa6ac7a9fb8b473d3e2ca231cd383b00a811ec49%253A2059%250A%2520%2520%2520%2520at%2520http%253A%252F%252Flocalhost%253A8080%252Fbase%252Fnode_modules%252Fjasmine-core%252Flib%252Fjasmine-core%252Fjasmine.js%253Faa6ac7a9fb8b473d3e2ca231cd383b00a811ec49%253A2072%250A%2520%2520%2520%2520at%2520attemptAsync%2520(http%253A%252F%252Flocalhost%253A8080%252Fbase%252Fnode_modules%252Fjasmine-core%252Flib%252Fjasmine-core%252Fjasmine.js%253Faa6ac7a9fb8b473d3e2ca231cd383b00a811ec49%253A1789)%250A%2520%2520%2520%2520at%2520http%253A%252F%252Flocalhost%253A8080%252Fbase%252Fnode_modules%252Fjasmine-core%252Flib%252Fjasmine-core%252Fjasmine.js%253Faa6ac7a9fb8b473d3e2ca231cd383b00a811ec49%253A1745%250A%2520%2520%2520%2520at%2520http%253A%252F%252Flocalhost%253A8080%252Fbase%252Fnode_modules%252Fjasmine-core%252Flib%252Fjasmine-core%252Fjasmine.js%253Faa6ac7a9fb8b473d3e2ca231cd383b00a811ec49%253A1733%250A%2520%2520%2520%2520at%2520http%253A%252F%252Flocalhost%253A8080%252Fbase%252Fnode_modules%252Fjasmine-core%252Flib%252Fjasmine-core%252Fjasmine.js%253Faa6ac7a9fb8b473d3e2ca231cd383b00a811ec49%253A569%250A%2520%2520%2520%2520at%2520http%253A%252F%252Flocalhost%253A8080%252Fbase%252Fnode_modules%252Fjasmine-core%252Flib%252Fjasmine-core%252Fjasmine.js%253Faa6ac7a9fb8b473d3e2ca231cd383b00a811ec49%253A2059%250A%2520%2520%2520%2520at%2520http%253A%252F%252Flocalhost%253A8080%252Fbase%252Fnode_modules%252Fjasmine-core%252Flib%252Fjasmine-core%252Fjasmine.js%253Faa6ac7a9fb8b473d3e2ca231cd383b00a811ec49%253A599%250A%2520%2520%2520%2520at%2520attemptAsync%2520(http%253A%252F%252Flocalhost%253A8080%252Fbase%252Fnode_modules%252Fjasmine-core%252Flib%252Fjasmine-core%252Fjasmine.js%253Faa6ac7a9fb8b473d3e2ca231cd383b00a811ec49%253A1789)%250A%2520%2520%2520%2520at%2520http%253A%252F%252Flocalhost%253A8080%252Fbase%252Fnode_modules%252Fjasmine-core%252Flib%252Fjasmine-core%252Fjasmine.js%253Faa6ac7a9fb8b473d3e2ca231cd383b00a811ec49%253A1745%250A%2520%2520%2520%2520at%2520http%253A%252F%252Flocalhost%253A8080%252Fbase%252Fnode_modules%252Fjasmine-core%252Flib%252Fjasmine-core%252Fjasmine.js%253Faa6ac7a9fb8b473d3e2ca231cd383b00a811ec49%253A1733%250A%2520%2520%2520%2520at%2520http%253A%252F%252Flocalhost%253A8080%252Fbase%252Fnode_modules%252Fjasmine-core%252Flib%252Fjasmine-core%252Fjasmine.js%253Faa6ac7a9fb8b473d3e2ca231cd383b00a811ec49%253A569%250A%2520%2520%2520%2520at%2520http%253A%252F%252Flocalhost%253A8080%252Fbase%252Fnode_modules%252Fjasmine-core%252Flib%252Fjasmine-core%252Fjasmine.js%253Faa6ac7a9fb8b473d3e2ca231cd383b00a811ec49%253A606%250A%2520%2520%2520%2520at%2520http%253A%252F%252Flocalhost%253A8080%252Fbase%252Fnode_modules%252Fkarma-jasmine%252Flib%252Fboot.js%253F925440973c97e93b99c71f4b1091e4ef4a713597%253A126%250A%2520%2520%2520%2520at%2520http%253A%252F%252Flocalhost%253A8080%252Fbase%252Fnode_modules%252Fkarma-jasmine%252Flib%252Fadapter.js%253Ff5bb63f803b8f4d472730641a2929add290ec98e%253A184%250A%2520%2520%2520%2520at%2520http%253A%252F%252Flocalhost%253A8080%252Fkarma.js%253A185%250A%2520%2520%2520%2520at%2520http%253A%252F%252Flocalhost%253A8080%252Fcontext.html%253A63%0A%20%20%20%20at%20http%3A%2F%2Flocalhost%3A8080%2Fbase%2Fbower_components%2Fangular%2Fangular.js%3Febb86f089066f7089a249e390e64bcab67622158%3A4118%0A%20%20%20%20at%20forEach%20(http%3A%2F%2Flocalhost%3A8080%2Fbase%2Fbower_components%2Fangular%2Fangular.js%3Febb86f089066f7089a249e390e64bcab67622158%3A323)%0A%20%20%20%20at%20loadModules%20(http%3A%2F%2Flocalhost%3A8080%2Fbase%2Fbower_components%2Fangular%2Fangular.js%3Febb86f089066f7089a249e390e64bcab67622158%3A4120)%0A%20%20%20%20at%20http%3A%2F%2Flocalhost%3A8080%2Fbase%2Fbower_components%2Fangular%2Fangular.js%3Febb86f089066f7089a249e390e64bcab67622158%3A4095%0A%20%20%20%20at%20forEach%20(http%3A%2F%2Flocalhost%3A8080%2Fbase%2Fbower_components%2Fangular%2Fangular.js%3Febb86f089066f7089a249e390e64bcab67622158%3A323)%0A%20%20%20%20at%20loadModules%20(http%3A%2F%2Flocalhost%3A8080%2Fbase%2Fbower_components%2Fangular%2Fangular.js%3Febb86f089066f7089a249e390e64bcab67622158%3A4120)%0A%20%20%20%20at%20createInjector%20(http%3A%2F%2Flocalhost%3A8080%2Fbase%2Fbower_components%2Fangular%2Fangular.js%3Febb86f089066f7089a249e390e64bcab67622158%3A4004)%0A%20%20%20%20at%20workFn%20(http%3A%2F%2Flocalhost%3A8080%2Fbase%2Fbower_components%2Fangular-mocks%2Fangular-mocks.js%3Fb01a9cf8de7de4def103da067347cb07fe247c96%3A2339)%0A%20%20%20%20at%20attemptSync%20(http%3A%2F%2Flocalhost%3A8080%2Fbase%2Fnode_modules%2Fjasmine-core%2Flib%2Fjasmine-core%2Fjasmine.js%3Faa6ac7a9fb8b473d3e2ca231cd383b00a811ec49%3A1759)%0A%20%20%20%20at%20http%3A%2F%2Flocalhost%3A8080%2Fbase%2Fnode_modules%2Fjasmine-core%2Flib%2Fjasmine-core%2Fjasmine.js%3Faa6ac7a9fb8b473d3e2ca231cd383b00a811ec49%3A1747%0A%20%20%20%20at%20http%3A%2F%2Flocalhost%3A8080%2Fbase%2Fnode_modules%2Fjasmine-core%2Flib%2Fjasmine-core%2Fjasmine.js%3Faa6ac7a9fb8b473d3e2ca231cd383b00a811ec49%3A1733%0A%20%20%20%20at%20http%3A%2F%2Flocalhost%3A8080%2Fbase%2Fnode_modules%2Fjasmine-core%2Flib%2Fjasmine-core%2Fjasmine.js%3Faa6ac7a9fb8b473d3e2ca231cd383b00a811ec49%3A569%0A%20%20%20%20at%20http%3A%2F%2Flocalhost%3A8080%2Fbase%2Fnode_modules%2Fjasmine-core%2Flib%2Fjasmine-core%2Fjasmine.js%3Faa6ac7a9fb8b473d3e2ca231cd383b00a811ec49%3A322%0A%20%20%20%20at%20http%3A%2F%2Flocalhost%3A8080%2Fbase%2Fnode_modules%2Fjasmine-core%2Flib%2Fjasmine-core%2Fjasmine.js%3Faa6ac7a9fb8b473d3e2ca231cd383b00a811ec49%3A2072%0A%20%20%20%20at%20attemptAsync%20(http%3A%2F%2Flocalhost%3A8080%2Fbase%2Fnode_modules%2Fjasmine-core%2Flib%2Fjasmine-core%2Fjasmine.js%3Faa6ac7a9fb8b473d3e2ca231cd383b00a811ec49%3A1789)%0A%20%20%20%20at%20http%3A%2F%2Flocalhost%3A8080%2Fbase%2Fnode_modules%2Fjasmine-core%2Flib%2Fjasmine-core%2Fjasmine.js%3Faa6ac7a9fb8b473d3e2ca231cd383b00a811ec49%3A1745%0A%20%20%20%20at%20http%3A%2F%2Flocalhost%3A8080%2Fbase%2Fnode_modules%2Fjasmine-core%2Flib%2Fjasmine-core%2Fjasmine.js%3Faa6ac7a9fb8b473d3e2ca231cd383b00a811ec49%3A1733%0A%20%20%20%20at%20http%3A%2F%2Flocalhost%3A8080%2Fbase%2Fnode_modules%2Fjasmine-core%2Flib%2Fjasmine-core%2Fjasmine.js%3Faa6ac7a9fb8b473d3e2ca231cd383b00a811ec49%3A569%0A%20%20%20%20at%20http%3A%2F%2Flocalhost%3A8080%2Fbase%2Fnode_modules%2Fjasmine-core%2Flib%2Fjasmine-core%2Fjasmine.js%3Faa6ac7a9fb8b473d3e2ca231cd383b00a811ec49%3A2059%0A%20%20%20%20at%20http%3A%2F%2Flocalhost%3A8080%2Fbase%2Fnode_modules%2Fjasmine-core%2Flib%2Fjasmine-core%2Fjasmine.js%3Faa6ac7a9fb8b473d3e2ca231cd383b00a811ec49%3A2072%0A%20%20%20%20at%20attemptAsync%20(http%3A%2F%2Flocalhost%3A8080%2Fbase%2Fnode_modules%2Fjasmine-core%2Flib%2Fjasmine-core%2Fjasmine.js%3Faa6ac7a9fb8b473d3e2ca231cd383b00a811ec49%3A1789)%0A%20%20%20%20at%20http%3A%2F%2Flocalhost%3A8080%2Fbase%2Fnode_modules%2Fjasmine-core%2Flib%2Fjasmine-core%2Fjasmine.js%3Faa6ac7a9fb8b473d3e2ca231cd383b00a811ec49%3A1745%0A%20%20%20%20at%20http%3A%2F%2Flocalhost%3A8080%2Fbase%2Fnode_modules%2Fjasmine-core%2Flib%2Fjasmine-core%2Fjasmine.js%3Faa6ac7a9fb8b473d3e2ca231cd383b00a811ec49%3A1771%0A%20%20%20%20at%20http%3A%2F%2Flocalhost%3A8080%2Fbase%2Fnode_modules%2Fjasmine-core%2Flib%2Fjasmine-core%2Fjasmine.js%3Faa6ac7a9fb8b473d3e2ca231cd383b00a811ec49%3A1716%0A%20%20%20%20at%20complete%20(http%3A%2F%2Flocalhost%3A8080%2Fbase%2Fnode_modules%2Fjasmine-core%2Flib%2Fjasmine-core%2Fjasmine.js%3Faa6ac7a9fb8b473d3e2ca231cd383b00a811ec49%3A2067)%0A%20%20%20%20at%20clearStack%20(http%3A%2F%2Flocalhost%3A8080%2Fbase%2Fnode_modules%2Fjasmine-core%2Flib%2Fjasmine-core%2Fjasmine.js%3Faa6ac7a9fb8b473d3e2ca231cd383b00a811ec49%3A555)%0A%20%20%20%20at%20http%3A%2F%2Flocalhost%3A8080%2Fbase%2Fnode_modules%2Fjasmine-core%2Flib%2Fjasmine-core%2Fjasmine.js%3Faa6ac7a9fb8b473d3e2ca231cd383b00a811ec49%3A1754%0A%20%20%20%20at%20http%3A%2F%2Flocalhost%3A8080%2Fbase%2Fnode_modules%2Fjasmine-core%2Flib%2Fjasmine-core%2Fjasmine.js%3Faa6ac7a9fb8b473d3e2ca231cd383b00a811ec49%3A1771%0A%20%20%20%20at%20http%3A%2F%2Flocalhost%3A8080%2Fbase%2Fnode_modules%2Fjasmine-core%2Flib%2Fjasmine-core%2Fjasmine.js%3Faa6ac7a9fb8b473d3e2ca231cd383b00a811ec49%3A1716%0A%20%20%20%20at%20complete%20(http%3A%2F%2Flocalhost%3A8080%2Fbase%2Fnode_modules%2Fjasmine-core%2Flib%2Fjasmine-core%2Fjasmine.js%3Faa6ac7a9fb8b473d3e2ca231cd383b00a811ec49%3A330)%0A%20%20%20%20at%20clearStack%20(http%3A%2F%2Flocalhost%3A8080%2Fbase%2Fnode_modules%2Fjasmine-core%2Flib%2Fjasmine-core%2Fjasmine.js%3Faa6ac7a9fb8b473d3e2ca231cd383b00a811ec49%3A555)%0A%20%20%20%20at%20http%3A%2F%2Flocalhost%3A8080%2Fbase%2Fnode_modules%2Fjasmine-core%2Flib%2Fjasmine-core%2Fjasmine.js%3Faa6ac7a9fb8b473d3e2ca231cd383b00a811ec49%3A1754%0A%20%20%20%20at%20http%3A%2F%2Flocalhost%3A8080%2Fbase%2Fnode_modules%2Fjasmine-core%2Flib%2Fjasmine-core%2Fjasmine.js%3Faa6ac7a9fb8b473d3e2ca231cd383b00a811ec49%3A1733%0A%20%20%20%20at%20http%3A%2F%2Flocalhost%3A8080%2Fbase%2Fnode_modules%2Fjasmine-core%2Flib%2Fjasmine-core%2Fjasmine.js%3Faa6ac7a9fb8b473d3e2ca231cd383b00a811ec49%3A569%0A%20%20%20%20at%20http%3A%2F%2Flocalhost%3A8080%2Fbase%2Fnode_modules%2Fjasmine-core%2Flib%2Fjasmine-core%2Fjasmine.js%3Faa6ac7a9fb8b473d3e2ca231cd383b00a811ec49%3A322%0A%20%20%20%20at%20http%3A%2F%2Flocalhost%3A8080%2Fbase%2Fnode_modules%2Fjasmine-core%2Flib%2Fjasmine-core%2Fjasmine.js%3Faa6ac7a9fb8b473d3e2ca231cd383b00a811ec49%3A2072%0A%20%20%20%20at%20attemptAsync%20(http%3A%2F%2Flocalhost%3A8080%2Fbase%2Fnode_modules%2Fjasmine-core%2Flib%2Fjasmine-core%2Fjasmine.js%3Faa6ac7a9fb8b473d3e2ca231cd383b00a811ec49%3A1789)%0A%20%20%20%20at%20http%3A%2F%2Flocalhost%3A8080%2Fbase%2Fnode_modules%2Fjasmine-core%2Flib%2Fjasmine-core%2Fjasmine.js%3Faa6ac7a9fb8b473d3e2ca231cd383b00a811ec49%3A1745%0A%20%20%20%20at%20http%3A%2F%2Flocalhost%3A8080%2Fbase%2Fnode_modules%2Fjasmine-core%2Flib%2Fjasmine-core%2Fjasmine.js%3Faa6ac7a9fb8b473d3e2ca231cd383b00a811ec49%3A1733%0A%20%20%20%20at%20http%3A%2F%2Flocalhost%3A8080%2Fbase%2Fnode_modules%2Fjasmine-core%2Flib%2Fjasmine-core%2Fjasmine.js%3Faa6ac7a9fb8b473d3e2ca231cd383b00a811ec49%3A569%0A%20%20%20%20at%20http%3A%2F%2Flocalhost%3A8080%2Fbase%2Fnode_modules%2Fjasmine-core%2Flib%2Fjasmine-core%2Fjasmine.js%3Faa6ac7a9fb8b473d3e2ca231cd383b00a811ec49%3A2059%0A%20%20%20%20at%20http%3A%2F%2Flocalhost%3A8080%2Fbase%2Fnode_modules%2Fjasmine-core%2Flib%2Fjasmine-core%2Fjasmine.js%3Faa6ac7a9fb8b473d3e2ca231cd383b00a811ec49%3A2072%0A%20%20%20%20at%20attemptAsync%20(http%3A%2F%2Flocalhost%3A8080%2Fbase%2Fnode_modules%2Fjasmine-core%2Flib%2Fjasmine-core%2Fjasmine.js%3Faa6ac7a9fb8b473d3e2ca231cd383b00a811ec49%3A1789)%0A%20%20%20%20at%20http%3A%2F%2Flocalhost%3A8080%2Fbase%2Fnode_modules%2Fjasmine-core%2Flib%2Fjasmine-core%2Fjasmine.js%3Faa6ac7a9fb8b473d3e2ca231cd383b00a811ec49%3A1745%0A%20%20%20%20at%20http%3A%2F%2Flocalhost%3A8080%2Fbase%2Fnode_modules%2Fjasmine-core%2Flib%2Fjasmine-core%2Fjasmine.js%3Faa6ac7a9fb8b473d3e2ca231cd383b00a811ec49%3A1771%0A%20%20%20%20at%20http%3A%2F%2Flocalhost%3A8080%2Fbase%2Fnode_modules%2Fjasmine-core%2Flib%2Fjasmine-core%2Fjasmine.js%3Faa6ac7a9fb8b473d3e2ca231cd383b00a811ec49%3A1716%0A%20%20%20%20at%20complete%20(http%3A%2F%2Flocalhost%3A8080%2Fbase%2Fnode_modules%2Fjasmine-core%2Flib%2Fjasmine-core%2Fjasmine.js%3Faa6ac7a9fb8b473d3e2ca231cd383b00a811ec49%3A2067)%0A%20%20%20%20at%20clearStack%20(http%3A%2F%2Flocalhost%3A8080%2Fbase%2Fnode_modules%2Fjasmine-core%2Flib%2Fjasmine-core%2Fjasmine.js%3Faa6ac7a9fb8b473d3e2ca231cd383b00a811ec49%3A555)%0A%20%20%20%20at%20http%3A%2F%2Flocalhost%3A8080%2Fbase%2Fnode_modules%2Fjasmine-core%2Flib%2Fjasmine-core%2Fjasmine.js%3Faa6ac7a9fb8b473d3e2ca231cd383b00a811ec49%3A1754%0A%20%20%20%20at%20http%3A%2F%2Flocalhost%3A8080%2Fbase%2Fnode_modules%2Fjasmine-core%2Flib%2Fjasmine-core%2Fjasmine.js%3Faa6ac7a9fb8b473d3e2ca231cd383b00a811ec49%3A1771%0A%20%20%20%20at%20http%3A%2F%2Flocalhost%3A8080%2Fbase%2Fnode_modules%2Fjasmine-core%2Flib%2Fjasmine-core%2Fjasmine.js%3Faa6ac7a9fb8b473d3e2ca231cd383b00a811ec49%3A1716%0A%20%20%20%20at%20complete%20(http%3A%2F%2Flocalhost%3A8080%2Fbase%2Fnode_modules%2Fjasmine-core%2Flib%2Fjasmine-core%2Fjasmine.js%3Faa6ac7a9fb8b473d3e2ca231cd383b00a811ec49%3A330)%0A%20%20%20%20at%20clearStack%20(http%3A%2F%2Flocalhost%3A8080%2Fbase%2Fnode_modules%2Fjasmine-core%2Flib%2Fjasmine-core%2Fjasmine.js%3Faa6ac7a9fb8b473d3e2ca231cd383b00a811ec49%3A555)%0A%20%20%20%20at%20http%3A%2F%2Flocalhost%3A8080%2Fbase%2Fnode_modules%2Fjasmine-core%2Flib%2Fjasmine-core%2Fjasmine.js%3Faa6ac7a9fb8b473d3e2ca231cd383b00a811ec49%3A1754%0A%20%20%20%20at%20http%3A%2F%2Flocalhost%3A8080%2Fbase%2Fnode_modules%2Fjasmine-core%2Flib%2Fjasmine-core%2Fjasmine.js%3Faa6ac7a9fb8b473d3e2ca231cd383b00a811ec49%3A1733%0A%20%20%20%20at%20http%3A%2F%2Flocalhost%3A8080%2Fbase%2Fnode_modules%2Fjasmine-core%2Flib%2Fjasmine-core%2Fjasmine.js%3Faa6ac7a9fb8b473d3e2ca231cd383b00a811ec49%3A569%0A%20%20%20%20at%20http%3A%2F%2Flocalhost%3A8080%2Fbase%2Fnode_modules%2Fjasmine-core%2Flib%2Fjasmine-core%2Fjasmine.js%3Faa6ac7a9fb8b473d3e2ca231cd383b00a811ec49%3A322%0A%20%20%20%20at%20http%3A%2F%2Flocalhost%3A8080%2Fbase%2Fnode_modules%2Fjasmine-core%2Flib%2Fjasmine-core%2Fjasmine.js%3Faa6ac7a9fb8b473d3e2ca231cd383b00a811ec49%3A2072%0A%20%20%20%20at%20attemptAsync%20(http%3A%2F%2Flocalhost%3A8080%2Fbase%2Fnode_modules%2Fjasmine-core%2Flib%2Fjasmine-core%2Fjasmine.js%3Faa6ac7a9fb8b473d3e2ca231cd383b00a811ec49%3A1789)%0A%20%20%20%20at%20http%3A%2F%2Flocalhost%3A8080%2Fbase%2Fnode_modules%2Fjasmine-core%2Flib%2Fjasmine-core%2Fjasmine.js%3Faa6ac7a9fb8b473d3e2ca231cd383b00a811ec49%3A1745%0A%20%20%20%20at%20http%3A%2F%2Flocalhost%3A8080%2Fbase%2Fnode_modules%2Fjasmine-core%2Flib%2Fjasmine-core%2Fjasmine.js%3Faa6ac7a9fb8b473d3e2ca231cd383b00a811ec49%3A1733%0A%20%20%20%20at%20http%3A%2F%2Flocalhost%3A8080%2Fbase%2Fnode_modules%2Fjasmine-core%2Flib%2Fjasmine-core%2Fjasmine.js%3Faa6ac7a9fb8b473d3e2ca231cd383b00a811ec49%3A569%0A%20%20%20%20at%20http%3A%2F%2Flocalhost%3A8080%2Fbase%2Fnode_modules%2Fjasmine-core%2Flib%2Fjasmine-core%2Fjasmine.js%3Faa6ac7a9fb8b473d3e2ca231cd383b00a811ec49%3A2059%0A%20%20%20%20at%20http%3A%2F%2Flocalhost%3A8080%2Fbase%2Fnode_modules%2Fjasmine-core%2Flib%2Fjasmine-core%2Fjasmine.js%3Faa6ac7a9fb8b473d3e2ca231cd383b00a811ec49%3A2072%0A%20%20%20%20at%20attemptAsync%20(http%3A%2F%2Flocalhost%3A8080%2Fbase%2Fnode_modules%2Fjasmine-core%2Flib%2Fjasmine-core%2Fjasmine.js%3Faa6ac7a9fb8b473d3e2ca231cd383b00a811ec49%3A1789)%0A%20%20%20%20at%20http%3A%2F%2Flocalhost%3A8080%2Fbase%2Fnode_modules%2Fjasmine-core%2Flib%2Fjasmine-core%2Fjasmine.js%3Faa6ac7a9fb8b473d3e2ca231cd383b00a811ec49%3A1745%0A%20%20%20%20at%20http%3A%2F%2Flocalhost%3A8080%2Fbase%2Fnode_modules%2Fjasmine-core%2Flib%2Fjasmine-core%2Fjasmine.js%3Faa6ac7a9fb8b473d3e2ca231cd383b00a811ec49%3A1733%0A%20%20%20%20at%20http%3A%2F%2Flocalhost%3A8080%2Fbase%2Fnode_modules%2Fjasmine-core%2Flib%2Fjasmine-core%2Fjasmine.js%3Faa6ac7a9fb8b473d3e2ca231cd383b00a811ec49%3A569%0A%20%20%20%20at%20http%3A%2F%2Flocalhost%3A8080%2Fbase%2Fnode_modules%2Fjasmine-core%2Flib%2Fjasmine-core%2Fjasmine.js%3Faa6ac7a9fb8b473d3e2ca231cd383b00a811ec49%3A2059%0A%20%20%20%20at%20http%3A%2F%2Flocalhost%3A8080%2Fbase%2Fnode_modules%2Fjasmine-core%2Flib%2Fjasmine-core%2Fjasmine.js%3Faa6ac7a9fb8b473d3e2ca231cd383b00a811ec49%3A599%0A%20%20%20%20at%20attemptAsync%20(http%3A%2F%2Flocalhost%3A8080%2Fbase%2Fnode_modules%2Fjasmine-core%2Flib%2Fjasmine-core%2Fjasmine.js%3Faa6ac7a9fb8b473d3e2ca231cd383b00a811ec49%3A1789)%0A%20%20%20%20at%20http%3A%2F%2Flocalhost%3A8080%2Fbase%2Fnode_modules%2Fjasmine-core%2Flib%2Fjasmine-core%2Fjasmine.js%3Faa6ac7a9fb8b473d3e2ca231cd383b00a811ec49%3A1745%0A%20%20%20%20at%20http%3A%2F%2Flocalhost%3A8080%2Fbase%2Fnode_modules%2Fjasmine-core%2Flib%2Fjasmine-core%2Fjasmine.js%3Faa6ac7a9fb8b473d3e2ca231cd383b00a811ec49%3A1733%0A%20%20%20%20at%20http%3A%2F%2Flocalhost%3A8080%2Fbase%2Fnode_modules%2Fjasmine-core%2Flib%2Fjasmine-core%2Fjasmine.js%3Faa6ac7a9fb8b473d3e2ca231cd383b00a811ec49%3A569%0A%20%20%20%20at%20http%3A%2F%2Flocalhost%3A8080%2Fbase%2Fnode_modules%2Fjasmine-core%2Flib%2Fjasmine-core%2Fjasmine.js%3Faa6ac7a9fb8b473d3e2ca231cd383b00a811ec49%3A606%0A%20%20%20%20at%20http%3A%2F%2Flocalhost%3A8080%2Fbase%2Fnode_modules%2Fkarma-jasmine%2Flib%2Fboot.js%3F925440973c97e93b99c71f4b1091e4ef4a713597%3A126%0A%20%20%20%20at%20http%3A%2F%2Flocalhost%3A8080%2Fbase%2Fnode_modules%2Fkarma-jasmine%2Flib%2Fadapter.js%3Ff5bb63f803b8f4d472730641a2929add290ec98e%3A184%0A%20%20%20%20at%20http%3A%2F%2Flocalhost%3A8080%2Fkarma.js%3A185%0A%20%20%20%20at%20http%3A%2F%2Flocalhost%3A8080%2Fcontext.html%3A63
	    at /home/maxeemus/projects/angular/yotest/bower_components/angular/angular.js:4118
	    at forEach (/home/maxeemus/projects/angular/yotest/bower_components/angular/angular.js:323)
	    at loadModules (/home/maxeemus/projects/angular/yotest/bower_components/angular/angular.js:4120)
	    at createInjector (/home/maxeemus/projects/angular/yotest/bower_components/angular/angular.js:4004)
	    at workFn (/home/maxeemus/projects/angular/yotest/bower_components/angular-mocks/angular-mocks.js:2339)
	    at /home/maxeemus/projects/angular/yotest/node_modules/karma-jasmine/lib/boot.js:126
	    at /home/maxeemus/projects/angular/yotest/node_modules/karma-jasmine/lib/adapter.js:184
	    at http://localhost:8080/karma.js:185
	    at http://localhost:8080/context.html:63
	Error: [$injector:modulerr] Failed to instantiate module googleFastMap due to:
	Error: [$injector:modulerr] Failed to instantiate module uiGmapgoogle-maps due to:
	Error: [$injector:nomod] Module 'uiGmapgoogle-maps' is not available! You either misspelled the module name or forgot to load it. If registering a module ensure that you specify the dependencies as the second argument.
	http://errors.angularjs.org/1.3.8/$injector/nomod?p0=uiGmapgoogle-maps
	    at /home/maxeemus/projects/angular/yotest/bower_components/angular/angular.js:1766
	    at ensure (/home/maxeemus/projects/angular/yotest/bower_components/angular/angular.js:1688)
	    at module (/home/maxeemus/projects/angular/yotest/bower_components/angular/angular.js:1984)
	    at /home/maxeemus/projects/angular/yotest/bower_components/angular/angular.js:4094
	    at forEach (/home/maxeemus/projects/angular/yotest/bower_components/angular/angular.js:323)
	    at loadModules (/home/maxeemus/projects/angular/yotest/bower_components/angular/angular.js:4120)
	    at /home/maxeemus/projects/angular/yotest/bower_components/angular/angular.js:4095
	    at forEach (/home/maxeemus/projects/angular/yotest/bower_components/angular/angular.js:323)
	    at loadModules (/home/maxeemus/projects/angular/yotest/bower_components/angular/angular.js:4120)
	    at createInjector (/home/maxeemus/projects/angular/yotest/bower_components/angular/angular.js:4004)
	    at workFn (/home/maxeemus/projects/angular/yotest/bower_components/angular-mocks/angular-mocks.js:2339)
	    at /home/maxeemus/projects/angular/yotest/node_modules/karma-jasmine/lib/boot.js:126
	    at /home/maxeemus/projects/angular/yotest/node_modules/karma-jasmine/lib/adapter.js:184
	    at http://localhost:8080/karma.js:185
	    at http://localhost:8080/context.html:63
	http://errors.angularjs.org/1.3.8/$injector/modulerr?p0=uiGmapgoogle-maps&p1=Error%3A%20%5B%24injector%3Anomod%5D%20Module%20'uiGmapgoogle-maps'%20is%20not%20available!%20You%20either%20misspelled%20the%20module%20name%20or%20forgot%20to%20load%20it.%20If%20registering%20a%20module%20ensure%20that%20you%20specify%20the%20dependencies%20as%20the%20second%20argument.%0Ahttp%3A%2F%2Ferrors.angularjs.org%2F1.3.8%2F%24injector%2Fnomod%3Fp0%3DuiGmapgoogle-maps%0A%20%20%20%20at%20http%3A%2F%2Flocalhost%3A8080%2Fbase%2Fbower_components%2Fangular%2Fangular.js%3Febb86f089066f7089a249e390e64bcab67622158%3A1766%0A%20%20%20%20at%20ensure%20(http%3A%2F%2Flocalhost%3A8080%2Fbase%2Fbower_components%2Fangular%2Fangular.js%3Febb86f089066f7089a249e390e64bcab67622158%3A1688)%0A%20%20%20%20at%20module%20(http%3A%2F%2Flocalhost%3A8080%2Fbase%2Fbower_components%2Fangular%2Fangular.js%3Febb86f089066f7089a249e390e64bcab67622158%3A1984)%0A%20%20%20%20at%20http%3A%2F%2Flocalhost%3A8080%2Fbase%2Fbower_components%2Fangular%2Fangular.js%3Febb86f089066f7089a249e390e64bcab67622158%3A4094%0A%20%20%20%20at%20forEach%20(http%3A%2F%2Flocalhost%3A8080%2Fbase%2Fbower_components%2Fangular%2Fangular.js%3Febb86f089066f7089a249e390e64bcab67622158%3A323)%0A%20%20%20%20at%20loadModules%20(http%3A%2F%2Flocalhost%3A8080%2Fbase%2Fbower_components%2Fangular%2Fangular.js%3Febb86f089066f7089a249e390e64bcab67622158%3A4120)%0A%20%20%20%20at%20http%3A%2F%2Flocalhost%3A8080%2Fbase%2Fbower_components%2Fangular%2Fangular.js%3Febb86f089066f7089a249e390e64bcab67622158%3A4095%0A%20%20%20%20at%20forEach%20(http%3A%2F%2Flocalhost%3A8080%2Fbase%2Fbower_components%2Fangular%2Fangular.js%3Febb86f089066f7089a249e390e64bcab67622158%3A323)%0A%20%20%20%20at%20loadModules%20(http%3A%2F%2Flocalhost%3A8080%2Fbase%2Fbower_components%2Fangular%2Fangular.js%3Febb86f089066f7089a249e390e64bcab67622158%3A4120)%0A%20%20%20%20at%20createInjector%20(http%3A%2F%2Flocalhost%3A8080%2Fbase%2Fbower_components%2Fangular%2Fangular.js%3Febb86f089066f7089a249e390e64bcab67622158%3A4004)%0A%20%20%20%20at%20workFn%20(http%3A%2F%2Flocalhost%3A8080%2Fbase%2Fbower_components%2Fangular-mocks%2Fangular-mocks.js%3Fb01a9cf8de7de4def103da067347cb07fe247c96%3A2339)%0A%20%20%20%20at%20attemptSync%20(http%3A%2F%2Flocalhost%3A8080%2Fbase%2Fnode_modules%2Fjasmine-core%2Flib%2Fjasmine-core%2Fjasmine.js%3Faa6ac7a9fb8b473d3e2ca231cd383b00a811ec49%3A1759)%0A%20%20%20%20at%20http%3A%2F%2Flocalhost%3A8080%2Fbase%2Fnode_modules%2Fjasmine-core%2Flib%2Fjasmine-core%2Fjasmine.js%3Faa6ac7a9fb8b473d3e2ca231cd383b00a811ec49%3A1747%0A%20%20%20%20at%20http%3A%2F%2Flocalhost%3A8080%2Fbase%2Fnode_modules%2Fjasmine-core%2Flib%2Fjasmine-core%2Fjasmine.js%3Faa6ac7a9fb8b473d3e2ca231cd383b00a811ec49%3A1733%0A%20%20%20%20at%20http%3A%2F%2Flocalhost%3A8080%2Fbase%2Fnode_modules%2Fjasmine-core%2Flib%2Fjasmine-core%2Fjasmine.js%3Faa6ac7a9fb8b473d3e2ca231cd383b00a811ec49%3A569%0A%20%20%20%20at%20http%3A%2F%2Flocalhost%3A8080%2Fbase%2Fnode_modules%2Fjasmine-core%2Flib%2Fjasmine-core%2Fjasmine.js%3Faa6ac7a9fb8b473d3e2ca231cd383b00a811ec49%3A322%0A%20%20%20%20at%20http%3A%2F%2Flocalhost%3A8080%2Fbase%2Fnode_modules%2Fjasmine-core%2Flib%2Fjasmine-core%2Fjasmine.js%3Faa6ac7a9fb8b473d3e2ca231cd383b00a811ec49%3A2072%0A%20%20%20%20at%20attemptAsync%20(http%3A%2F%2Flocalhost%3A8080%2Fbase%2Fnode_modules%2Fjasmine-core%2Flib%2Fjasmine-core%2Fjasmine.js%3Faa6ac7a9fb8b473d3e2ca231cd383b00a811ec49%3A1789)%0A%20%20%20%20at%20http%3A%2F%2Flocalhost%3A8080%2Fbase%2Fnode_modules%2Fjasmine-core%2Flib%2Fjasmine-core%2Fjasmine.js%3Faa6ac7a9fb8b473d3e2ca231cd383b00a811ec49%3A1745%0A%20%20%20%20at%20http%3A%2F%2Flocalhost%3A8080%2Fbase%2Fnode_modules%2Fjasmine-core%2Flib%2Fjasmine-core%2Fjasmine.js%3Faa6ac7a9fb8b473d3e2ca231cd383b00a811ec49%3A1733%0A%20%20%20%20at%20http%3A%2F%2Flocalhost%3A8080%2Fbase%2Fnode_modules%2Fjasmine-core%2Flib%2Fjasmine-core%2Fjasmine.js%3Faa6ac7a9fb8b473d3e2ca231cd383b00a811ec49%3A569%0A%20%20%20%20at%20http%3A%2F%2Flocalhost%3A8080%2Fbase%2Fnode_modules%2Fjasmine-core%2Flib%2Fjasmine-core%2Fjasmine.js%3Faa6ac7a9fb8b473d3e2ca231cd383b00a811ec49%3A2059%0A%20%20%20%20at%20http%3A%2F%2Flocalhost%3A8080%2Fbase%2Fnode_modules%2Fjasmine-core%2Flib%2Fjasmine-core%2Fjasmine.js%3Faa6ac7a9fb8b473d3e2ca231cd383b00a811ec49%3A2072%0A%20%20%20%20at%20attemptAsync%20(http%3A%2F%2Flocalhost%3A8080%2Fbase%2Fnode_modules%2Fjasmine-core%2Flib%2Fjasmine-core%2Fjasmine.js%3Faa6ac7a9fb8b473d3e2ca231cd383b00a811ec49%3A1789)%0A%20%20%20%20at%20http%3A%2F%2Flocalhost%3A8080%2Fbase%2Fnode_modules%2Fjasmine-core%2Flib%2Fjasmine-core%2Fjasmine.js%3Faa6ac7a9fb8b473d3e2ca231cd383b00a811ec49%3A1745%0A%20%20%20%20at%20http%3A%2F%2Flocalhost%3A8080%2Fbase%2Fnode_modules%2Fjasmine-core%2Flib%2Fjasmine-core%2Fjasmine.js%3Faa6ac7a9fb8b473d3e2ca231cd383b00a811ec49%3A1771%0A%20%20%20%20at%20http%3A%2F%2Flocalhost%3A8080%2Fbase%2Fnode_modules%2Fjasmine-core%2Flib%2Fjasmine-core%2Fjasmine.js%3Faa6ac7a9fb8b473d3e2ca231cd383b00a811ec49%3A1716%0A%20%20%20%20at%20complete%20(http%3A%2F%2Flocalhost%3A8080%2Fbase%2Fnode_modules%2Fjasmine-core%2Flib%2Fjasmine-core%2Fjasmine.js%3Faa6ac7a9fb8b473d3e2ca231cd383b00a811ec49%3A2067)%0A%20%20%20%20at%20clearStack%20(http%3A%2F%2Flocalhost%3A8080%2Fbase%2Fnode_modules%2Fjasmine-core%2Flib%2Fjasmine-core%2Fjasmine.js%3Faa6ac7a9fb8b473d3e2ca231cd383b00a811ec49%3A555)%0A%20%20%20%20at%20http%3A%2F%2Flocalhost%3A8080%2Fbase%2Fnode_modules%2Fjasmine-core%2Flib%2Fjasmine-core%2Fjasmine.js%3Faa6ac7a9fb8b473d3e2ca231cd383b00a811ec49%3A1754%0A%20%20%20%20at%20http%3A%2F%2Flocalhost%3A8080%2Fbase%2Fnode_modules%2Fjasmine-core%2Flib%2Fjasmine-core%2Fjasmine.js%3Faa6ac7a9fb8b473d3e2ca231cd383b00a811ec49%3A1771%0A%20%20%20%20at%20http%3A%2F%2Flocalhost%3A8080%2Fbase%2Fnode_modules%2Fjasmine-core%2Flib%2Fjasmine-core%2Fjasmine.js%3Faa6ac7a9fb8b473d3e2ca231cd383b00a811ec49%3A1716%0A%20%20%20%20at%20complete%20(http%3A%2F%2Flocalhost%3A8080%2Fbase%2Fnode_modules%2Fjasmine-core%2Flib%2Fjasmine-core%2Fjasmine.js%3Faa6ac7a9fb8b473d3e2ca231cd383b00a811ec49%3A330)%0A%20%20%20%20at%20clearStack%20(http%3A%2F%2Flocalhost%3A8080%2Fbase%2Fnode_modules%2Fjasmine-core%2Flib%2Fjasmine-core%2Fjasmine.js%3Faa6ac7a9fb8b473d3e2ca231cd383b00a811ec49%3A555)%0A%20%20%20%20at%20http%3A%2F%2Flocalhost%3A8080%2Fbase%2Fnode_modules%2Fjasmine-core%2Flib%2Fjasmine-core%2Fjasmine.js%3Faa6ac7a9fb8b473d3e2ca231cd383b00a811ec49%3A1754%0A%20%20%20%20at%20http%3A%2F%2Flocalhost%3A8080%2Fbase%2Fnode_modules%2Fjasmine-core%2Flib%2Fjasmine-core%2Fjasmine.js%3Faa6ac7a9fb8b473d3e2ca231cd383b00a811ec49%3A1733%0A%20%20%20%20at%20http%3A%2F%2Flocalhost%3A8080%2Fbase%2Fnode_modules%2Fjasmine-core%2Flib%2Fjasmine-core%2Fjasmine.js%3Faa6ac7a9fb8b473d3e2ca231cd383b00a811ec49%3A569%0A%20%20%20%20at%20http%3A%2F%2Flocalhost%3A8080%2Fbase%2Fnode_modules%2Fjasmine-core%2Flib%2Fjasmine-core%2Fjasmine.js%3Faa6ac7a9fb8b473d3e2ca231cd383b00a811ec49%3A322%0A%20%20%20%20at%20http%3A%2F%2Flocalhost%3A8080%2Fbase%2Fnode_modules%2Fjasmine-core%2Flib%2Fjasmine-core%2Fjasmine.js%3Faa6ac7a9fb8b473d3e2ca231cd383b00a811ec49%3A2072%0A%20%20%20%20at%20attemptAsync%20(http%3A%2F%2Flocalhost%3A8080%2Fbase%2Fnode_modules%2Fjasmine-core%2Flib%2Fjasmine-core%2Fjasmine.js%3Faa6ac7a9fb8b473d3e2ca231cd383b00a811ec49%3A1789)%0A%20%20%20%20at%20http%3A%2F%2Flocalhost%3A8080%2Fbase%2Fnode_modules%2Fjasmine-core%2Flib%2Fjasmine-core%2Fjasmine.js%3Faa6ac7a9fb8b473d3e2ca231cd383b00a811ec49%3A1745%0A%20%20%20%20at%20http%3A%2F%2Flocalhost%3A8080%2Fbase%2Fnode_modules%2Fjasmine-core%2Flib%2Fjasmine-core%2Fjasmine.js%3Faa6ac7a9fb8b473d3e2ca231cd383b00a811ec49%3A1733%0A%20%20%20%20at%20http%3A%2F%2Flocalhost%3A8080%2Fbase%2Fnode_modules%2Fjasmine-core%2Flib%2Fjasmine-core%2Fjasmine.js%3Faa6ac7a9fb8b473d3e2ca231cd383b00a811ec49%3A569%0A%20%20%20%20at%20http%3A%2F%2Flocalhost%3A8080%2Fbase%2Fnode_modules%2Fjasmine-core%2Flib%2Fjasmine-core%2Fjasmine.js%3Faa6ac7a9fb8b473d3e2ca231cd383b00a811ec49%3A2059%0A%20%20%20%20at%20http%3A%2F%2Flocalhost%3A8080%2Fbase%2Fnode_modules%2Fjasmine-core%2Flib%2Fjasmine-core%2Fjasmine.js%3Faa6ac7a9fb8b473d3e2ca231cd383b00a811ec49%3A2072%0A%20%20%20%20at%20attemptAsync%20(http%3A%2F%2Flocalhost%3A8080%2Fbase%2Fnode_modules%2Fjasmine-core%2Flib%2Fjasmine-core%2Fjasmine.js%3Faa6ac7a9fb8b473d3e2ca231cd383b00a811ec49%3A1789)%0A%20%20%20%20at%20http%3A%2F%2Flocalhost%3A8080%2Fbase%2Fnode_modules%2Fjasmine-core%2Flib%2Fjasmine-core%2Fjasmine.js%3Faa6ac7a9fb8b473d3e2ca231cd383b00a811ec49%3A1745%0A%20%20%20%20at%20http%3A%2F%2Flocalhost%3A8080%2Fbase%2Fnode_modules%2Fjasmine-core%2Flib%2Fjasmine-core%2Fjasmine.js%3Faa6ac7a9fb8b473d3e2ca231cd383b00a811ec49%3A1771%0A%20%20%20%20at%20http%3A%2F%2Flocalhost%3A8080%2Fbase%2Fnode_modules%2Fjasmine-core%2Flib%2Fjasmine-core%2Fjasmine.js%3Faa6ac7a9fb8b473d3e2ca231cd383b00a811ec49%3A1716%0A%20%20%20%20at%20complete%20(http%3A%2F%2Flocalhost%3A8080%2Fbase%2Fnode_modules%2Fjasmine-core%2Flib%2Fjasmine-core%2Fjasmine.js%3Faa6ac7a9fb8b473d3e2ca231cd383b00a811ec49%3A2067)%0A%20%20%20%20at%20clearStack%20(http%3A%2F%2Flocalhost%3A8080%2Fbase%2Fnode_modules%2Fjasmine-core%2Flib%2Fjasmine-core%2Fjasmine.js%3Faa6ac7a9fb8b473d3e2ca231cd383b00a811ec49%3A555)%0A%20%20%20%20at%20http%3A%2F%2Flocalhost%3A8080%2Fbase%2Fnode_modules%2Fjasmine-core%2Flib%2Fjasmine-core%2Fjasmine.js%3Faa6ac7a9fb8b473d3e2ca231cd383b00a811ec49%3A1754%0A%20%20%20%20at%20http%3A%2F%2Flocalhost%3A8080%2Fbase%2Fnode_modules%2Fjasmine-core%2Flib%2Fjasmine-core%2Fjasmine.js%3Faa6ac7a9fb8b473d3e2ca231cd383b00a811ec49%3A1771%0A%20%20%20%20at%20http%3A%2F%2Flocalhost%3A8080%2Fbase%2Fnode_modules%2Fjasmine-core%2Flib%2Fjasmine-core%2Fjasmine.js%3Faa6ac7a9fb8b473d3e2ca231cd383b00a811ec49%3A1716%0A%20%20%20%20at%20complete%20(http%3A%2F%2Flocalhost%3A8080%2Fbase%2Fnode_modules%2Fjasmine-core%2Flib%2Fjasmine-core%2Fjasmine.js%3Faa6ac7a9fb8b473d3e2ca231cd383b00a811ec49%3A330)%0A%20%20%20%20at%20clearStack%20(http%3A%2F%2Flocalhost%3A8080%2Fbase%2Fnode_modules%2Fjasmine-core%2Flib%2Fjasmine-core%2Fjasmine.js%3Faa6ac7a9fb8b473d3e2ca231cd383b00a811ec49%3A555)%0A%20%20%20%20at%20http%3A%2F%2Flocalhost%3A8080%2Fbase%2Fnode_modules%2Fjasmine-core%2Flib%2Fjasmine-core%2Fjasmine.js%3Faa6ac7a9fb8b473d3e2ca231cd383b00a811ec49%3A1754%0A%20%20%20%20at%20http%3A%2F%2Flocalhost%3A8080%2Fbase%2Fnode_modules%2Fjasmine-core%2Flib%2Fjasmine-core%2Fjasmine.js%3Faa6ac7a9fb8b473d3e2ca231cd383b00a811ec49%3A1733%0A%20%20%20%20at%20http%3A%2F%2Flocalhost%3A8080%2Fbase%2Fnode_modules%2Fjasmine-core%2Flib%2Fjasmine-core%2Fjasmine.js%3Faa6ac7a9fb8b473d3e2ca231cd383b00a811ec49%3A569%0A%20%20%20%20at%20http%3A%2F%2Flocalhost%3A8080%2Fbase%2Fnode_modules%2Fjasmine-core%2Flib%2Fjasmine-core%2Fjasmine.js%3Faa6ac7a9fb8b473d3e2ca231cd383b00a811ec49%3A322%0A%20%20%20%20at%20http%3A%2F%2Flocalhost%3A8080%2Fbase%2Fnode_modules%2Fjasmine-core%2Flib%2Fjasmine-core%2Fjasmine.js%3Faa6ac7a9fb8b473d3e2ca231cd383b00a811ec49%3A2072%0A%20%20%20%20at%20attemptAsync%20(http%3A%2F%2Flocalhost%3A8080%2Fbase%2Fnode_modules%2Fjasmine-core%2Flib%2Fjasmine-core%2Fjasmine.js%3Faa6ac7a9fb8b473d3e2ca231cd383b00a811ec49%3A1789)%0A%20%20%20%20at%20http%3A%2F%2Flocalhost%3A8080%2Fbase%2Fnode_modules%2Fjasmine-core%2Flib%2Fjasmine-core%2Fjasmine.js%3Faa6ac7a9fb8b473d3e2ca231cd383b00a811ec49%3A1745%0A%20%20%20%20at%20http%3A%2F%2Flocalhost%3A8080%2Fbase%2Fnode_modules%2Fjasmine-core%2Flib%2Fjasmine-core%2Fjasmine.js%3Faa6ac7a9fb8b473d3e2ca231cd383b00a811ec49%3A1733%0A%20%20%20%20at%20http%3A%2F%2Flocalhost%3A8080%2Fbase%2Fnode_modules%2Fjasmine-core%2Flib%2Fjasmine-core%2Fjasmine.js%3Faa6ac7a9fb8b473d3e2ca231cd383b00a811ec49%3A569%0A%20%20%20%20at%20http%3A%2F%2Flocalhost%3A8080%2Fbase%2Fnode_modules%2Fjasmine-core%2Flib%2Fjasmine-core%2Fjasmine.js%3Faa6ac7a9fb8b473d3e2ca231cd383b00a811ec49%3A2059%0A%20%20%20%20at%20http%3A%2F%2Flocalhost%3A8080%2Fbase%2Fnode_modules%2Fjasmine-core%2Flib%2Fjasmine-core%2Fjasmine.js%3Faa6ac7a9fb8b473d3e2ca231cd383b00a811ec49%3A2072%0A%20%20%20%20at%20attemptAsync%20(http%3A%2F%2Flocalhost%3A8080%2Fbase%2Fnode_modules%2Fjasmine-core%2Flib%2Fjasmine-core%2Fjasmine.js%3Faa6ac7a9fb8b473d3e2ca231cd383b00a811ec49%3A1789)%0A%20%20%20%20at%20http%3A%2F%2Flocalhost%3A8080%2Fbase%2Fnode_modules%2Fjasmine-core%2Flib%2Fjasmine-core%2Fjasmine.js%3Faa6ac7a9fb8b473d3e2ca231cd383b00a811ec49%3A1745%0A%20%20%20%20at%20http%3A%2F%2Flocalhost%3A8080%2Fbase%2Fnode_modules%2Fjasmine-core%2Flib%2Fjasmine-core%2Fjasmine.js%3Faa6ac7a9fb8b473d3e2ca231cd383b00a811ec49%3A1733%0A%20%20%20%20at%20http%3A%2F%2Flocalhost%3A8080%2Fbase%2Fnode_modules%2Fjasmine-core%2Flib%2Fjasmine-core%2Fjasmine.js%3Faa6ac7a9fb8b473d3e2ca231cd383b00a811ec49%3A569%0A%20%20%20%20at%20http%3A%2F%2Flocalhost%3A8080%2Fbase%2Fnode_modules%2Fjasmine-core%2Flib%2Fjasmine-core%2Fjasmine.js%3Faa6ac7a9fb8b473d3e2ca231cd383b00a811ec49%3A2059%0A%20%20%20%20at%20http%3A%2F%2Flocalhost%3A8080%2Fbase%2Fnode_modules%2Fjasmine-core%2Flib%2Fjasmine-core%2Fjasmine.js%3Faa6ac7a9fb8b473d3e2ca231cd383b00a811ec49%3A599%0A%20%20%20%20at%20attemptAsync%20(http%3A%2F%2Flocalhost%3A8080%2Fbase%2Fnode_modules%2Fjasmine-core%2Flib%2Fjasmine-core%2Fjasmine.js%3Faa6ac7a9fb8b473d3e2ca231cd383b00a811ec49%3A1789)%0A%20%20%20%20at%20http%3A%2F%2Flocalhost%3A8080%2Fbase%2Fnode_modules%2Fjasmine-core%2Flib%2Fjasmine-core%2Fjasmine.js%3Faa6ac7a9fb8b473d3e2ca231cd383b00a811ec49%3A1745%0A%20%20%20%20at%20http%3A%2F%2Flocalhost%3A8080%2Fbase%2Fnode_modules%2Fjasmine-core%2Flib%2Fjasmine-core%2Fjasmine.js%3Faa6ac7a9fb8b473d3e2ca231cd383b00a811ec49%3A1733%0A%20%20%20%20at%20http%3A%2F%2Flocalhost%3A8080%2Fbase%2Fnode_modules%2Fjasmine-core%2Flib%2Fjasmine-core%2Fjasmine.js%3Faa6ac7a9fb8b473d3e2ca231cd383b00a811ec49%3A569%0A%20%20%20%20at%20http%3A%2F%2Flocalhost%3A8080%2Fbase%2Fnode_modules%2Fjasmine-core%2Flib%2Fjasmine-core%2Fjasmine.js%3Faa6ac7a9fb8b473d3e2ca231cd383b00a811ec49%3A606%0A%20%20%20%20at%20http%3A%2F%2Flocalhost%3A8080%2Fbase%2Fnode_modules%2Fkarma-jasmine%2Flib%2Fboot.js%3F925440973c97e93b99c71f4b1091e4ef4a713597%3A126%0A%20%20%20%20at%20http%3A%2F%2Flocalhost%3A8080%2Fbase%2Fnode_modules%2Fkarma-jasmine%2Flib%2Fadapter.js%3Ff5bb63f803b8f4d472730641a2929add290ec98e%3A184%0A%20%20%20%20at%20http%3A%2F%2Flocalhost%3A8080%2Fkarma.js%3A185%0A%20%20%20%20at%20http%3A%2F%2Flocalhost%3A8080%2Fcontext.html%3A63
	    at /home/maxeemus/projects/angular/yotest/bower_components/angular/angular.js:4118
	    at forEach (/home/maxeemus/projects/angular/yotest/bower_components/angular/angular.js:323)
	    at loadModules (/home/maxeemus/projects/angular/yotest/bower_components/angular/angular.js:4120)
	    at /home/maxeemus/projects/angular/yotest/bower_components/angular/angular.js:4095
	    at forEach (/home/maxeemus/projects/angular/yotest/bower_components/angular/angular.js:323)
	    at loadModules (/home/maxeemus/projects/angular/yotest/bower_components/angular/angular.js:4120)
	    at createInjector (/home/maxeemus/projects/angular/yotest/bower_components/angular/angular.js:4004)
	    at workFn (/home/maxeemus/projects/angular/yotest/bower_components/angular-mocks/angular-mocks.js:2339)
	    at /home/maxeemus/projects/angular/yotest/node_modules/karma-jasmine/lib/boot.js:126
	    at /home/maxeemus/projects/angular/yotest/node_modules/karma-jasmine/lib/adapter.js:184
	    at http://localhost:8080/karma.js:185
	    at http://localhost:8080/context.html:63
	http://errors.angularjs.org/1.3.8/$injector/modulerr?p0=googleFastMap&p1=Error%3A%20%5B%24injector%3Amodulerr%5D%20Failed%20to%20instantiate%20module%20uiGmapgoogle-maps%20due%20to%3A%0AError%3A%20%5B%24injector%3Anomod%5D%20Module%20'uiGmapgoogle-maps'%20is%20not%20available!%20You%20either%20misspelled%20the%20module%20name%20or%20forgot%20to%20load%20it.%20If%20registering%20a%20module%20ensure%20that%20you%20specify%20the%20dependencies%20as%20the%20second%20argument.%0Ahttp%3A%2F%2Ferrors.angularjs.org%2F1.3.8%2F%24injector%2Fnomod%3Fp0%3DuiGmapgoogle-maps%0A%20%20%20%20at%20http%3A%2F%2Flocalhost%3A8080%2Fbase%2Fbower_components%2Fangular%2Fangular.js%3Febb86f089066f7089a249e390e64bcab67622158%3A1766%0A%20%20%20%20at%20ensure%20(http%3A%2F%2Flocalhost%3A8080%2Fbase%2Fbower_components%2Fangular%2Fangular.js%3Febb86f089066f7089a249e390e64bcab67622158%3A1688)%0A%20%20%20%20at%20module%20(http%3A%2F%2Flocalhost%3A8080%2Fbase%2Fbower_components%2Fangular%2Fangular.js%3Febb86f089066f7089a249e390e64bcab67622158%3A1984)%0A%20%20%20%20at%20http%3A%2F%2Flocalhost%3A8080%2Fbase%2Fbower_components%2Fangular%2Fangular.js%3Febb86f089066f7089a249e390e64bcab67622158%3A4094%0A%20%20%20%20at%20forEach%20(http%3A%2F%2Flocalhost%3A8080%2Fbase%2Fbower_components%2Fangular%2Fangular.js%3Febb86f089066f7089a249e390e64bcab67622158%3A323)%0A%20%20%20%20at%20loadModules%20(http%3A%2F%2Flocalhost%3A8080%2Fbase%2Fbower_components%2Fangular%2Fangular.js%3Febb86f089066f7089a249e390e64bcab67622158%3A4120)%0A%20%20%20%20at%20http%3A%2F%2Flocalhost%3A8080%2Fbase%2Fbower_components%2Fangular%2Fangular.js%3Febb86f089066f7089a249e390e64bcab67622158%3A4095%0A%20%20%20%20at%20forEach%20(http%3A%2F%2Flocalhost%3A8080%2Fbase%2Fbower_components%2Fangular%2Fangular.js%3Febb86f089066f7089a249e390e64bcab67622158%3A323)%0A%20%20%20%20at%20loadModules%20(http%3A%2F%2Flocalhost%3A8080%2Fbase%2Fbower_components%2Fangular%2Fangular.js%3Febb86f089066f7089a249e390e64bcab67622158%3A4120)%0A%20%20%20%20at%20createInjector%20(http%3A%2F%2Flocalhost%3A8080%2Fbase%2Fbower_components%2Fangular%2Fangular.js%3Febb86f089066f7089a249e390e64bcab67622158%3A4004)%0A%20%20%20%20at%20workFn%20(http%3A%2F%2Flocalhost%3A8080%2Fbase%2Fbower_components%2Fangular-mocks%2Fangular-mocks.js%3Fb01a9cf8de7de4def103da067347cb07fe247c96%3A2339)%0A%20%20%20%20at%20attemptSync%20(http%3A%2F%2Flocalhost%3A8080%2Fbase%2Fnode_modules%2Fjasmine-core%2Flib%2Fjasmine-core%2Fjasmine.js%3Faa6ac7a9fb8b473d3e2ca231cd383b00a811ec49%3A1759)%0A%20%20%20%20at%20http%3A%2F%2Flocalhost%3A8080%2Fbase%2Fnode_modules%2Fjasmine-core%2Flib%2Fjasmine-core%2Fjasmine.js%3Faa6ac7a9fb8b473d3e2ca231cd383b00a811ec49%3A1747%0A%20%20%20%20at%20http%3A%2F%2Flocalhost%3A8080%2Fbase%2Fnode_modules%2Fjasmine-core%2Flib%2Fjasmine-core%2Fjasmine.js%3Faa6ac7a9fb8b473d3e2ca231cd383b00a811ec49%3A1733%0A%20%20%20%20at%20http%3A%2F%2Flocalhost%3A8080%2Fbase%2Fnode_modules%2Fjasmine-core%2Flib%2Fjasmine-core%2Fjasmine.js%3Faa6ac7a9fb8b473d3e2ca231cd383b00a811ec49%3A569%0A%20%20%20%20at%20http%3A%2F%2Flocalhost%3A8080%2Fbase%2Fnode_modules%2Fjasmine-core%2Flib%2Fjasmine-core%2Fjasmine.js%3Faa6ac7a9fb8b473d3e2ca231cd383b00a811ec49%3A322%0A%20%20%20%20at%20http%3A%2F%2Flocalhost%3A8080%2Fbase%2Fnode_modules%2Fjasmine-core%2Flib%2Fjasmine-core%2Fjasmine.js%3Faa6ac7a9fb8b473d3e2ca231cd383b00a811ec49%3A2072%0A%20%20%20%20at%20attemptAsync%20(http%3A%2F%2Flocalhost%3A8080%2Fbase%2Fnode_modules%2Fjasmine-core%2Flib%2Fjasmine-core%2Fjasmine.js%3Faa6ac7a9fb8b473d3e2ca231cd383b00a811ec49%3A1789)%0A%20%20%20%20at%20http%3A%2F%2Flocalhost%3A8080%2Fbase%2Fnode_modules%2Fjasmine-core%2Flib%2Fjasmine-core%2Fjasmine.js%3Faa6ac7a9fb8b473d3e2ca231cd383b00a811ec49%3A1745%0A%20%20%20%20at%20http%3A%2F%2Flocalhost%3A8080%2Fbase%2Fnode_modules%2Fjasmine-core%2Flib%2Fjasmine-core%2Fjasmine.js%3Faa6ac7a9fb8b473d3e2ca231cd383b00a811ec49%3A1733%0A%20%20%20%20at%20http%3A%2F%2Flocalhost%3A8080%2Fbase%2Fnode_modules%2Fjasmine-core%2Flib%2Fjasmine-core%2Fjasmine.js%3Faa6ac7a9fb8b473d3e2ca231cd383b00a811ec49%3A569%0A%20%20%20%20at%20http%3A%2F%2Flocalhost%3A8080%2Fbase%2Fnode_modules%2Fjasmine-core%2Flib%2Fjasmine-core%2Fjasmine.js%3Faa6ac7a9fb8b473d3e2ca231cd383b00a811ec49%3A2059%0A%20%20%20%20at%20http%3A%2F%2Flocalhost%3A8080%2Fbase%2Fnode_modules%2Fjasmine-core%2Flib%2Fjasmine-core%2Fjasmine.js%3Faa6ac7a9fb8b473d3e2ca231cd383b00a811ec49%3A2072%0A%20%20%20%20at%20attemptAsync%20(http%3A%2F%2Flocalhost%3A8080%2Fbase%2Fnode_modules%2Fjasmine-core%2Flib%2Fjasmine-core%2Fjasmine.js%3Faa6ac7a9fb8b473d3e2ca231cd383b00a811ec49%3A1789)%0A%20%20%20%20at%20http%3A%2F%2Flocalhost%3A8080%2Fbase%2Fnode_modules%2Fjasmine-core%2Flib%2Fjasmine-core%2Fjasmine.js%3Faa6ac7a9fb8b473d3e2ca231cd383b00a811ec49%3A1745%0A%20%20%20%20at%20http%3A%2F%2Flocalhost%3A8080%2Fbase%2Fnode_modules%2Fjasmine-core%2Flib%2Fjasmine-core%2Fjasmine.js%3Faa6ac7a9fb8b473d3e2ca231cd383b00a811ec49%3A1771%0A%20%20%20%20at%20http%3A%2F%2Flocalhost%3A8080%2Fbase%2Fnode_modules%2Fjasmine-core%2Flib%2Fjasmine-core%2Fjasmine.js%3Faa6ac7a9fb8b473d3e2ca231cd383b00a811ec49%3A1716%0A%20%20%20%20at%20complete%20(http%3A%2F%2Flocalhost%3A8080%2Fbase%2Fnode_modules%2Fjasmine-core%2Flib%2Fjasmine-core%2Fjasmine.js%3Faa6ac7a9fb8b473d3e2ca231cd383b00a811ec49%3A2067)%0A%20%20%20%20at%20clearStack%20(http%3A%2F%2Flocalhost%3A8080%2Fbase%2Fnode_modules%2Fjasmine-core%2Flib%2Fjasmine-core%2Fjasmine.js%3Faa6ac7a9fb8b473d3e2ca231cd383b00a811ec49%3A555)%0A%20%20%20%20at%20http%3A%2F%2Flocalhost%3A8080%2Fbase%2Fnode_modules%2Fjasmine-core%2Flib%2Fjasmine-core%2Fjasmine.js%3Faa6ac7a9fb8b473d3e2ca231cd383b00a811ec49%3A1754%0A%20%20%20%20at%20http%3A%2F%2Flocalhost%3A8080%2Fbase%2Fnode_modules%2Fjasmine-core%2Flib%2Fjasmine-core%2Fjasmine.js%3Faa6ac7a9fb8b473d3e2ca231cd383b00a811ec49%3A1771%0A%20%20%20%20at%20http%3A%2F%2Flocalhost%3A8080%2Fbase%2Fnode_modules%2Fjasmine-core%2Flib%2Fjasmine-core%2Fjasmine.js%3Faa6ac7a9fb8b473d3e2ca231cd383b00a811ec49%3A1716%0A%20%20%20%20at%20complete%20(http%3A%2F%2Flocalhost%3A8080%2Fbase%2Fnode_modules%2Fjasmine-core%2Flib%2Fjasmine-core%2Fjasmine.js%3Faa6ac7a9fb8b473d3e2ca231cd383b00a811ec49%3A330)%0A%20%20%20%20at%20clearStack%20(http%3A%2F%2Flocalhost%3A8080%2Fbase%2Fnode_modules%2Fjasmine-core%2Flib%2Fjasmine-core%2Fjasmine.js%3Faa6ac7a9fb8b473d3e2ca231cd383b00a811ec49%3A555)%0A%20%20%20%20at%20http%3A%2F%2Flocalhost%3A8080%2Fbase%2Fnode_modules%2Fjasmine-core%2Flib%2Fjasmine-core%2Fjasmine.js%3Faa6ac7a9fb8b473d3e2ca231cd383b00a811ec49%3A1754%0A%20%20%20%20at%20http%3A%2F%2Flocalhost%3A8080%2Fbase%2Fnode_modules%2Fjasmine-core%2Flib%2Fjasmine-core%2Fjasmine.js%3Faa6ac7a9fb8b473d3e2ca231cd383b00a811ec49%3A1733%0A%20%20%20%20at%20http%3A%2F%2Flocalhost%3A8080%2Fbase%2Fnode_modules%2Fjasmine-core%2Flib%2Fjasmine-core%2Fjasmine.js%3Faa6ac7a9fb8b473d3e2ca231cd383b00a811ec49%3A569%0A%20%20%20%20at%20http%3A%2F%2Flocalhost%3A8080%2Fbase%2Fnode_modules%2Fjasmine-core%2Flib%2Fjasmine-core%2Fjasmine.js%3Faa6ac7a9fb8b473d3e2ca231cd383b00a811ec49%3A322%0A%20%20%20%20at%20http%3A%2F%2Flocalhost%3A8080%2Fbase%2Fnode_modules%2Fjasmine-core%2Flib%2Fjasmine-core%2Fjasmine.js%3Faa6ac7a9fb8b473d3e2ca231cd383b00a811ec49%3A2072%0A%20%20%20%20at%20attemptAsync%20(http%3A%2F%2Flocalhost%3A8080%2Fbase%2Fnode_modules%2Fjasmine-core%2Flib%2Fjasmine-core%2Fjasmine.js%3Faa6ac7a9fb8b473d3e2ca231cd383b00a811ec49%3A1789)%0A%20%20%20%20at%20http%3A%2F%2Flocalhost%3A8080%2Fbase%2Fnode_modules%2Fjasmine-core%2Flib%2Fjasmine-core%2Fjasmine.js%3Faa6ac7a9fb8b473d3e2ca231cd383b00a811ec49%3A1745%0A%20%20%20%20at%20http%3A%2F%2Flocalhost%3A8080%2Fbase%2Fnode_modules%2Fjasmine-core%2Flib%2Fjasmine-core%2Fjasmine.js%3Faa6ac7a9fb8b473d3e2ca231cd383b00a811ec49%3A1733%0A%20%20%20%20at%20http%3A%2F%2Flocalhost%3A8080%2Fbase%2Fnode_modules%2Fjasmine-core%2Flib%2Fjasmine-core%2Fjasmine.js%3Faa6ac7a9fb8b473d3e2ca231cd383b00a811ec49%3A569%0A%20%20%20%20at%20http%3A%2F%2Flocalhost%3A8080%2Fbase%2Fnode_modules%2Fjasmine-core%2Flib%2Fjasmine-core%2Fjasmine.js%3Faa6ac7a9fb8b473d3e2ca231cd383b00a811ec49%3A2059%0A%20%20%20%20at%20http%3A%2F%2Flocalhost%3A8080%2Fbase%2Fnode_modules%2Fjasmine-core%2Flib%2Fjasmine-core%2Fjasmine.js%3Faa6ac7a9fb8b473d3e2ca231cd383b00a811ec49%3A2072%0A%20%20%20%20at%20attemptAsync%20(http%3A%2F%2Flocalhost%3A8080%2Fbase%2Fnode_modules%2Fjasmine-core%2Flib%2Fjasmine-core%2Fjasmine.js%3Faa6ac7a9fb8b473d3e2ca231cd383b00a811ec49%3A1789)%0A%20%20%20%20at%20http%3A%2F%2Flocalhost%3A8080%2Fbase%2Fnode_modules%2Fjasmine-core%2Flib%2Fjasmine-core%2Fjasmine.js%3Faa6ac7a9fb8b473d3e2ca231cd383b00a811ec49%3A1745%0A%20%20%20%20at%20http%3A%2F%2Flocalhost%3A8080%2Fbase%2Fnode_modules%2Fjasmine-core%2Flib%2Fjasmine-core%2Fjasmine.js%3Faa6ac7a9fb8b473d3e2ca231cd383b00a811ec49%3A1771%0A%20%20%20%20at%20http%3A%2F%2Flocalhost%3A8080%2Fbase%2Fnode_modules%2Fjasmine-core%2Flib%2Fjasmine-core%2Fjasmine.js%3Faa6ac7a9fb8b473d3e2ca231cd383b00a811ec49%3A1716%0A%20%20%20%20at%20complete%20(http%3A%2F%2Flocalhost%3A8080%2Fbase%2Fnode_modules%2Fjasmine-core%2Flib%2Fjasmine-core%2Fjasmine.js%3Faa6ac7a9fb8b473d3e2ca231cd383b00a811ec49%3A2067)%0A%20%20%20%20at%20clearStack%20(http%3A%2F%2Flocalhost%3A8080%2Fbase%2Fnode_modules%2Fjasmine-core%2Flib%2Fjasmine-core%2Fjasmine.js%3Faa6ac7a9fb8b473d3e2ca231cd383b00a811ec49%3A555)%0A%20%20%20%20at%20http%3A%2F%2Flocalhost%3A8080%2Fbase%2Fnode_modules%2Fjasmine-core%2Flib%2Fjasmine-core%2Fjasmine.js%3Faa6ac7a9fb8b473d3e2ca231cd383b00a811ec49%3A1754%0A%20%20%20%20at%20http%3A%2F%2Flocalhost%3A8080%2Fbase%2Fnode_modules%2Fjasmine-core%2Flib%2Fjasmine-core%2Fjasmine.js%3Faa6ac7a9fb8b473d3e2ca231cd383b00a811ec49%3A1771%0A%20%20%20%20at%20http%3A%2F%2Flocalhost%3A8080%2Fbase%2Fnode_modules%2Fjasmine-core%2Flib%2Fjasmine-core%2Fjasmine.js%3Faa6ac7a9fb8b473d3e2ca231cd383b00a811ec49%3A1716%0A%20%20%20%20at%20complete%20(http%3A%2F%2Flocalhost%3A8080%2Fbase%2Fnode_modules%2Fjasmine-core%2Flib%2Fjasmine-core%2Fjasmine.js%3Faa6ac7a9fb8b473d3e2ca231cd383b00a811ec49%3A330)%0A%20%20%20%20at%20clearStack%20(http%3A%2F%2Flocalhost%3A8080%2Fbase%2Fnode_modules%2Fjasmine-core%2Flib%2Fjasmine-core%2Fjasmine.js%3Faa6ac7a9fb8b473d3e2ca231cd383b00a811ec49%3A555)%0A%20%20%20%20at%20http%3A%2F%2Flocalhost%3A8080%2Fbase%2Fnode_modules%2Fjasmine-core%2Flib%2Fjasmine-core%2Fjasmine.js%3Faa6ac7a9fb8b473d3e2ca231cd383b00a811ec49%3A1754%0A%20%20%20%20at%20http%3A%2F%2Flocalhost%3A8080%2Fbase%2Fnode_modules%2Fjasmine-core%2Flib%2Fjasmine-core%2Fjasmine.js%3Faa6ac7a9fb8b473d3e2ca231cd383b00a811ec49%3A1733%0A%20%20%20%20at%20http%3A%2F%2Flocalhost%3A8080%2Fbase%2Fnode_modules%2Fjasmine-core%2Flib%2Fjasmine-core%2Fjasmine.js%3Faa6ac7a9fb8b473d3e2ca231cd383b00a811ec49%3A569%0A%20%20%20%20at%20http%3A%2F%2Flocalhost%3A8080%2Fbase%2Fnode_modules%2Fjasmine-core%2Flib%2Fjasmine-core%2Fjasmine.js%3Faa6ac7a9fb8b473d3e2ca231cd383b00a811ec49%3A322%0A%20%20%20%20at%20http%3A%2F%2Flocalhost%3A8080%2Fbase%2Fnode_modules%2Fjasmine-core%2Flib%2Fjasmine-core%2Fjasmine.js%3Faa6ac7a9fb8b473d3e2ca231cd383b00a811ec49%3A2072%0A%20%20%20%20at%20attemptAsync%20(http%3A%2F%2Flocalhost%3A8080%2Fbase%2Fnode_modules%2Fjasmine-core%2Flib%2Fjasmine-core%2Fjasmine.js%3Faa6ac7a9fb8b473d3e2ca231cd383b00a811ec49%3A1789)%0A%20%20%20%20at%20http%3A%2F%2Flocalhost%3A8080%2Fbase%2Fnode_modules%2Fjasmine-core%2Flib%2Fjasmine-core%2Fjasmine.js%3Faa6ac7a9fb8b473d3e2ca231cd383b00a811ec49%3A1745%0A%20%20%20%20at%20http%3A%2F%2Flocalhost%3A8080%2Fbase%2Fnode_modules%2Fjasmine-core%2Flib%2Fjasmine-core%2Fjasmine.js%3Faa6ac7a9fb8b473d3e2ca231cd383b00a811ec49%3A1733%0A%20%20%20%20at%20http%3A%2F%2Flocalhost%3A8080%2Fbase%2Fnode_modules%2Fjasmine-core%2Flib%2Fjasmine-core%2Fjasmine.js%3Faa6ac7a9fb8b473d3e2ca231cd383b00a811ec49%3A569%0A%20%20%20%20at%20http%3A%2F%2Flocalhost%3A8080%2Fbase%2Fnode_modules%2Fjasmine-core%2Flib%2Fjasmine-core%2Fjasmine.js%3Faa6ac7a9fb8b473d3e2ca231cd383b00a811ec49%3A2059%0A%20%20%20%20at%20http%3A%2F%2Flocalhost%3A8080%2Fbase%2Fnode_modules%2Fjasmine-core%2Flib%2Fjasmine-core%2Fjasmine.js%3Faa6ac7a9fb8b473d3e2ca231cd383b00a811ec49%3A2072%0A%20%20%20%20at%20attemptAsync%20(http%3A%2F%2Flocalhost%3A8080%2Fbase%2Fnode_modules%2Fjasmine-core%2Flib%2Fjasmine-core%2Fjasmine.js%3Faa6ac7a9fb8b473d3e2ca231cd383b00a811ec49%3A1789)%0A%20%20%20%20at%20http%3A%2F%2Flocalhost%3A8080%2Fbase%2Fnode_modules%2Fjasmine-core%2Flib%2Fjasmine-core%2Fjasmine.js%3Faa6ac7a9fb8b473d3e2ca231cd383b00a811ec49%3A1745%0A%20%20%20%20at%20http%3A%2F%2Flocalhost%3A8080%2Fbase%2Fnode_modules%2Fjasmine-core%2Flib%2Fjasmine-core%2Fjasmine.js%3Faa6ac7a9fb8b473d3e2ca231cd383b00a811ec49%3A1733%0A%20%20%20%20at%20http%3A%2F%2Flocalhost%3A8080%2Fbase%2Fnode_modules%2Fjasmine-core%2Flib%2Fjasmine-core%2Fjasmine.js%3Faa6ac7a9fb8b473d3e2ca231cd383b00a811ec49%3A569%0A%20%20%20%20at%20http%3A%2F%2Flocalhost%3A8080%2Fbase%2Fnode_modules%2Fjasmine-core%2Flib%2Fjasmine-core%2Fjasmine.js%3Faa6ac7a9fb8b473d3e2ca231cd383b00a811ec49%3A2059%0A%20%20%20%20at%20http%3A%2F%2Flocalhost%3A8080%2Fbase%2Fnode_modules%2Fjasmine-core%2Flib%2Fjasmine-core%2Fjasmine.js%3Faa6ac7a9fb8b473d3e2ca231cd383b00a811ec49%3A599%0A%20%20%20%20at%20attemptAsync%20(http%3A%2F%2Flocalhost%3A8080%2Fbase%2Fnode_modules%2Fjasmine-core%2Flib%2Fjasmine-core%2Fjasmine.js%3Faa6ac7a9fb8b473d3e2ca231cd383b00a811ec49%3A1789)%0A%20%20%20%20at%20http%3A%2F%2Flocalhost%3A8080%2Fbase%2Fnode_modules%2Fjasmine-core%2Flib%2Fjasmine-core%2Fjasmine.js%3Faa6ac7a9fb8b473d3e2ca231cd383b00a811ec49%3A1745%0A%20%20%20%20at%20http%3A%2F%2Flocalhost%3A8080%2Fbase%2Fnode_modules%2Fjasmine-core%2Flib%2Fjasmine-core%2Fjasmine.js%3Faa6ac7a9fb8b473d3e2ca231cd383b00a811ec49%3A1733%0A%20%20%20%20at%20http%3A%2F%2Flocalhost%3A8080%2Fbase%2Fnode_modules%2Fjasmine-core%2Flib%2Fjasmine-core%2Fjasmine.js%3Faa6ac7a9fb8b473d3e2ca231cd383b00a811ec49%3A569%0A%20%20%20%20at%20http%3A%2F%2Flocalhost%3A8080%2Fbase%2Fnode_modules%2Fjasmine-core%2Flib%2Fjasmine-core%2Fjasmine.js%3Faa6ac7a9fb8b473d3e2ca231cd383b00a811ec49%3A606%0A%20%20%20%20at%20http%3A%2F%2Flocalhost%3A8080%2Fbase%2Fnode_modules%2Fkarma-jasmine%2Flib%2Fboot.js%3F925440973c97e93b99c71f4b1091e4ef4a713597%3A126%0A%20%20%20%20at%20http%3A%2F%2Flocalhost%3A8080%2Fbase%2Fnode_modules%2Fkarma-jasmine%2Flib%2Fadapter.js%3Ff5bb63f803b8f4d472730641a2929add290ec98e%3A184%0A%20%20%20%20at%20http%3A%2F%2Flocalhost%3A8080%2Fkarma.js%3A185%0A%20%20%20%20at%20http%3A%2F%2Flocalhost%3A8080%2Fcontext.html%3A63%0Ahttp%3A%2F%2Ferrors.angularjs.org%2F1.3.8%2F%24injector%2Fmodulerr%3Fp0%3DuiGmapgoogle-maps%26p1%3DError%253A%2520%255B%2524injector%253Anomod%255D%2520Module%2520'uiGmapgoogle-maps'%2520is%2520not%2520available!%2520You%2520either%2520misspelled%2520the%2520module%2520name%2520or%2520forgot%2520to%2520load%2520it.%2520If%2520registering%2520a%2520module%2520ensure%2520that%2520you%2520specify%2520the%2520dependencies%2520as%2520the%2520second%2520argument.%250Ahttp%253A%252F%252Ferrors.angularjs.org%252F1.3.8%252F%2524injector%252Fnomod%253Fp0%253DuiGmapgoogle-maps%250A%2520%2520%2520%2520at%2520http%253A%252F%252Flocalhost%253A8080%252Fbase%252Fbower_components%252Fangular%252Fangular.js%253Febb86f089066f7089a249e390e64bcab67622158%253A1766%250A%2520%2520%2520%2520at%2520ensure%2520(http%253A%252F%252Flocalhost%253A8080%252Fbase%252Fbower_components%252Fangular%252Fangular.js%253Febb86f089066f7089a249e390e64bcab67622158%253A1688)%250A%2520%2520%2520%2520at%2520module%2520(http%253A%252F%252Flocalhost%253A8080%252Fbase%252Fbower_components%252Fangular%252Fangular.js%253Febb86f089066f7089a249e390e64bcab67622158%253A1984)%250A%2520%2520%2520%2520at%2520http%253A%252F%252Flocalhost%253A8080%252Fbase%252Fbower_components%252Fangular%252Fangular.js%253Febb86f089066f7089a249e390e64bcab67622158%253A4094%250A%2520%2520%2520%2520at%2520forEach%2520(http%253A%252F%252Flocalhost%253A8080%252Fbase%252Fbower_components%252Fangular%252Fangular.js%253Febb86f089066f7089a249e390e64bcab67622158%253A323)%250A%2520%2520%2520%2520at%2520loadModules%2520(http%253A%252F%252Flocalhost%253A8080%252Fbase%252Fbower_components%252Fangular%252Fangular.js%253Febb86f089066f7089a249e390e64bcab67622158%253A4120)%250A%2520%2520%2520%2520at%2520http%253A%252F%252Flocalhost%253A8080%252Fbase%252Fbower_components%252Fangular%252Fangular.js%253Febb86f089066f7089a249e390e64bcab67622158%253A4095%250A%2520%2520%2520%2520at%2520forEach%2520(http%253A%252F%252Flocalhost%253A8080%252Fbase%252Fbower_components%252Fangular%252Fangular.js%253Febb86f089066f7089a249e390e64bcab67622158%253A323)%250A%2520%2520%2520%2520at%2520loadModules%2520(http%253A%252F%252Flocalhost%253A8080%252Fbase%252Fbower_components%252Fangular%252Fangular.js%253Febb86f089066f7089a249e390e64bcab67622158%253A4120)%250A%2520%2520%2520%2520at%2520createInjector%2520(http%253A%252F%252Flocalhost%253A8080%252Fbase%252Fbower_components%252Fangular%252Fangular.js%253Febb86f089066f7089a249e390e64bcab67622158%253A4004)%250A%2520%2520%2520%2520at%2520workFn%2520(http%253A%252F%252Flocalhost%253A8080%252Fbase%252Fbower_components%252Fangular-mocks%252Fangular-mocks.js%253Fb01a9cf8de7de4def103da067347cb07fe247c96%253A2339)%250A%2520%2520%2520%2520at%2520attemptSync%2520(http%253A%252F%252Flocalhost%253A8080%252Fbase%252Fnode_modules%252Fjasmine-core%252Flib%252Fjasmine-core%252Fjasmine.js%253Faa6ac7a9fb8b473d3e2ca231cd383b00a811ec49%253A1759)%250A%2520%2520%2520%2520at%2520http%253A%252F%252Flocalhost%253A8080%252Fbase%252Fnode_modules%252Fjasmine-core%252Flib%252Fjasmine-core%252Fjasmine.js%253Faa6ac7a9fb8b473d3e2ca231cd383b00a811ec49%253A1747%250A%2520%2520%2520%2520at%2520http%253A%252F%252Flocalhost%253A8080%252Fbase%252Fnode_modules%252Fjasmine-core%252Flib%252Fjasmine-core%252Fjasmine.js%253Faa6ac7a9fb8b473d3e2ca231cd383b00a811ec49%253A1733%250A%2520%2520%2520%2520at%2520http%253A%252F%252Flocalhost%253A8080%252Fbase%252Fnode_modules%252Fjasmine-core%252Flib%252Fjasmine-core%252Fjasmine.js%253Faa6ac7a9fb8b473d3e2ca231cd383b00a811ec49%253A569%250A%2520%2520%2520%2520at%2520http%253A%252F%252Flocalhost%253A8080%252Fbase%252Fnode_modules%252Fjasmine-core%252Flib%252Fjasmine-core%252Fjasmine.js%253Faa6ac7a9fb8b473d3e2ca231cd383b00a811ec49%253A322%250A%2520%2520%2520%2520at%2520http%253A%252F%252Flocalhost%253A8080%252Fbase%252Fnode_modules%252Fjasmine-core%252Flib%252Fjasmine-core%252Fjasmine.js%253Faa6ac7a9fb8b473d3e2ca231cd383b00a811ec49%253A2072%250A%2520%2520%2520%2520at%2520attemptAsync%2520(http%253A%252F%252Flocalhost%253A8080%252Fbase%252Fnode_modules%252Fjasmine-core%252Flib%252Fjasmine-core%252Fjasmine.js%253Faa6ac7a9fb8b473d3e2ca231cd383b00a811ec49%253A1789)%250A%2520%2520%2520%2520at%2520http%253A%252F%252Flocalhost%253A8080%252Fbase%252Fnode_modules%252Fjasmine-core%252Flib%252Fjasmine-core%252Fjasmine.js%253Faa6ac7a9fb8b473d3e2ca231cd383b00a811ec49%253A1745%250A%2520%2520%2520%2520at%2520http%253A%252F%252Flocalhost%253A8080%252Fbase%252Fnode_modules%252Fjasmine-core%252Flib%252Fjasmine-core%252Fjasmine.js%253Faa6ac7a9fb8b473d3e2ca231cd383b00a811ec49%253A1733%250A%2520%2520%2520%2520at%2520http%253A%252F%252Flocalhost%253A8080%252Fbase%252Fnode_modules%252Fjasmine-core%252Flib%252Fjasmine-core%252Fjasmine.js%253Faa6ac7a9fb8b473d3e2ca231cd383b00a811ec49%253A569%250A%2520%2520%2520%2520at%2520http%253A%252F%252Flocalhost%253A8080%252Fbase%252Fnode_modules%252Fjasmine-core%252Flib%252Fjasmine-core%252Fjasmine.js%253Faa6ac7a9fb8b473d3e2ca231cd383b00a811ec49%253A2059%250A%2520%2520%2520%2520at%2520http%253A%252F%252Flocalhost%253A8080%252Fbase%252Fnode_modules%252Fjasmine-core%252Flib%252Fjasmine-core%252Fjasmine.js%253Faa6ac7a9fb8b473d3e2ca231cd383b00a811ec49%253A2072%250A%2520%2520%2520%2520at%2520attemptAsync%2520(http%253A%252F%252Flocalhost%253A8080%252Fbase%252Fnode_modules%252Fjasmine-core%252Flib%252Fjasmine-core%252Fjasmine.js%253Faa6ac7a9fb8b473d3e2ca231cd383b00a811ec49%253A1789)%250A%2520%2520%2520%2520at%2520http%253A%252F%252Flocalhost%253A8080%252Fbase%252Fnode_modules%252Fjasmine-core%252Flib%252Fjasmine-core%252Fjasmine.js%253Faa6ac7a9fb8b473d3e2ca231cd383b00a811ec49%253A1745%250A%2520%2520%2520%2520at%2520http%253A%252F%252Flocalhost%253A8080%252Fbase%252Fnode_modules%252Fjasmine-core%252Flib%252Fjasmine-core%252Fjasmine.js%253Faa6ac7a9fb8b473d3e2ca231cd383b00a811ec49%253A1771%250A%2520%2520%2520%2520at%2520http%253A%252F%252Flocalhost%253A8080%252Fbase%252Fnode_modules%252Fjasmine-core%252Flib%252Fjasmine-core%252Fjasmine.js%253Faa6ac7a9fb8b473d3e2ca231cd383b00a811ec49%253A1716%250A%2520%2520%2520%2520at%2520complete%2520(http%253A%252F%252Flocalhost%253A8080%252Fbase%252Fnode_modules%252Fjasmine-core%252Flib%252Fjasmine-core%252Fjasmine.js%253Faa6ac7a9fb8b473d3e2ca231cd383b00a811ec49%253A2067)%250A%2520%2520%2520%2520at%2520clearStack%2520(http%253A%252F%252Flocalhost%253A8080%252Fbase%252Fnode_modules%252Fjasmine-core%252Flib%252Fjasmine-core%252Fjasmine.js%253Faa6ac7a9fb8b473d3e2ca231cd383b00a811ec49%253A555)%250A%2520%2520%2520%2520at%2520http%253A%252F%252Flocalhost%253A8080%252Fbase%252Fnode_modules%252Fjasmine-core%252Flib%252Fjasmine-core%252Fjasmine.js%253Faa6ac7a9fb8b473d3e2ca231cd383b00a811ec49%253A1754%250A%2520%2520%2520%2520at%2520http%253A%252F%252Flocalhost%253A8080%252Fbase%252Fnode_modules%252Fjasmine-core%252Flib%252Fjasmine-core%252Fjasmine.js%253Faa6ac7a9fb8b473d3e2ca231cd383b00a811ec49%253A1771%250A%2520%2520%2520%2520at%2520http%253A%252F%252Flocalhost%253A8080%252Fbase%252Fnode_modules%252Fjasmine-core%252Flib%252Fjasmine-core%252Fjasmine.js%253Faa6ac7a9fb8b473d3e2ca231cd383b00a811ec49%253A1716%250A%2520%2520%2520%2520at%2520complete%2520(http%253A%252F%252Flocalhost%253A8080%252Fbase%252Fnode_modules%252Fjasmine-core%252Flib%252Fjasmine-core%252Fjasmine.js%253Faa6ac7a9fb8b473d3e2ca231cd383b00a811ec49%253A330)%250A%2520%2520%2520%2520at%2520clearStack%2520(http%253A%252F%252Flocalhost%253A8080%252Fbase%252Fnode_modules%252Fjasmine-core%252Flib%252Fjasmine-core%252Fjasmine.js%253Faa6ac7a9fb8b473d3e2ca231cd383b00a811ec49%253A555)%250A%2520%2520%2520%2520at%2520http%253A%252F%252Flocalhost%253A8080%252Fbase%252Fnode_modules%252Fjasmine-core%252Flib%252Fjasmine-core%252Fjasmine.js%253Faa6ac7a9fb8b473d3e2ca231cd383b00a811ec49%253A1754%250A%2520%2520%2520%2520at%2520http%253A%252F%252Flocalhost%253A8080%252Fbase%252Fnode_modules%252Fjasmine-core%252Flib%252Fjasmine-core%252Fjasmine.js%253Faa6ac7a9fb8b473d3e2ca231cd383b00a811ec49%253A1733%250A%2520%2520%2520%2520at%2520http%253A%252F%252Flocalhost%253A8080%252Fbase%252Fnode_modules%252Fjasmine-core%252Flib%252Fjasmine-core%252Fjasmine.js%253Faa6ac7a9fb8b473d3e2ca231cd383b00a811ec49%253A569%250A%2520%2520%2520%2520at%2520http%253A%252F%252Flocalhost%253A8080%252Fbase%252Fnode_modules%252Fjasmine-core%252Flib%252Fjasmine-core%252Fjasmine.js%253Faa6ac7a9fb8b473d3e2ca231cd383b00a811ec49%253A322%250A%2520%2520%2520%2520at%2520http%253A%252F%252Flocalhost%253A8080%252Fbase%252Fnode_modules%252Fjasmine-core%252Flib%252Fjasmine-core%252Fjasmine.js%253Faa6ac7a9fb8b473d3e2ca231cd383b00a811ec49%253A2072%250A%2520%2520%2520%2520at%2520attemptAsync%2520(http%253A%252F%252Flocalhost%253A8080%252Fbase%252Fnode_modules%252Fjasmine-core%252Flib%252Fjasmine-core%252Fjasmine.js%253Faa6ac7a9fb8b473d3e2ca231cd383b00a811ec49%253A1789)%250A%2520%2520%2520%2520at%2520http%253A%252F%252Flocalhost%253A8080%252Fbase%252Fnode_modules%252Fjasmine-core%252Flib%252Fjasmine-core%252Fjasmine.js%253Faa6ac7a9fb8b473d3e2ca231cd383b00a811ec49%253A1745%250A%2520%2520%2520%2520at%2520http%253A%252F%252Flocalhost%253A8080%252Fbase%252Fnode_modules%252Fjasmine-core%252Flib%252Fjasmine-core%252Fjasmine.js%253Faa6ac7a9fb8b473d3e2ca231cd383b00a811ec49%253A1733%250A%2520%2520%2520%2520at%2520http%253A%252F%252Flocalhost%253A8080%252Fbase%252Fnode_modules%252Fjasmine-core%252Flib%252Fjasmine-core%252Fjasmine.js%253Faa6ac7a9fb8b473d3e2ca231cd383b00a811ec49%253A569%250A%2520%2520%2520%2520at%2520http%253A%252F%252Flocalhost%253A8080%252Fbase%252Fnode_modules%252Fjasmine-core%252Flib%252Fjasmine-core%252Fjasmine.js%253Faa6ac7a9fb8b473d3e2ca231cd383b00a811ec49%253A2059%250A%2520%2520%2520%2520at%2520http%253A%252F%252Flocalhost%253A8080%252Fbase%252Fnode_modules%252Fjasmine-core%252Flib%252Fjasmine-core%252Fjasmine.js%253Faa6ac7a9fb8b473d3e2ca231cd383b00a811ec49%253A2072%250A%2520%2520%2520%2520at%2520attemptAsync%2520(http%253A%252F%252Flocalhost%253A8080%252Fbase%252Fnode_modules%252Fjasmine-core%252Flib%252Fjasmine-core%252Fjasmine.js%253Faa6ac7a9fb8b473d3e2ca231cd383b00a811ec49%253A1789)%250A%2520%2520%2520%2520at%2520http%253A%252F%252Flocalhost%253A8080%252Fbase%252Fnode_modules%252Fjasmine-core%252Flib%252Fjasmine-core%252Fjasmine.js%253Faa6ac7a9fb8b473d3e2ca231cd383b00a811ec49%253A1745%250A%2520%2520%2520%2520at%2520http%253A%252F%252Flocalhost%253A8080%252Fbase%252Fnode_modules%252Fjasmine-core%252Flib%252Fjasmine-core%252Fjasmine.js%253Faa6ac7a9fb8b473d3e2ca231cd383b00a811ec49%253A1771%250A%2520%2520%2520%2520at%2520http%253A%252F%252Flocalhost%253A8080%252Fbase%252Fnode_modules%252Fjasmine-core%252Flib%252Fjasmine-core%252Fjasmine.js%253Faa6ac7a9fb8b473d3e2ca231cd383b00a811ec49%253A1716%250A%2520%2520%2520%2520at%2520complete%2520(http%253A%252F%252Flocalhost%253A8080%252Fbase%252Fnode_modules%252Fjasmine-core%252Flib%252Fjasmine-core%252Fjasmine.js%253Faa6ac7a9fb8b473d3e2ca231cd383b00a811ec49%253A2067)%250A%2520%2520%2520%2520at%2520clearStack%2520(http%253A%252F%252Flocalhost%253A8080%252Fbase%252Fnode_modules%252Fjasmine-core%252Flib%252Fjasmine-core%252Fjasmine.js%253Faa6ac7a9fb8b473d3e2ca231cd383b00a811ec49%253A555)%250A%2520%2520%2520%2520at%2520http%253A%252F%252Flocalhost%253A8080%252Fbase%252Fnode_modules%252Fjasmine-core%252Flib%252Fjasmine-core%252Fjasmine.js%253Faa6ac7a9fb8b473d3e2ca231cd383b00a811ec49%253A1754%250A%2520%2520%2520%2520at%2520http%253A%252F%252Flocalhost%253A8080%252Fbase%252Fnode_modules%252Fjasmine-core%252Flib%252Fjasmine-core%252Fjasmine.js%253Faa6ac7a9fb8b473d3e2ca231cd383b00a811ec49%253A1771%250A%2520%2520%2520%2520at%2520http%253A%252F%252Flocalhost%253A8080%252Fbase%252Fnode_modules%252Fjasmine-core%252Flib%252Fjasmine-core%252Fjasmine.js%253Faa6ac7a9fb8b473d3e2ca231cd383b00a811ec49%253A1716%250A%2520%2520%2520%2520at%2520complete%2520(http%253A%252F%252Flocalhost%253A8080%252Fbase%252Fnode_modules%252Fjasmine-core%252Flib%252Fjasmine-core%252Fjasmine.js%253Faa6ac7a9fb8b473d3e2ca231cd383b00a811ec49%253A330)%250A%2520%2520%2520%2520at%2520clearStack%2520(http%253A%252F%252Flocalhost%253A8080%252Fbase%252Fnode_modules%252Fjasmine-core%252Flib%252Fjasmine-core%252Fjasmine.js%253Faa6ac7a9fb8b473d3e2ca231cd383b00a811ec49%253A555)%250A%2520%2520%2520%2520at%2520http%253A%252F%252Flocalhost%253A8080%252Fbase%252Fnode_modules%252Fjasmine-core%252Flib%252Fjasmine-core%252Fjasmine.js%253Faa6ac7a9fb8b473d3e2ca231cd383b00a811ec49%253A1754%250A%2520%2520%2520%2520at%2520http%253A%252F%252Flocalhost%253A8080%252Fbase%252Fnode_modules%252Fjasmine-core%252Flib%252Fjasmine-core%252Fjasmine.js%253Faa6ac7a9fb8b473d3e2ca231cd383b00a811ec49%253A1733%250A%2520%2520%2520%2520at%2520http%253A%252F%252Flocalhost%253A8080%252Fbase%252Fnode_modules%252Fjasmine-core%252Flib%252Fjasmine-core%252Fjasmine.js%253Faa6ac7a9fb8b473d3e2ca231cd383b00a811ec49%253A569%250A%2520%2520%2520%2520at%2520http%253A%252F%252Flocalhost%253A8080%252Fbase%252Fnode_modules%252Fjasmine-core%252Flib%252Fjasmine-core%252Fjasmine.js%253Faa6ac7a9fb8b473d3e2ca231cd383b00a811ec49%253A322%250A%2520%2520%2520%2520at%2520http%253A%252F%252Flocalhost%253A8080%252Fbase%252Fnode_modules%252Fjasmine-core%252Flib%252Fjasmine-core%252Fjasmine.js%253Faa6ac7a9fb8b473d3e2ca231cd383b00a811ec49%253A2072%250A%2520%2520%2520%2520at%2520attemptAsync%2520(http%253A%252F%252Flocalhost%253A8080%252Fbase%252Fnode_modules%252Fjasmine-core%252Flib%252Fjasmine-core%252Fjasmine.js%253Faa6ac7a9fb8b473d3e2ca231cd383b00a811ec49%253A1789)%250A%2520%2520%2520%2520at%2520http%253A%252F%252Flocalhost%253A8080%252Fbase%252Fnode_modules%252Fjasmine-core%252Flib%252Fjasmine-core%252Fjasmine.js%253Faa6ac7a9fb8b473d3e2ca231cd383b00a811ec49%253A1745%250A%2520%2520%2520%2520at%2520http%253A%252F%252Flocalhost%253A8080%252Fbase%252Fnode_modules%252Fjasmine-core%252Flib%252Fjasmine-core%252Fjasmine.js%253Faa6ac7a9fb8b473d3e2ca231cd383b00a811ec49%253A1733%250A%2520%2520%2520%2520at%2520http%253A%252F%252Flocalhost%253A8080%252Fbase%252Fnode_modules%252Fjasmine-core%252Flib%252Fjasmine-core%252Fjasmine.js%253Faa6ac7a9fb8b473d3e2ca231cd383b00a811ec49%253A569%250A%2520%2520%2520%2520at%2520http%253A%252F%252Flocalhost%253A8080%252Fbase%252Fnode_modules%252Fjasmine-core%252Flib%252Fjasmine-core%252Fjasmine.js%253Faa6ac7a9fb8b473d3e2ca231cd383b00a811ec49%253A2059%250A%2520%2520%2520%2520at%2520http%253A%252F%252Flocalhost%253A8080%252Fbase%252Fnode_modules%252Fjasmine-core%252Flib%252Fjasmine-core%252Fjasmine.js%253Faa6ac7a9fb8b473d3e2ca231cd383b00a811ec49%253A2072%250A%2520%2520%2520%2520at%2520attemptAsync%2520(http%253A%252F%252Flocalhost%253A8080%252Fbase%252Fnode_modules%252Fjasmine-core%252Flib%252Fjasmine-core%252Fjasmine.js%253Faa6ac7a9fb8b473d3e2ca231cd383b00a811ec49%253A1789)%250A%2520%2520%2520%2520at%2520http%253A%252F%252Flocalhost%253A8080%252Fbase%252Fnode_modules%252Fjasmine-core%252Flib%252Fjasmine-core%252Fjasmine.js%253Faa6ac7a9fb8b473d3e2ca231cd383b00a811ec49%253A1745%250A%2520%2520%2520%2520at%2520http%253A%252F%252Flocalhost%253A8080%252Fbase%252Fnode_modules%252Fjasmine-core%252Flib%252Fjasmine-core%252Fjasmine.js%253Faa6ac7a9fb8b473d3e2ca231cd383b00a811ec49%253A1733%250A%2520%2520%2520%2520at%2520http%253A%252F%252Flocalhost%253A8080%252Fbase%252Fnode_modules%252Fjasmine-core%252Flib%252Fjasmine-core%252Fjasmine.js%253Faa6ac7a9fb8b473d3e2ca231cd383b00a811ec49%253A569%250A%2520%2520%2520%2520at%2520http%253A%252F%252Flocalhost%253A8080%252Fbase%252Fnode_modules%252Fjasmine-core%252Flib%252Fjasmine-core%252Fjasmine.js%253Faa6ac7a9fb8b473d3e2ca231cd383b00a811ec49%253A2059%250A%2520%2520%2520%2520at%2520http%253A%252F%252Flocalhost%253A8080%252Fbase%252Fnode_modules%252Fjasmine-core%252Flib%252Fjasmine-core%252Fjasmine.js%253Faa6ac7a9fb8b473d3e2ca231cd383b00a811ec49%253A599%250A%2520%2520%2520%2520at%2520attemptAsync%2520(http%253A%252F%252Flocalhost%253A8080%252Fbase%252Fnode_modules%252Fjasmine-core%252Flib%252Fjasmine-core%252Fjasmine.js%253Faa6ac7a9fb8b473d3e2ca231cd383b00a811ec49%253A1789)%250A%2520%2520%2520%2520at%2520http%253A%252F%252Flocalhost%253A8080%252Fbase%252Fnode_modules%252Fjasmine-core%252Flib%252Fjasmine-core%252Fjasmine.js%253Faa6ac7a9fb8b473d3e2ca231cd383b00a811ec49%253A1745%250A%2520%2520%2520%2520at%2520http%253A%252F%252Flocalhost%253A8080%252Fbase%252Fnode_modules%252Fjasmine-core%252Flib%252Fjasmine-core%252Fjasmine.js%253Faa6ac7a9fb8b473d3e2ca231cd383b00a811ec49%253A1733%250A%2520%2520%2520%2520at%2520http%253A%252F%252Flocalhost%253A8080%252Fbase%252Fnode_modules%252Fjasmine-core%252Flib%252Fjasmine-core%252Fjasmine.js%253Faa6ac7a9fb8b473d3e2ca231cd383b00a811ec49%253A569%250A%2520%2520%2520%2520at%2520http%253A%252F%252Flocalhost%253A8080%252Fbase%252Fnode_modules%252Fjasmine-core%252Flib%252Fjasmine-core%252Fjasmine.js%253Faa6ac7a9fb8b473d3e2ca231cd383b00a811ec49%253A606%250A%2520%2520%2520%2520at%2520http%253A%252F%252Flocalhost%253A8080%252Fbase%252Fnode_modules%252Fkarma-jasmine%252Flib%252Fboot.js%253F925440973c97e93b99c71f4b1091e4ef4a713597%253A126%250A%2520%2520%2520%2520at%2520http%253A%252F%252Flocalhost%253A8080%252Fbase%252Fnode_modules%252Fkarma-jasmine%252Flib%252Fadapter.js%253Ff5bb63f803b8f4d472730641a2929add290ec98e%253A184%250A%2520%2520%2520%2520at%2520http%253A%252F%252Flocalhost%253A8080%252Fkarma.js%253A185%250A%2520%2520%2520%2520at%2520http%253A%252F%252Flocalhost%253A8080%252Fcontext.html%253A63%0A%20%20%20%20at%20http%3A%2F%2Flocalhost%3A8080%2Fbase%2Fbower_components%2Fangular%2Fangular.js%3Febb86f089066f7089a249e390e64bcab67622158%3A4118%0A%20%20%20%20at%20forEach%20(http%3A%2F%2Flocalhost%3A8080%2Fbase%2Fbower_components%2Fangular%2Fangular.js%3Febb86f089066f7089a249e390e64bcab67622158%3A323)%0A%20%20%20%20at%20loadModules%20(http%3A%2F%2Flocalhost%3A8080%2Fbase%2Fbower_components%2Fangular%2Fangular.js%3Febb86f089066f7089a249e390e64bcab67622158%3A4120)%0A%20%20%20%20at%20http%3A%2F%2Flocalhost%3A8080%2Fbase%2Fbower_components%2Fangular%2Fangular.js%3Febb86f089066f7089a249e390e64bcab67622158%3A4095%0A%20%20%20%20at%20forEach%20(http%3A%2F%2Flocalhost%3A8080%2Fbase%2Fbower_components%2Fangular%2Fangular.js%3Febb86f089066f7089a249e390e64bcab67622158%3A323)%0A%20%20%20%20at%20loadModules%20(http%3A%2F%2Flocalhost%3A8080%2Fbase%2Fbower_components%2Fangular%2Fangular.js%3Febb86f089066f7089a249e390e64bcab67622158%3A4120)%0A%20%20%20%20at%20createInjector%20(http%3A%2F%2Flocalhost%3A8080%2Fbase%2Fbower_components%2Fangular%2Fangular.js%3Febb86f089066f7089a249e390e64bcab67622158%3A4004)%0A%20%20%20%20at%20workFn%20(http%3A%2F%2Flocalhost%3A8080%2Fbase%2Fbower_components%2Fangular-mocks%2Fangular-mocks.js%3Fb01a9cf8de7de4def103da067347cb07fe247c96%3A2339)%0A%20%20%20%20at%20attemptSync%20(http%3A%2F%2Flocalhost%3A8080%2Fbase%2Fnode_modules%2Fjasmine-core%2Flib%2Fjasmine-core%2Fjasmine.js%3Faa6ac7a9fb8b473d3e2ca231cd383b00a811ec49%3A1759)%0A%20%20%20%20at%20http%3A%2F%2Flocalhost%3A8080%2Fbase%2Fnode_modules%2Fjasmine-core%2Flib%2Fjasmine-core%2Fjasmine.js%3Faa6ac7a9fb8b473d3e2ca231cd383b00a811ec49%3A1747%0A%20%20%20%20at%20http%3A%2F%2Flocalhost%3A8080%2Fbase%2Fnode_modules%2Fjasmine-core%2Flib%2Fjasmine-core%2Fjasmine.js%3Faa6ac7a9fb8b473d3e2ca231cd383b00a811ec49%3A1733%0A%20%20%20%20at%20http%3A%2F%2Flocalhost%3A8080%2Fbase%2Fnode_modules%2Fjasmine-core%2Flib%2Fjasmine-core%2Fjasmine.js%3Faa6ac7a9fb8b473d3e2ca231cd383b00a811ec49%3A569%0A%20%20%20%20at%20http%3A%2F%2Flocalhost%3A8080%2Fbase%2Fnode_modules%2Fjasmine-core%2Flib%2Fjasmine-core%2Fjasmine.js%3Faa6ac7a9fb8b473d3e2ca231cd383b00a811ec49%3A322%0A%20%20%20%20at%20http%3A%2F%2Flocalhost%3A8080%2Fbase%2Fnode_modules%2Fjasmine-core%2Flib%2Fjasmine-core%2Fjasmine.js%3Faa6ac7a9fb8b473d3e2ca231cd383b00a811ec49%3A2072%0A%20%20%20%20at%20attemptAsync%20(http%3A%2F%2Flocalhost%3A8080%2Fbase%2Fnode_modules%2Fjasmine-core%2Flib%2Fjasmine-core%2Fjasmine.js%3Faa6ac7a9fb8b473d3e2ca231cd383b00a811ec49%3A1789)%0A%20%20%20%20at%20http%3A%2F%2Flocalhost%3A8080%2Fbase%2Fnode_modules%2Fjasmine-core%2Flib%2Fjasmine-core%2Fjasmine.js%3Faa6ac7a9fb8b473d3e2ca231cd383b00a811ec49%3A1745%0A%20%20%20%20at%20http%3A%2F%2Flocalhost%3A8080%2Fbase%2Fnode_modules%2Fjasmine-core%2Flib%2Fjasmine-core%2Fjasmine.js%3Faa6ac7a9fb8b473d3e2ca231cd383b00a811ec49%3A1733%0A%20%20%20%20at%20http%3A%2F%2Flocalhost%3A8080%2Fbase%2Fnode_modules%2Fjasmine-core%2Flib%2Fjasmine-core%2Fjasmine.js%3Faa6ac7a9fb8b473d3e2ca231cd383b00a811ec49%3A569%0A%20%20%20%20at%20http%3A%2F%2Flocalhost%3A8080%2Fbase%2Fnode_modules%2Fjasmine-core%2Flib%2Fjasmine-core%2Fjasmine.js%3Faa6ac7a9fb8b473d3e2ca231cd383b00a811ec49%3A2059%0A%20%20%20%20at%20http%3A%2F%2Flocalhost%3A8080%2Fbase%2Fnode_modules%2Fjasmine-core%2Flib%2Fjasmine-core%2Fjasmine.js%3Faa6ac7a9fb8b473d3e2ca231cd383b00a811ec49%3A2072%0A%20%20%20%20at%20attemptAsync%20(http%3A%2F%2Flocalhost%3A8080%2Fbase%2Fnode_modules%2Fjasmine-core%2Flib%2Fjasmine-core%2Fjasmine.js%3Faa6ac7a9fb8b473d3e2ca231cd383b00a811ec49%3A1789)%0A%20%20%20%20at%20http%3A%2F%2Flocalhost%3A8080%2Fbase%2Fnode_modules%2Fjasmine-core%2Flib%2Fjasmine-core%2Fjasmine.js%3Faa6ac7a9fb8b473d3e2ca231cd383b00a811ec49%3A1745%0A%20%20%20%20at%20http%3A%2F%2Flocalhost%3A8080%2Fbase%2Fnode_modules%2Fjasmine-core%2Flib%2Fjasmine-core%2Fjasmine.js%3Faa6ac7a9fb8b473d3e2ca231cd383b00a811ec49%3A1771%0A%20%20%20%20at%20http%3A%2F%2Flocalhost%3A8080%2Fbase%2Fnode_modules%2Fjasmine-core%2Flib%2Fjasmine-core%2Fjasmine.js%3Faa6ac7a9fb8b473d3e2ca231cd383b00a811ec49%3A1716%0A%20%20%20%20at%20complete%20(http%3A%2F%2Flocalhost%3A8080%2Fbase%2Fnode_modules%2Fjasmine-core%2Flib%2Fjasmine-core%2Fjasmine.js%3Faa6ac7a9fb8b473d3e2ca231cd383b00a811ec49%3A2067)%0A%20%20%20%20at%20clearStack%20(http%3A%2F%2Flocalhost%3A8080%2Fbase%2Fnode_modules%2Fjasmine-core%2Flib%2Fjasmine-core%2Fjasmine.js%3Faa6ac7a9fb8b473d3e2ca231cd383b00a811ec49%3A555)%0A%20%20%20%20at%20http%3A%2F%2Flocalhost%3A8080%2Fbase%2Fnode_modules%2Fjasmine-core%2Flib%2Fjasmine-core%2Fjasmine.js%3Faa6ac7a9fb8b473d3e2ca231cd383b00a811ec49%3A1754%0A%20%20%20%20at%20http%3A%2F%2Flocalhost%3A8080%2Fbase%2Fnode_modules%2Fjasmine-core%2Flib%2Fjasmine-core%2Fjasmine.js%3Faa6ac7a9fb8b473d3e2ca231cd383b00a811ec49%3A1771%0A%20%20%20%20at%20http%3A%2F%2Flocalhost%3A8080%2Fbase%2Fnode_modules%2Fjasmine-core%2Flib%2Fjasmine-core%2Fjasmine.js%3Faa6ac7a9fb8b473d3e2ca231cd383b00a811ec49%3A1716%0A%20%20%20%20at%20complete%20(http%3A%2F%2Flocalhost%3A8080%2Fbase%2Fnode_modules%2Fjasmine-core%2Flib%2Fjasmine-core%2Fjasmine.js%3Faa6ac7a9fb8b473d3e2ca231cd383b00a811ec49%3A330)%0A%20%20%20%20at%20clearStack%20(http%3A%2F%2Flocalhost%3A8080%2Fbase%2Fnode_modules%2Fjasmine-core%2Flib%2Fjasmine-core%2Fjasmine.js%3Faa6ac7a9fb8b473d3e2ca231cd383b00a811ec49%3A555)%0A%20%20%20%20at%20http%3A%2F%2Flocalhost%3A8080%2Fbase%2Fnode_modules%2Fjasmine-core%2Flib%2Fjasmine-core%2Fjasmine.js%3Faa6ac7a9fb8b473d3e2ca231cd383b00a811ec49%3A1754%0A%20%20%20%20at%20http%3A%2F%2Flocalhost%3A8080%2Fbase%2Fnode_modules%2Fjasmine-core%2Flib%2Fjasmine-core%2Fjasmine.js%3Faa6ac7a9fb8b473d3e2ca231cd383b00a811ec49%3A1733%0A%20%20%20%20at%20http%3A%2F%2Flocalhost%3A8080%2Fbase%2Fnode_modules%2Fjasmine-core%2Flib%2Fjasmine-core%2Fjasmine.js%3Faa6ac7a9fb8b473d3e2ca231cd383b00a811ec49%3A569%0A%20%20%20%20at%20http%3A%2F%2Flocalhost%3A8080%2Fbase%2Fnode_modules%2Fjasmine-core%2Flib%2Fjasmine-core%2Fjasmine.js%3Faa6ac7a9fb8b473d3e2ca231cd383b00a811ec49%3A322%0A%20%20%20%20at%20http%3A%2F%2Flocalhost%3A8080%2Fbase%2Fnode_modules%2Fjasmine-core%2Flib%2Fjasmine-core%2Fjasmine.js%3Faa6ac7a9fb8b473d3e2ca231cd383b00a811ec49%3A2072%0A%20%20%20%20at%20attemptAsync%20(http%3A%2F%2Flocalhost%3A8080%2Fbase%2Fnode_modules%2Fjasmine-core%2Flib%2Fjasmine-core%2Fjasmine.js%3Faa6ac7a9fb8b473d3e2ca231cd383b00a811ec49%3A1789)%0A%20%20%20%20at%20http%3A%2F%2Flocalhost%3A8080%2Fbase%2Fnode_modules%2Fjasmine-core%2Flib%2Fjasmine-core%2Fjasmine.js%3Faa6ac7a9fb8b473d3e2ca231cd383b00a811ec49%3A1745%0A%20%20%20%20at%20http%3A%2F%2Flocalhost%3A8080%2Fbase%2Fnode_modules%2Fjasmine-core%2Flib%2Fjasmine-core%2Fjasmine.js%3Faa6ac7a9fb8b473d3e2ca231cd383b00a811ec49%3A1733%0A%20%20%20%20at%20http%3A%2F%2Flocalhost%3A8080%2Fbase%2Fnode_modules%2Fjasmine-core%2Flib%2Fjasmine-core%2Fjasmine.js%3Faa6ac7a9fb8b473d3e2ca231cd383b00a811ec49%3A569%0A%20%20%20%20at%20http%3A%2F%2Flocalhost%3A8080%2Fbase%2Fnode_modules%2Fjasmine-core%2Flib%2Fjasmine-core%2Fjasmine.js%3Faa6ac7a9fb8b473d3e2ca231cd383b00a811ec49%3A2059%0A%20%20%20%20at%20http%3A%2F%2Flocalhost%3A8080%2Fbase%2Fnode_modules%2Fjasmine-core%2Flib%2Fjasmine-core%2Fjasmine.js%3Faa6ac7a9fb8b473d3e2ca231cd383b00a811ec49%3A2072%0A%20%20%20%20at%20attemptAsync%20(http%3A%2F%2Flocalhost%3A8080%2Fbase%2Fnode_modules%2Fjasmine-core%2Flib%2Fjasmine-core%2Fjasmine.js%3Faa6ac7a9fb8b473d3e2ca231cd383b00a811ec49%3A1789)%0A%20%20%20%20at%20http%3A%2F%2Flocalhost%3A8080%2Fbase%2Fnode_modules%2Fjasmine-core%2Flib%2Fjasmine-core%2Fjasmine.js%3Faa6ac7a9fb8b473d3e2ca231cd383b00a811ec49%3A1745%0A%20%20%20%20at%20http%3A%2F%2Flocalhost%3A8080%2Fbase%2Fnode_modules%2Fjasmine-core%2Flib%2Fjasmine-core%2Fjasmine.js%3Faa6ac7a9fb8b473d3e2ca231cd383b00a811ec49%3A1771%0A%20%20%20%20at%20http%3A%2F%2Flocalhost%3A8080%2Fbase%2Fnode_modules%2Fjasmine-core%2Flib%2Fjasmine-core%2Fjasmine.js%3Faa6ac7a9fb8b473d3e2ca231cd383b00a811ec49%3A1716%0A%20%20%20%20at%20complete%20(http%3A%2F%2Flocalhost%3A8080%2Fbase%2Fnode_modules%2Fjasmine-core%2Flib%2Fjasmine-core%2Fjasmine.js%3Faa6ac7a9fb8b473d3e2ca231cd383b00a811ec49%3A2067)%0A%20%20%20%20at%20clearStack%20(http%3A%2F%2Flocalhost%3A8080%2Fbase%2Fnode_modules%2Fjasmine-core%2Flib%2Fjasmine-core%2Fjasmine.js%3Faa6ac7a9fb8b473d3e2ca231cd383b00a811ec49%3A555)%0A%20%20%20%20at%20http%3A%2F%2Flocalhost%3A8080%2Fbase%2Fnode_modules%2Fjasmine-core%2Flib%2Fjasmine-core%2Fjasmine.js%3Faa6ac7a9fb8b473d3e2ca231cd383b00a811ec49%3A1754%0A%20%20%20%20at%20http%3A%2F%2Flocalhost%3A8080%2Fbase%2Fnode_modules%2Fjasmine-core%2Flib%2Fjasmine-core%2Fjasmine.js%3Faa6ac7a9fb8b473d3e2ca231cd383b00a811ec49%3A1771%0A%20%20%20%20at%20http%3A%2F%2Flocalhost%3A8080%2Fbase%2Fnode_modules%2Fjasmine-core%2Flib%2Fjasmine-core%2Fjasmine.js%3Faa6ac7a9fb8b473d3e2ca231cd383b00a811ec49%3A1716%0A%20%20%20%20at%20complete%20(http%3A%2F%2Flocalhost%3A8080%2Fbase%2Fnode_modules%2Fjasmine-core%2Flib%2Fjasmine-core%2Fjasmine.js%3Faa6ac7a9fb8b473d3e2ca231cd383b00a811ec49%3A330)%0A%20%20%20%20at%20clearStack%20(http%3A%2F%2Flocalhost%3A8080%2Fbase%2Fnode_modules%2Fjasmine-core%2Flib%2Fjasmine-core%2Fjasmine.js%3Faa6ac7a9fb8b473d3e2ca231cd383b00a811ec49%3A555)%0A%20%20%20%20at%20http%3A%2F%2Flocalhost%3A8080%2Fbase%2Fnode_modules%2Fjasmine-core%2Flib%2Fjasmine-core%2Fjasmine.js%3Faa6ac7a9fb8b473d3e2ca231cd383b00a811ec49%3A1754%0A%20%20%20%20at%20http%3A%2F%2Flocalhost%3A8080%2Fbase%2Fnode_modules%2Fjasmine-core%2Flib%2Fjasmine-core%2Fjasmine.js%3Faa6ac7a9fb8b473d3e2ca231cd383b00a811ec49%3A1733%0A%20%20%20%20at%20http%3A%2F%2Flocalhost%3A8080%2Fbase%2Fnode_modules%2Fjasmine-core%2Flib%2Fjasmine-core%2Fjasmine.js%3Faa6ac7a9fb8b473d3e2ca231cd383b00a811ec49%3A569%0A%20%20%20%20at%20http%3A%2F%2Flocalhost%3A8080%2Fbase%2Fnode_modules%2Fjasmine-core%2Flib%2Fjasmine-core%2Fjasmine.js%3Faa6ac7a9fb8b473d3e2ca231cd383b00a811ec49%3A322%0A%20%20%20%20at%20http%3A%2F%2Flocalhost%3A8080%2Fbase%2Fnode_modules%2Fjasmine-core%2Flib%2Fjasmine-core%2Fjasmine.js%3Faa6ac7a9fb8b473d3e2ca231cd383b00a811ec49%3A2072%0A%20%20%20%20at%20attemptAsync%20(http%3A%2F%2Flocalhost%3A8080%2Fbase%2Fnode_modules%2Fjasmine-core%2Flib%2Fjasmine-core%2Fjasmine.js%3Faa6ac7a9fb8b473d3e2ca231cd383b00a811ec49%3A1789)%0A%20%20%20%20at%20http%3A%2F%2Flocalhost%3A8080%2Fbase%2Fnode_modules%2Fjasmine-core%2Flib%2Fjasmine-core%2Fjasmine.js%3Faa6ac7a9fb8b473d3e2ca231cd383b00a811ec49%3A1745%0A%20%20%20%20at%20http%3A%2F%2Flocalhost%3A8080%2Fbase%2Fnode_modules%2Fjasmine-core%2Flib%2Fjasmine-core%2Fjasmine.js%3Faa6ac7a9fb8b473d3e2ca231cd383b00a811ec49%3A1733%0A%20%20%20%20at%20http%3A%2F%2Flocalhost%3A8080%2Fbase%2Fnode_modules%2Fjasmine-core%2Flib%2Fjasmine-core%2Fjasmine.js%3Faa6ac7a9fb8b473d3e2ca231cd383b00a811ec49%3A569%0A%20%20%20%20at%20http%3A%2F%2Flocalhost%3A8080%2Fbase%2Fnode_modules%2Fjasmine-core%2Flib%2Fjasmine-core%2Fjasmine.js%3Faa6ac7a9fb8b473d3e2ca231cd383b00a811ec49%3A2059%0A%20%20%20%20at%20http%3A%2F%2Flocalhost%3A8080%2Fbase%2Fnode_modules%2Fjasmine-core%2Flib%2Fjasmine-core%2Fjasmine.js%3Faa6ac7a9fb8b473d3e2ca231cd383b00a811ec49%3A2072%0A%20%20%20%20at%20attemptAsync%20(http%3A%2F%2Flocalhost%3A8080%2Fbase%2Fnode_modules%2Fjasmine-core%2Flib%2Fjasmine-core%2Fjasmine.js%3Faa6ac7a9fb8b473d3e2ca231cd383b00a811ec49%3A1789)%0A%20%20%20%20at%20http%3A%2F%2Flocalhost%3A8080%2Fbase%2Fnode_modules%2Fjasmine-core%2Flib%2Fjasmine-core%2Fjasmine.js%3Faa6ac7a9fb8b473d3e2ca231cd383b00a811ec49%3A1745%0A%20%20%20%20at%20http%3A%2F%2Flocalhost%3A8080%2Fbase%2Fnode_modules%2Fjasmine-core%2Flib%2Fjasmine-core%2Fjasmine.js%3Faa6ac7a9fb8b473d3e2ca231cd383b00a811ec49%3A1733%0A%20%20%20%20at%20http%3A%2F%2Flocalhost%3A8080%2Fbase%2Fnode_modules%2Fjasmine-core%2Flib%2Fjasmine-core%2Fjasmine.js%3Faa6ac7a9fb8b473d3e2ca231cd383b00a811ec49%3A569%0A%20%20%20%20at%20http%3A%2F%2Flocalhost%3A8080%2Fbase%2Fnode_modules%2Fjasmine-core%2Flib%2Fjasmine-core%2Fjasmine.js%3Faa6ac7a9fb8b473d3e2ca231cd383b00a811ec49%3A2059%0A%20%20%20%20at%20http%3A%2F%2Flocalhost%3A8080%2Fbase%2Fnode_modules%2Fjasmine-core%2Flib%2Fjasmine-core%2Fjasmine.js%3Faa6ac7a9fb8b473d3e2ca231cd383b00a811ec49%3A599%0A%20%20%20%20at%20attemptAsync%20(http%3A%2F%2Flocalhost%3A8080%2Fbase%2Fnode_modules%2Fjasmine-core%2Flib%2Fjasmine-core%2Fjasmine.js%3Faa6ac7a9fb8b473d3e2ca231cd383b00a811ec49%3A1789)%0A%20%20%20%20at%20http%3A%2F%2Flocalhost%3A8080%2Fbase%2Fnode_modules%2Fjasmine-core%2Flib%2Fjasmine-core%2Fjasmine.js%3Faa6ac7a9fb8b473d3e2ca231cd383b00a811ec49%3A1745%0A%20%20%20%20at%20http%3A%2F%2Flocalhost%3A8080%2Fbase%2Fnode_modules%2Fjasmine-core%2Flib%2Fjasmine-core%2Fjasmine.js%3Faa6ac7a9fb8b473d3e2ca231cd383b00a811ec49%3A1733%0A%20%20%20%20at%20http%3A%2F%2Flocalhost%3A8080%2Fbase%2Fnode_modules%2Fjasmine-core%2Flib%2Fjasmine-core%2Fjasmine.js%3Faa6ac7a9fb8b473d3e2ca231cd383b00a811ec49%3A569%0A%20%20%20%20at%20http%3A%2F%2Flocalhost%3A8080%2Fbase%2Fnode_modules%2Fjasmine-core%2Flib%2Fjasmine-core%2Fjasmine.js%3Faa6ac7a9fb8b473d3e2ca231cd383b00a811ec49%3A606%0A%20%20%20%20at%20http%3A%2F%2Flocalhost%3A8080%2Fbase%2Fnode_modules%2Fkarma-jasmine%2Flib%2Fboot.js%3F925440973c97e93b99c71f4b1091e4ef4a713597%3A126%0A%20%20%20%20at%20http%3A%2F%2Flocalhost%3A8080%2Fbase%2Fnode_modules%2Fkarma-jasmine%2Flib%2Fadapter.js%3Ff5bb63f803b8f4d472730641a2929add290ec98e%3A184%0A%20%20%20%20at%20http%3A%2F%2Flocalhost%3A8080%2Fkarma.js%3A185%0A%20%20%20%20at%20http%3A%2F%2Flocalhost%3A8080%2Fcontext.html%3A63
	    at /home/maxeemus/projects/angular/yotest/bower_components/angular/angular.js:4118
	    at forEach (/home/maxeemus/projects/angular/yotest/bower_components/angular/angular.js:323)
	    at loadModules (/home/maxeemus/projects/angular/yotest/bower_components/angular/angular.js:4120)
	    at createInjector (/home/maxeemus/projects/angular/yotest/bower_components/angular/angular.js:4004)
	    at workFn (/home/maxeemus/projects/angular/yotest/bower_components/angular-mocks/angular-mocks.js:2339)
	    at /home/maxeemus/projects/angular/yotest/node_modules/karma-jasmine/lib/boot.js:126
	    at /home/maxeemus/projects/angular/yotest/node_modules/karma-jasmine/lib/adapter.js:184
	    at http://localhost:8080/karma.js:185
	    at http://localhost:8080/context.html:63
PhantomJS 1.9.8 (Linux): Executed 3 of 3[31m (3 FAILED)[39m (0 secs / 0.017 secs)
[1A[2KPhantomJS 1.9.8 (Linux): Executed 3 of 3[31m (3 FAILED)[39m[31m ERROR[39m (0.043 secs / 0.017 secs)
[33mWarning: Task "karma:unit" failed. Use --force to continue.[39m

[31mAborted due to warnings.[39m


Execution Time (2014-12-24 20:28:51 UTC)
concurrent:test  2.3s  ▇▇▇▇▇▇▇▇▇▇▇▇▇▇▇▇▇▇▇▇▇▇▇▇▇▇▇▇▇▇▇ 67%
karma:unit       1.1s  ▇▇▇▇▇▇▇▇▇▇▇▇▇▇▇ 31%
Total 3.5s

